Component: ARM Compiler 5.06 update 7 (build 960) Tool: armlink [4d3601]

==============================================================================

Section Cross References

    startup_stm32f103xb.o(STACK) refers (Special) to heapauxi.o(.text) for __use_two_region_memory
    startup_stm32f103xb.o(HEAP) refers (Special) to heapauxi.o(.text) for __use_two_region_memory
    startup_stm32f103xb.o(RESET) refers (Special) to heapauxi.o(.text) for __use_two_region_memory
    startup_stm32f103xb.o(RESET) refers to startup_stm32f103xb.o(STACK) for __initial_sp
    startup_stm32f103xb.o(RESET) refers to startup_stm32f103xb.o(.text) for Reset_Handler
    startup_stm32f103xb.o(RESET) refers to stm32f1xx_it.o(i.NMI_Handler) for NMI_Handler
    startup_stm32f103xb.o(RESET) refers to stm32f1xx_it.o(i.HardFault_Handler) for HardFault_Handler
    startup_stm32f103xb.o(RESET) refers to stm32f1xx_it.o(i.MemManage_Handler) for MemManage_Handler
    startup_stm32f103xb.o(RESET) refers to stm32f1xx_it.o(i.BusFault_Handler) for BusFault_Handler
    startup_stm32f103xb.o(RESET) refers to stm32f1xx_it.o(i.UsageFault_Handler) for UsageFault_Handler
    startup_stm32f103xb.o(RESET) refers to stm32f1xx_it.o(i.SVC_Handler) for SVC_Handler
    startup_stm32f103xb.o(RESET) refers to stm32f1xx_it.o(i.DebugMon_Handler) for DebugMon_Handler
    startup_stm32f103xb.o(RESET) refers to stm32f1xx_it.o(i.PendSV_Handler) for PendSV_Handler
    startup_stm32f103xb.o(RESET) refers to stm32f1xx_it.o(i.SysTick_Handler) for SysTick_Handler
    startup_stm32f103xb.o(RESET) refers to stm32f1xx_it.o(i.DMA1_Channel3_IRQHandler) for DMA1_Channel3_IRQHandler
    startup_stm32f103xb.o(RESET) refers to stm32f1xx_it.o(i.DMA1_Channel5_IRQHandler) for DMA1_Channel5_IRQHandler
    startup_stm32f103xb.o(RESET) refers to stm32f1xx_it.o(i.TIM4_IRQHandler) for TIM4_IRQHandler
    startup_stm32f103xb.o(RESET) refers to stm32f1xx_it.o(i.USART1_IRQHandler) for USART1_IRQHandler
    startup_stm32f103xb.o(.text) refers (Special) to heapauxi.o(.text) for __use_two_region_memory
    startup_stm32f103xb.o(.text) refers to system_stm32f1xx.o(i.SystemInit) for SystemInit
    startup_stm32f103xb.o(.text) refers to __main.o(!!!main) for __main
    startup_stm32f103xb.o(.text) refers to startup_stm32f103xb.o(HEAP) for Heap_Mem
    startup_stm32f103xb.o(.text) refers to startup_stm32f103xb.o(STACK) for Stack_Mem
    main.o(i.HAL_TIM_PeriodElapsedCallback) refers to stm32f1xx_hal_uart.o(i.HAL_UART_Receive_DMA) for HAL_UART_Receive_DMA
    main.o(i.HAL_TIM_PeriodElapsedCallback) refers to mpu6050.o(i.MPU6050_GET_ANGLE) for MPU6050_GET_ANGLE
    main.o(i.HAL_TIM_PeriodElapsedCallback) refers to pid.o(i.PID) for PID
    main.o(i.HAL_TIM_PeriodElapsedCallback) refers to faddsub_clz.o(x$fpl$fadd) for __aeabi_fadd
    main.o(i.HAL_TIM_PeriodElapsedCallback) refers to pid.o(i.Constant) for Constant
    main.o(i.HAL_TIM_PeriodElapsedCallback) refers to stm32f1xx_hal_gpio.o(i.HAL_GPIO_WritePin) for HAL_GPIO_WritePin
    main.o(i.HAL_TIM_PeriodElapsedCallback) refers to ffixu.o(x$fpl$ffixu) for __aeabi_f2uiz
    main.o(i.HAL_TIM_PeriodElapsedCallback) refers to main.o(.data) for .data
    main.o(i.HAL_TIM_PeriodElapsedCallback) refers to main.o(.bss) for .bss
    main.o(i.HAL_UART_RxCpltCallback) refers to stm32f1xx_hal_uart.o(i.HAL_UART_Receive_DMA) for HAL_UART_Receive_DMA
    main.o(i.HAL_UART_RxCpltCallback) refers to main.o(i.Split_String) for Split_String
    main.o(i.HAL_UART_RxCpltCallback) refers to main.o(.bss) for .bss
    main.o(i.HAL_UART_RxCpltCallback) refers to main.o(.data) for .data
    main.o(i.MX_GPIO_Init) refers to stm32f1xx_hal_gpio.o(i.HAL_GPIO_WritePin) for HAL_GPIO_WritePin
    main.o(i.MX_GPIO_Init) refers to stm32f1xx_hal_gpio.o(i.HAL_GPIO_Init) for HAL_GPIO_Init
    main.o(i.MX_TIM2_Init) refers to rt_memclr_w.o(.text) for __aeabi_memclr4
    main.o(i.MX_TIM2_Init) refers to stm32f1xx_hal_tim.o(i.HAL_TIM_Base_Init) for HAL_TIM_Base_Init
    main.o(i.MX_TIM2_Init) refers to stm32f1xx_hal_tim.o(i.HAL_TIM_ConfigClockSource) for HAL_TIM_ConfigClockSource
    main.o(i.MX_TIM2_Init) refers to stm32f1xx_hal_tim.o(i.HAL_TIM_PWM_Init) for HAL_TIM_PWM_Init
    main.o(i.MX_TIM2_Init) refers to stm32f1xx_hal_tim_ex.o(i.HAL_TIMEx_MasterConfigSynchronization) for HAL_TIMEx_MasterConfigSynchronization
    main.o(i.MX_TIM2_Init) refers to stm32f1xx_hal_tim.o(i.HAL_TIM_PWM_ConfigChannel) for HAL_TIM_PWM_ConfigChannel
    main.o(i.MX_TIM2_Init) refers to stm32f1xx_hal_msp.o(i.HAL_TIM_MspPostInit) for HAL_TIM_MspPostInit
    main.o(i.MX_TIM2_Init) refers to main.o(.bss) for .bss
    main.o(i.MX_TIM4_Init) refers to stm32f1xx_hal_tim.o(i.HAL_TIM_Base_Init) for HAL_TIM_Base_Init
    main.o(i.MX_TIM4_Init) refers to stm32f1xx_hal_tim.o(i.HAL_TIM_ConfigClockSource) for HAL_TIM_ConfigClockSource
    main.o(i.MX_TIM4_Init) refers to stm32f1xx_hal_tim_ex.o(i.HAL_TIMEx_MasterConfigSynchronization) for HAL_TIMEx_MasterConfigSynchronization
[...]
    .ARM.Collect$$libshutdown$$00000000      0x08000164   Section        2  libshutdown.o(.ARM.Collect$$libshutdown$$00000000)
    .ARM.Collect$$libshutdown$$00000002      0x08000166   Section        0  libshutdown2.o(.ARM.Collect$$libshutdown$$00000002)
    .ARM.Collect$$libshutdown$$00000004      0x08000166   Section        0  libshutdown2.o(.ARM.Collect$$libshutdown$$00000004)
    .ARM.Collect$$libshutdown$$00000006      0x08000166   Section        0  libshutdown2.o(.ARM.Collect$$libshutdown$$00000006)
    .ARM.Collect$$libshutdown$$00000009      0x08000166   Section        0  libshutdown2.o(.ARM.Collect$$libshutdown$$00000009)
    .ARM.Collect$$libshutdown$$0000000C      0x08000166   Section        0  libshutdown2.o(.ARM.Collect$$libshutdown$$0000000C)
    .ARM.Collect$$libshutdown$$0000000E      0x08000166   Section        0  libshutdown2.o(.ARM.Collect$$libshutdown$$0000000E)
    .ARM.Collect$$libshutdown$$00000011      0x08000166   Section        0  libshutdown2.o(.ARM.Collect$$libshutdown$$00000011)
    .ARM.Collect$$libshutdown$$00000012      0x08000166   Section        2  libshutdown2.o(.ARM.Collect$$libshutdown$$00000012)
    .ARM.Collect$$rtentry$$00000000          0x08000168   Section        0  __rtentry.o(.ARM.Collect$$rtentry$$00000000)
    .ARM.Collect$$rtentry$$00000002          0x08000168   Section        0  __rtentry2.o(.ARM.Collect$$rtentry$$00000002)
    .ARM.Collect$$rtentry$$00000004          0x08000168   Section        6  __rtentry4.o(.ARM.Collect$$rtentry$$00000004)
    .ARM.Collect$$rtentry$$00000009          0x0800016e   Section        0  __rtentry2.o(.ARM.Collect$$rtentry$$00000009)
    .ARM.Collect$$rtentry$$0000000A          0x0800016e   Section        4  __rtentry2.o(.ARM.Collect$$rtentry$$0000000A)
    .ARM.Collect$$rtentry$$0000000C          0x08000172   Section        0  __rtentry2.o(.ARM.Collect$$rtentry$$0000000C)
    .ARM.Collect$$rtentry$$0000000D          0x08000172   Section        8  __rtentry2.o(.ARM.Collect$$rtentry$$0000000D)
    .ARM.Collect$$rtexit$$00000000           0x0800017a   Section        2  rtexit.o(.ARM.Collect$$rtexit$$00000000)
    .ARM.Collect$$rtexit$$00000002           0x0800017c   Section        0  rtexit2.o(.ARM.Collect$$rtexit$$00000002)
    .ARM.Collect$$rtexit$$00000003           0x0800017c   Section        4  rtexit2.o(.ARM.Collect$$rtexit$$00000003)
    .ARM.Collect$$rtexit$$00000004           0x08000180   Section        6  rtexit2.o(.ARM.Collect$$rtexit$$00000004)
    .text                                    0x08000188   Section       64  startup_stm32f103xb.o(.text)
    .text                                    0x080001c8   Section        0  strtok.o(.text)
    .text                                    0x080001d4   Section       78  rt_memclr_w.o(.text)
    .text                                    0x08000222   Section        0  heapauxi.o(.text)
    .text                                    0x08000228   Section        0  _rserrno.o(.text)
    .text                                    0x08000240   Section        0  strtok_int.o(.text)
    .text                                    0x08000284   Section        8  rt_errno_addr_intlibspace.o(.text)
    .text                                    0x0800028c   Section        0  strcspn.o(.text)
    .text                                    0x080002ac   Section        0  strspn.o(.text)
    .text                                    0x080002c8   Section        8  libspace.o(.text)
    .text                                    0x080002d0   Section       74  sys_stackheap_outer.o(.text)
    .text                                    0x0800031a   Section        0  exit.o(.text)
    .text                                    0x0800032c   Section        0  sys_exit.o(.text)
    .text                                    0x08000338   Section        2  use_no_semi.o(.text)
    .text                                    0x0800033a   Section        0  indicate_semi.o(.text)
    i.BusFault_Handler                       0x0800033a   Section        0  stm32f1xx_it.o(i.BusFault_Handler)
    i.Constant                               0x0800033c   Section        0  pid.o(i.Constant)
    i.DMA1_Channel3_IRQHandler               0x08000360   Section        0  stm32f1xx_it.o(i.DMA1_Channel3_IRQHandler)
    i.DMA1_Channel5_IRQHandler               0x0800036c   Section        0  stm32f1xx_it.o(i.DMA1_Channel5_IRQHandler)
    i.DMA_SetConfig                          0x08000378   Section        0  stm32f1xx_hal_dma.o(i.DMA_SetConfig)
    DMA_SetConfig                            0x08000379   Thumb Code    42  stm32f1xx_hal_dma.o(i.DMA_SetConfig)
    i.DebugMon_Handler                       0x080003a2   Section        0  stm32f1xx_it.o(i.DebugMon_Handler)
    i.Error_Handler                          0x080003a4   Section        0  main.o(i.Error_Handler)
    i.HAL_DMA_Abort                          0x080003a8   Section        0  stm32f1xx_hal_dma.o(i.HAL_DMA_Abort)
    i.HAL_DMA_Abort_IT                       0x080003f0   Section        0  stm32f1xx_hal_dma.o(i.HAL_DMA_Abort_IT)
    i.HAL_DMA_IRQHandler                     0x08000488   Section        0  stm32f1xx_hal_dma.o(i.HAL_DMA_IRQHandler)
    i.HAL_DMA_Init                           0x080005dc   Section        0  stm32f1xx_hal_dma.o(i.HAL_DMA_Init)
    i.HAL_DMA_Start_IT                       0x08000638   Section        0  stm32f1xx_hal_dma.o(i.HAL_DMA_Start_IT)
    i.HAL_GPIO_Init                          0x080006a8   Section        0  stm32f1xx_hal_gpio.o(i.HAL_GPIO_Init)
    i.HAL_GPIO_WritePin                      0x08000888   Section        0  stm32f1xx_hal_gpio.o(i.HAL_GPIO_WritePin)
    i.HAL_GetTick                            0x08000894   Section        0  stm32f1xx_hal.o(i.HAL_GetTick)
    i.HAL_I2C_Init                           0x080008a0   Section        0  stm32f1xx_hal_i2c.o(i.HAL_I2C_Init)
    i.HAL_I2C_Mem_Read                       0x08000a28   Section        0  stm32f1xx_hal_i2c.o(i.HAL_I2C_Mem_Read)
    i.HAL_I2C_Mem_Write                      0x08000c78   Section        0  stm32f1xx_hal_i2c.o(i.HAL_I2C_Mem_Write)
    i.HAL_I2C_MspInit                        0x08000da8   Section        0  stm32f1xx_hal_msp.o(i.HAL_I2C_MspInit)
    i.HAL_IncTick                            0x08000e04   Section        0  stm32f1xx_hal.o(i.HAL_IncTick)
    i.HAL_Init                               0x08000e14   Section        0  stm32f1xx_hal.o(i.HAL_Init)
    i.HAL_InitTick                           0x08000e38   Section        0  stm32f1xx_hal.o(i.HAL_InitTick)
    i.HAL_MspInit                            0x08000e78   Section        0  stm32f1xx_hal_msp.o(i.HAL_MspInit)
    i.HAL_NVIC_EnableIRQ                     0x08000eb4   Section        0  stm32f1xx_hal_cortex.o(i.HAL_NVIC_EnableIRQ)
    i.HAL_NVIC_SetPriority                   0x08000ed0   Section        0  stm32f1xx_hal_cortex.o(i.HAL_NVIC_SetPriority)
    i.HAL_NVIC_SetPriorityGrouping           0x08000f10   Section        0  stm32f1xx_hal_cortex.o(i.HAL_NVIC_SetPriorityGrouping)
    i.HAL_RCC_ClockConfig                    0x08000f34   Section        0  stm32f1xx_hal_rcc.o(i.HAL_RCC_ClockConfig)
    i.HAL_RCC_GetPCLK1Freq                   0x08001060   Section        0  stm32f1xx_hal_rcc.o(i.HAL_RCC_GetPCLK1Freq)
    i.HAL_RCC_GetPCLK2Freq                   0x08001080   Section        0  stm32f1xx_hal_rcc.o(i.HAL_RCC_GetPCLK2Freq)
    i.HAL_RCC_GetSysClockFreq                0x080010a0   Section        0  stm32f1xx_hal_rcc.o(i.HAL_RCC_GetSysClockFreq)
    i.HAL_RCC_OscConfig                      0x0800110c   Section        0  stm32f1xx_hal_rcc.o(i.HAL_RCC_OscConfig)
    i.HAL_SYSTICK_Config                     0x0800142c   Section        0  stm32f1xx_hal_cortex.o(i.HAL_SYSTICK_Config)
    i.HAL_TIMEx_BreakCallback                0x08001454   Section        0  stm32f1xx_hal_tim_ex.o(i.HAL_TIMEx_BreakCallback)
    i.HAL_TIMEx_CommutCallback               0x08001456   Section        0  stm32f1xx_hal_tim_ex.o(i.HAL_TIMEx_CommutCallback)
    i.HAL_TIMEx_MasterConfigSynchronization  0x08001458   Section        0  stm32f1xx_hal_tim_ex.o(i.HAL_TIMEx_MasterConfigSynchronization)
    i.HAL_TIM_Base_Init                      0x080014c0   Section        0  stm32f1xx_hal_tim.o(i.HAL_TIM_Base_Init)
    i.HAL_TIM_Base_MspInit                   0x0800151c   Section        0  stm32f1xx_hal_msp.o(i.HAL_TIM_Base_MspInit)
    i.HAL_TIM_Base_Start_IT                  0x0800156c   Section        0  stm32f1xx_hal_tim.o(i.HAL_TIM_Base_Start_IT)
    i.HAL_TIM_ConfigClockSource              0x080015c4   Section        0  stm32f1xx_hal_tim.o(i.HAL_TIM_ConfigClockSource)
    i.HAL_TIM_IC_CaptureCallback             0x0800169a   Section        0  stm32f1xx_hal_tim.o(i.HAL_TIM_IC_CaptureCallback)
    i.HAL_TIM_IRQHandler                     0x0800169c   Section        0  stm32f1xx_hal_tim.o(i.HAL_TIM_IRQHandler)
    i.HAL_TIM_MspPostInit                    0x08001804   Section        0  stm32f1xx_hal_msp.o(i.HAL_TIM_MspPostInit)
    i.HAL_TIM_OC_DelayElapsedCallback        0x0800184c   Section        0  stm32f1xx_hal_tim.o(i.HAL_TIM_OC_DelayElapsedCallback)
    i.HAL_TIM_PWM_ConfigChannel              0x0800184e   Section        0  stm32f1xx_hal_tim.o(i.HAL_TIM_PWM_ConfigChannel)
    i.HAL_TIM_PWM_Init                       0x08001914   Section        0  stm32f1xx_hal_tim.o(i.HAL_TIM_PWM_Init)
    i.HAL_TIM_PWM_MspInit                    0x0800196e   Section        0  stm32f1xx_hal_tim.o(i.HAL_TIM_PWM_MspInit)
    i.HAL_TIM_PWM_PulseFinishedCallback      0x08001970   Section        0  stm32f1xx_hal_tim.o(i.HAL_TIM_PWM_PulseFinishedCallback)
    i.HAL_TIM_PWM_Start                      0x08001974   Section        0  stm32f1xx_hal_tim.o(i.HAL_TIM_PWM_Start)
    i.HAL_TIM_PeriodElapsedCallback          0x08001a10   Section        0  main.o(i.HAL_TIM_PeriodElapsedCallback)
    i.HAL_TIM_TriggerCallback                0x08001bc8   Section        0  stm32f1xx_hal_tim.o(i.HAL_TIM_TriggerCallback)
    i.HAL_UARTEx_RxEventCallback             0x08001bca   Section        0  stm32f1xx_hal_uart.o(i.HAL_UARTEx_RxEventCallback)
    i.HAL_UART_ErrorCallback                 0x08001bcc   Section        0  stm32f1xx_hal_uart.o(i.HAL_UART_ErrorCallback)
    i.HAL_UART_IRQHandler                    0x08001bd0   Section        0  stm32f1xx_hal_uart.o(i.HAL_UART_IRQHandler)
    i.HAL_UART_Init                          0x08001ddc   Section        0  stm32f1xx_hal_uart.o(i.HAL_UART_Init)
    i.HAL_UART_MspInit                       0x08001e40   Section        0  stm32f1xx_hal_msp.o(i.HAL_UART_MspInit)
    i.HAL_UART_Receive_DMA                   0x08001f78   Section        0  stm32f1xx_hal_uart.o(i.HAL_UART_Receive_DMA)
    i.HAL_UART_RxCpltCallback                0x08001fa4   Section        0  main.o(i.HAL_UART_RxCpltCallback)
    i.HAL_UART_RxHalfCpltCallback            0x08001fe4   Section        0  stm32f1xx_hal_uart.o(i.HAL_UART_RxHalfCpltCallback)
    i.HAL_UART_TxCpltCallback                0x08001fe6   Section        0  stm32f1xx_hal_uart.o(i.HAL_UART_TxCpltCallback)
    i.HardFault_Handler                      0x08001fe8   Section        0  stm32f1xx_it.o(i.HardFault_Handler)
    i.I2C_IsAcknowledgeFailed                0x08001fea   Section        0  stm32f1xx_hal_i2c.o(i.I2C_IsAcknowledgeFailed)
    I2C_IsAcknowledgeFailed                  0x08001feb   Thumb Code    46  stm32f1xx_hal_i2c.o(i.I2C_IsAcknowledgeFailed)
    i.I2C_RequestMemoryRead                  0x08002018   Section        0  stm32f1xx_hal_i2c.o(i.I2C_RequestMemoryRead)
    I2C_RequestMemoryRead                    0x08002019   Thumb Code   246  stm32f1xx_hal_i2c.o(i.I2C_RequestMemoryRead)
    i.I2C_RequestMemoryWrite                 0x08002114   Section        0  stm32f1xx_hal_i2c.o(i.I2C_RequestMemoryWrite)
    I2C_RequestMemoryWrite                   0x08002115   Thumb Code   162  stm32f1xx_hal_i2c.o(i.I2C_RequestMemoryWrite)
    i.I2C_WaitOnBTFFlagUntilTimeout          0x080021bc   Section        0  stm32f1xx_hal_i2c.o(i.I2C_WaitOnBTFFlagUntilTimeout)
    I2C_WaitOnBTFFlagUntilTimeout            0x080021bd   Thumb Code    76  stm32f1xx_hal_i2c.o(i.I2C_WaitOnBTFFlagUntilTimeout)
    i.I2C_WaitOnFlagUntilTimeout             0x08002208   Section        0  stm32f1xx_hal_i2c.o(i.I2C_WaitOnFlagUntilTimeout)
    I2C_WaitOnFlagUntilTimeout               0x08002209   Thumb Code   104  stm32f1xx_hal_i2c.o(i.I2C_WaitOnFlagUntilTimeout)
    i.I2C_WaitOnMasterAddressFlagUntilTimeout 0x08002270   Section        0  stm32f1xx_hal_i2c.o(i.I2C_WaitOnMasterAddressFlagUntilTimeout)
    I2C_WaitOnMasterAddressFlagUntilTimeout  0x08002271   Thumb Code   150  stm32f1xx_hal_i2c.o(i.I2C_WaitOnMasterAddressFlagUntilTimeout)
    i.I2C_WaitOnRXNEFlagUntilTimeout         0x08002306   Section        0  stm32f1xx_hal_i2c.o(i.I2C_WaitOnRXNEFlagUntilTimeout)
    I2C_WaitOnRXNEFlagUntilTimeout           0x08002307   Thumb Code   102  stm32f1xx_hal_i2c.o(i.I2C_WaitOnRXNEFlagUntilTimeout)
    i.I2C_WaitOnTXEFlagUntilTimeout          0x0800236c   Section        0  stm32f1xx_hal_i2c.o(i.I2C_WaitOnTXEFlagUntilTimeout)
    I2C_WaitOnTXEFlagUntilTimeout            0x0800236d   Thumb Code    76  stm32f1xx_hal_i2c.o(i.I2C_WaitOnTXEFlagUntilTimeout)
    i.Kalman_getAngle                        0x080023b8   Section        0  mpu6050.o(i.Kalman_getAngle)
    i.MPU6050_GET_ANGLE                      0x080024cc   Section        0  mpu6050.o(i.MPU6050_GET_ANGLE)
    i.MPU6050_Init                           0x08002588   Section        0  mpu6050.o(i.MPU6050_Init)
    i.MPU6050_Read_Accel                     0x08002614   Section        0  mpu6050.o(i.MPU6050_Read_Accel)
    i.MPU6050_Read_Gyro                      0x08002680   Section        0  mpu6050.o(i.MPU6050_Read_Gyro)
    i.MX_GPIO_Init                           0x08002700   Section        0  main.o(i.MX_GPIO_Init)
    MX_GPIO_Init                             0x08002701   Thumb Code   102  main.o(i.MX_GPIO_Init)
    i.MX_TIM2_Init                           0x08002770   Section        0  main.o(i.MX_TIM2_Init)
    MX_TIM2_Init                             0x08002771   Thumb Code   162  main.o(i.MX_TIM2_Init)
    i.MX_TIM4_Init                           0x08002818   Section        0  main.o(i.MX_TIM4_Init)
    MX_TIM4_Init                             0x08002819   Thumb Code    94  main.o(i.MX_TIM4_Init)
    i.MemManage_Handler                      0x08002880   Section        0  stm32f1xx_it.o(i.MemManage_Handler)
    i.NMI_Handler                            0x08002882   Section        0  stm32f1xx_it.o(i.NMI_Handler)
    i.PID                                    0x08002884   Section        0  pid.o(i.PID)
    i.PendSV_Handler                         0x080028fc   Section        0  stm32f1xx_it.o(i.PendSV_Handler)
    i.SVC_Handler                            0x080028fe   Section        0  stm32f1xx_it.o(i.SVC_Handler)
    i.Split_String                           0x08002900   Section        0  main.o(i.Split_String)
    i.SysTick_Handler                        0x08002954   Section        0  stm32f1xx_it.o(i.SysTick_Handler)
    i.SystemClock_Config                     0x08002958   Section        0  main.o(i.SystemClock_Config)
    i.SystemInit                             0x080029b6   Section        0  system_stm32f1xx.o(i.SystemInit)
    i.TIM4_IRQHandler                        0x080029b8   Section        0  stm32f1xx_it.o(i.TIM4_IRQHandler)
    i.TIM_Base_SetConfig                     0x080029c4   Section        0  stm32f1xx_hal_tim.o(i.TIM_Base_SetConfig)
    i.TIM_CCxChannelCmd                      0x08002a30   Section        0  stm32f1xx_hal_tim.o(i.TIM_CCxChannelCmd)
    i.TIM_ETR_SetConfig                      0x08002a4a   Section        0  stm32f1xx_hal_tim.o(i.TIM_ETR_SetConfig)
    i.TIM_ITRx_SetConfig                     0x08002a5e   Section        0  stm32f1xx_hal_tim.o(i.TIM_ITRx_SetConfig)
    TIM_ITRx_SetConfig                       0x08002a5f   Thumb Code    16  stm32f1xx_hal_tim.o(i.TIM_ITRx_SetConfig)
    i.TIM_OC1_SetConfig                      0x08002a70   Section        0  stm32f1xx_hal_tim.o(i.TIM_OC1_SetConfig)
    TIM_OC1_SetConfig                        0x08002a71   Thumb Code    74  stm32f1xx_hal_tim.o(i.TIM_OC1_SetConfig)
    i.TIM_OC2_SetConfig                      0x08002ac0   Section        0  stm32f1xx_hal_tim.o(i.TIM_OC2_SetConfig)
    i.TIM_OC3_SetConfig                      0x08002b18   Section        0  stm32f1xx_hal_tim.o(i.TIM_OC3_SetConfig)
    TIM_OC3_SetConfig                        0x08002b19   Thumb Code    82  stm32f1xx_hal_tim.o(i.TIM_OC3_SetConfig)
    i.TIM_OC4_SetConfig                      0x08002b70   Section        0  stm32f1xx_hal_tim.o(i.TIM_OC4_SetConfig)
    TIM_OC4_SetConfig                        0x08002b71   Thumb Code    64  stm32f1xx_hal_tim.o(i.TIM_OC4_SetConfig)
    i.TIM_TI1_ConfigInputStage               0x08002bb4   Section        0  stm32f1xx_hal_tim.o(i.TIM_TI1_ConfigInputStage)
    TIM_TI1_ConfigInputStage                 0x08002bb5   Thumb Code    34  stm32f1xx_hal_tim.o(i.TIM_TI1_ConfigInputStage)
    i.TIM_TI2_ConfigInputStage               0x08002bd6   Section        0  stm32f1xx_hal_tim.o(i.TIM_TI2_ConfigInputStage)
    TIM_TI2_ConfigInputStage                 0x08002bd7   Thumb Code    36  stm32f1xx_hal_tim.o(i.TIM_TI2_ConfigInputStage)
    i.UART_DMAAbortOnError                   0x08002bfa   Section        0  stm32f1xx_hal_uart.o(i.UART_DMAAbortOnError)
    UART_DMAAbortOnError                     0x08002bfb   Thumb Code    16  stm32f1xx_hal_uart.o(i.UART_DMAAbortOnError)
    i.UART_DMAError                          0x08002c0a   Section        0  stm32f1xx_hal_uart.o(i.UART_DMAError)
    UART_DMAError                            0x08002c0b   Thumb Code    74  stm32f1xx_hal_uart.o(i.UART_DMAError)
    i.UART_DMAReceiveCplt                    0x08002c54   Section        0  stm32f1xx_hal_uart.o(i.UART_DMAReceiveCplt)
    UART_DMAReceiveCplt                      0x08002c55   Thumb Code    90  stm32f1xx_hal_uart.o(i.UART_DMAReceiveCplt)
    i.UART_DMARxHalfCplt                     0x08002cae   Section        0  stm32f1xx_hal_uart.o(i.UART_DMARxHalfCplt)
    UART_DMARxHalfCplt                       0x08002caf   Thumb Code    26  stm32f1xx_hal_uart.o(i.UART_DMARxHalfCplt)
    i.UART_EndRxTransfer                     0x08002cc8   Section        0  stm32f1xx_hal_uart.o(i.UART_EndRxTransfer)
    UART_EndRxTransfer                       0x08002cc9   Thumb Code    48  stm32f1xx_hal_uart.o(i.UART_EndRxTransfer)
    i.UART_EndTxTransfer                     0x08002cf8   Section        0  stm32f1xx_hal_uart.o(i.UART_EndTxTransfer)
    UART_EndTxTransfer                       0x08002cf9   Thumb Code    18  stm32f1xx_hal_uart.o(i.UART_EndTxTransfer)
    i.UART_Receive_IT                        0x08002d0a   Section        0  stm32f1xx_hal_uart.o(i.UART_Receive_IT)
    UART_Receive_IT                          0x08002d0b   Thumb Code   182  stm32f1xx_hal_uart.o(i.UART_Receive_IT)
    i.UART_SetConfig                         0x08002dc0   Section        0  stm32f1xx_hal_uart.o(i.UART_SetConfig)
    UART_SetConfig                           0x08002dc1   Thumb Code   178  stm32f1xx_hal_uart.o(i.UART_SetConfig)
    i.UART_Start_Receive_DMA                 0x08002e78   Section        0  stm32f1xx_hal_uart.o(i.UART_Start_Receive_DMA)
    i.USART1_IRQHandler                      0x08002ee8   Section        0  stm32f1xx_it.o(i.USART1_IRQHandler)
    i.UsageFault_Handler                     0x08002ef4   Section        0  stm32f1xx_it.o(i.UsageFault_Handler)
    i.__ARM_fpclassifyf                      0x08002ef6   Section        0  fpclassifyf.o(i.__ARM_fpclassifyf)
    i.__NVIC_SetPriority                     0x08002f1c   Section        0  stm32f1xx_hal_cortex.o(i.__NVIC_SetPriority)
    __NVIC_SetPriority                       0x08002f1d   Thumb Code    32  stm32f1xx_hal_cortex.o(i.__NVIC_SetPriority)
    i.__mathlib_flt_infnan2                  0x08002f3c   Section        0  funder.o(i.__mathlib_flt_infnan2)
    i.__mathlib_flt_underflow                0x08002f40   Section        0  funder.o(i.__mathlib_flt_underflow)
    i.atan2f                                 0x08002f4c   Section        0  atan2f.o(i.atan2f)
    i.main                                   0x080031f0   Section        0  main.o(i.main)
    x$fpl$d2f                                0x080032f4   Section       98  d2f.o(x$fpl$d2f)
    x$fpl$dadd                               0x08003358   Section      336  daddsub_clz.o(x$fpl$dadd)
    _dadd1                                   0x08003369   Thumb Code     0  daddsub_clz.o(x$fpl$dadd)
    x$fpl$ddiv                               0x080034a8   Section      688  ddiv.o(x$fpl$ddiv)
    ddiv_entry                               0x080034af   Thumb Code     0  ddiv.o(x$fpl$ddiv)
    x$fpl$dflt                               0x08003758   Section       46  dflt_clz.o(x$fpl$dflt)
    x$fpl$dmul                               0x08003788   Section      340  dmul.o(x$fpl$dmul)
    x$fpl$dnaninf                            0x080038dc   Section      156  dnaninf.o(x$fpl$dnaninf)
    x$fpl$dretinf                            0x08003978   Section       12  dretinf.o(x$fpl$dretinf)
    x$fpl$dsub                               0x08003984   Section      468  daddsub_clz.o(x$fpl$dsub)
    _dsub1                                   0x08003995   Thumb Code     0  daddsub_clz.o(x$fpl$dsub)
    x$fpl$f2d                                0x08003b58   Section       86  f2d.o(x$fpl$f2d)
    x$fpl$fadd                               0x08003bb0   Section      196  faddsub_clz.o(x$fpl$fadd)
    _fadd1                                   0x08003bbf   Thumb Code     0  faddsub_clz.o(x$fpl$fadd)
    x$fpl$fcheck1                            0x08003c74   Section       12  fcheck1.o(x$fpl$fcheck1)
    x$fpl$fcmpinf                            0x08003c80   Section       24  fcmpi.o(x$fpl$fcmpinf)
    x$fpl$fdiv                               0x08003c98   Section      388  fdiv.o(x$fpl$fdiv)
    _fdiv1                                   0x08003c99   Thumb Code     0  fdiv.o(x$fpl$fdiv)
    x$fpl$ffixu                              0x08003e1c   Section       62  ffixu.o(x$fpl$ffixu)
    x$fpl$fflt                               0x08003e5c   Section       48  fflt_clz.o(x$fpl$fflt)
    x$fpl$fleqf                              0x08003e8c   Section      104  fleqf.o(x$fpl$fleqf)
    x$fpl$fmul                               0x08003ef4   Section      258  fmul.o(x$fpl$fmul)
    x$fpl$fnaninf                            0x08003ff6   Section      140  fnaninf.o(x$fpl$fnaninf)
    x$fpl$fretinf                            0x08004082   Section       10  fretinf.o(x$fpl$fretinf)
    x$fpl$frleqf                             0x0800408c   Section       98  frleqf.o(x$fpl$frleqf)
    x$fpl$frsb                               0x080040ee   Section       20  faddsub_clz.o(x$fpl$frsb)
    x$fpl$fsub                               0x08004104   Section      234  faddsub_clz.o(x$fpl$fsub)
    _fsub1                                   0x08004113   Thumb Code     0  faddsub_clz.o(x$fpl$fsub)
    x$fpl$retnan                             0x080041ee   Section      100  retnan.o(x$fpl$retnan)
    x$fpl$scalbnf                            0x08004252   Section       76  scalbnf.o(x$fpl$scalbnf)
    x$fpl$trapveneer                         0x0800429e   Section       48  trapv.o(x$fpl$trapveneer)
    .constdata                               0x080042ce   Section       16  system_stm32f1xx.o(.constdata)
    x$fpl$usenofp                            0x080042ce   Section        0  usenofp.o(x$fpl$usenofp)
    .constdata                               0x080042de   Section        8  system_stm32f1xx.o(.constdata)
    .data                                    0x20000000   Section      124  main.o(.data)
    .data                                    0x2000007c   Section       12  stm32f1xx_hal.o(.data)
    .data                                    0x20000088   Section        4  system_stm32f1xx.o(.data)
    .data                                    0x2000008c   Section       60  mpu6050.o(.data)
    .data                                    0x200000c8   Section        4  pid.o(.data)
    .data                                    0x200000cc   Section        4  strtok.o(.data)
    _strtok_saves1                           0x200000cc   Data           4  strtok.o(.data)
    .bss                                     0x200000d0   Section      464  main.o(.bss)
    .bss                                     0x200002a0   Section       68  main.o(.bss)
    .bss                                     0x200002e4   Section       68  main.o(.bss)
    .bss                                     0x20000328   Section       16  mpu6050.o(.bss)
    .bss                                     0x20000338   Section       96  libspace.o(.bss)
    HEAP                                     0x20000398   Section      512  startup_stm32f103xb.o(HEAP)
    Heap_Mem                                 0x20000398   Data         512  startup_stm32f103xb.o(HEAP)
    STACK                                    0x20000598   Section     1024  startup_stm32f103xb.o(STACK)
    Stack_Mem                                0x20000598   Data        1024  startup_stm32f103xb.o(STACK)
    __initial_sp                             0x20000998   Data           0  startup_stm32f103xb.o(STACK)

    Global Symbols

    Symbol Name                              Value     Ov Type        Size  Object(Section)

    BuildAttributes$$THM_ISAv4$P$D$K$B$S$PE$A:L22UL41UL21$X:L11$S22US41US21$IEEE1$IW$USESV6$~STKCKD$USESV7$~SHL$OTIME$ROPI$IEEEX$EBA8$UX$STANDARDLIB$REQ8$PRES8$EABIv2 0x00000000   Number         0  anon$$obj.o ABSOLUTE
    __ARM_use_no_argv                        0x00000000   Number         0  main.o ABSOLUTE
    __ARM_exceptions_init                     - Undefined Weak Reference
    __alloca_initialize                       - Undefined Weak Reference
    __arm_fini_                               - Undefined Weak Reference
    __arm_preinit_                            - Undefined Weak Reference
    __cpp_initialize__aeabi_                  - Undefined Weak Reference
    __cxa_finalize                            - Undefined Weak Reference
    __rt_locale                               - Undefined Weak Reference
    __sigvec_lookup                           - Undefined Weak Reference
    _atexit_init                              - Undefined Weak Reference
    _call_atexit_fns                          - Undefined Weak Reference
    _clock_init                               - Undefined Weak Reference
    _fp_trap_init                             - Undefined Weak Reference
    _fp_trap_shutdown                         - Undefined Weak Reference
    _get_lc_collate                           - Undefined Weak Reference
    _get_lc_ctype                             - Undefined Weak Reference
    _get_lc_monetary                          - Undefined Weak Reference
    _get_lc_numeric                           - Undefined Weak Reference
    _get_lc_time                              - Undefined Weak Reference
    _getenv_init                              - Undefined Weak Reference
    _handle_redirection                       - Undefined Weak Reference
    _init_alloc                               - Undefined Weak Reference
    _init_user_alloc                          - Undefined Weak Reference
    _initio                                   - Undefined Weak Reference
    _rand_init                                - Undefined Weak Reference
    _signal_finish                            - Undefined Weak Reference
    _signal_init                              - Undefined Weak Reference
    _terminate_alloc                          - Undefined Weak Reference
    _terminate_user_alloc                     - Undefined Weak Reference
    _terminateio                              - Undefined Weak Reference
    __Vectors_Size                           0x000000ec   Number         0  startup_stm32f103xb.o ABSOLUTE
    __Vectors                                0x08000000   Data           4  startup_stm32f103xb.o(RESET)
    __Vectors_End                            0x080000ec   Data           0  startup_stm32f103xb.o(RESET)
    __main                                   0x080000ed   Thumb Code     8  __main.o(!!!main)
    __scatterload                            0x080000f5   Thumb Code     0  __scatter.o(!!!scatter)
    __scatterload_rt2                        0x080000f5   Thumb Code    44  __scatter.o(!!!scatter)
    __scatterload_rt2_thumb_only             0x080000f5   Thumb Code     0  __scatter.o(!!!scatter)
    __scatterload_null                       0x08000103   Thumb Code     0  __scatter.o(!!!scatter)
    __scatterload_copy                       0x08000129   Thumb Code    26  __scatter_copy.o(!!handler_copy)
    __scatterload_zeroinit                   0x08000145   Thumb Code    28  __scatter_zi.o(!!handler_zi)
    __rt_lib_init                            0x08000161   Thumb Code     0  libinit.o(.ARM.Collect$$libinit$$00000000)
    __rt_lib_init_alloca_1                   0x08000163   Thumb Code     0  libinit2.o(.ARM.Collect$$libinit$$0000002E)
    __rt_lib_init_argv_1                     0x08000163   Thumb Code     0  libinit2.o(.ARM.Collect$$libinit$$0000002C)
    __rt_lib_init_atexit_1                   0x08000163   Thumb Code     0  libinit2.o(.ARM.Collect$$libinit$$0000001B)
    __rt_lib_init_clock_1                    0x08000163   Thumb Code     0  libinit2.o(.ARM.Collect$$libinit$$00000021)
    __rt_lib_init_cpp_1                      0x08000163   Thumb Code     0  libinit2.o(.ARM.Collect$$libinit$$00000032)
    __rt_lib_init_exceptions_1               0x08000163   Thumb Code     0  libinit2.o(.ARM.Collect$$libinit$$00000030)
    __rt_lib_init_fp_1                       0x08000163   Thumb Code     0  libinit2.o(.ARM.Collect$$libinit$$00000002)
    __rt_lib_init_fp_trap_1                  0x08000163   Thumb Code     0  libinit2.o(.ARM.Collect$$libinit$$0000001F)
    __rt_lib_init_getenv_1                   0x08000163   Thumb Code     0  libinit2.o(.ARM.Collect$$libinit$$00000023)
    __rt_lib_init_heap_1                     0x08000163   Thumb Code     0  libinit2.o(.ARM.Collect$$libinit$$0000000A)
    __rt_lib_init_lc_collate_1               0x08000163   Thumb Code     0  libinit2.o(.ARM.Collect$$libinit$$00000011)
    __rt_lib_init_lc_ctype_1                 0x08000163   Thumb Code     0  libinit2.o(.ARM.Collect$$libinit$$00000013)
    __rt_lib_init_lc_monetary_1              0x08000163   Thumb Code     0  libinit2.o(.ARM.Collect$$libinit$$00000015)
    __rt_lib_init_lc_numeric_1               0x08000163   Thumb Code     0  libinit2.o(.ARM.Collect$$libinit$$00000017)
    __rt_lib_init_lc_time_1                  0x08000163   Thumb Code     0  libinit2.o(.ARM.Collect$$libinit$$00000019)
    __rt_lib_init_preinit_1                  0x08000163   Thumb Code     0  libinit2.o(.ARM.Collect$$libinit$$00000004)
    __rt_lib_init_rand_1                     0x08000163   Thumb Code     0  libinit2.o(.ARM.Collect$$libinit$$0000000E)
    __rt_lib_init_return                     0x08000163   Thumb Code     0  libinit2.o(.ARM.Collect$$libinit$$00000033)
    __rt_lib_init_signal_1                   0x08000163   Thumb Code     0  libinit2.o(.ARM.Collect$$libinit$$0000001D)
    __rt_lib_init_stdio_1                    0x08000163   Thumb Code     0  libinit2.o(.ARM.Collect$$libinit$$00000025)
    __rt_lib_init_user_alloc_1               0x08000163   Thumb Code     0  libinit2.o(.ARM.Collect$$libinit$$0000000C)
    __rt_lib_shutdown                        0x08000165   Thumb Code     0  libshutdown.o(.ARM.Collect$$libshutdown$$00000000)
    __rt_lib_shutdown_cpp_1                  0x08000167   Thumb Code     0  libshutdown2.o(.ARM.Collect$$libshutdown$$00000004)
    __rt_lib_shutdown_fini_1                 0x08000167   Thumb Code     0  libshutdown2.o(.ARM.Collect$$libshutdown$$00000002)
    __rt_lib_shutdown_fp_trap_1              0x08000167   Thumb Code     0  libshutdown2.o(.ARM.Collect$$libshutdown$$00000009)
    __rt_lib_shutdown_heap_1                 0x08000167   Thumb Code     0  libshutdown2.o(.ARM.Collect$$libshutdown$$00000011)
    __rt_lib_shutdown_return                 0x08000167   Thumb Code     0  libshutdown2.o(.ARM.Collect$$libshutdown$$00000012)
    __rt_lib_shutdown_signal_1               0x08000167   Thumb Code     0  libshutdown2.o(.ARM.Collect$$libshutdown$$0000000C)
    __rt_lib_shutdown_stdio_1                0x08000167   Thumb Code     0  libshutdown2.o(.ARM.Collect$$libshutdown$$00000006)
    __rt_lib_shutdown_user_alloc_1           0x08000167   Thumb Code     0  libshutdown2.o(.ARM.Collect$$libshutdown$$0000000E)
    __rt_entry                               0x08000169   Thumb Code     0  __rtentry.o(.ARM.Collect$$rtentry$$00000000)
    __rt_entry_presh_1                       0x08000169   Thumb Code     0  __rtentry2.o(.ARM.Collect$$rtentry$$00000002)
    __rt_entry_sh                            0x08000169   Thumb Code     0  __rtentry4.o(.ARM.Collect$$rtentry$$00000004)
    __rt_entry_li                            0x0800016f   Thumb Code     0  __rtentry2.o(.ARM.Collect$$rtentry$$0000000A)
    __rt_entry_postsh_1                      0x0800016f   Thumb Code     0  __rtentry2.o(.ARM.Collect$$rtentry$$00000009)
    __rt_entry_main                          0x08000173   Thumb Code     0  __rtentry2.o(.ARM.Collect$$rtentry$$0000000D)
    __rt_entry_postli_1                      0x08000173   Thumb Code     0  __rtentry2.o(.ARM.Collect$$rtentry$$0000000C)
    __rt_exit                                0x0800017b   Thumb Code     0  rtexit.o(.ARM.Collect$$rtexit$$00000000)
    __rt_exit_ls                             0x0800017d   Thumb Code     0  rtexit2.o(.ARM.Collect$$rtexit$$00000003)
    __rt_exit_prels_1                        0x0800017d   Thumb Code     0  rtexit2.o(.ARM.Collect$$rtexit$$00000002)
    __rt_exit_exit                           0x08000181   Thumb Code     0  rtexit2.o(.ARM.Collect$$rtexit$$00000004)
    Reset_Handler                            0x08000189   Thumb Code     8  startup_stm32f103xb.o(.text)
    ADC1_2_IRQHandler                        0x080001a3   Thumb Code     0  startup_stm32f103xb.o(.text)
    CAN1_RX1_IRQHandler                      0x080001a3   Thumb Code     0  startup_stm32f103xb.o(.text)
    CAN1_SCE_IRQHandler                      0x080001a3   Thumb Code     0  startup_stm32f103xb.o(.text)
    DMA1_Channel1_IRQHandler                 0x080001a3   Thumb Code     0  startup_stm32f103xb.o(.text)
    DMA1_Channel2_IRQHandler                 0x080001a3   Thumb Code     0  startup_stm32f103xb.o(.text)
    DMA1_Channel4_IRQHandler                 0x080001a3   Thumb Code     0  startup_stm32f103xb.o(.text)
    DMA1_Channel6_IRQHandler                 0x080001a3   Thumb Code     0  startup_stm32f103xb.o(.text)
    DMA1_Channel7_IRQHandler                 0x080001a3   Thumb Code     0  startup_stm32f103xb.o(.text)
    EXTI0_IRQHandler                         0x080001a3   Thumb Code     0  startup_stm32f103xb.o(.text)
    EXTI15_10_IRQHandler                     0x080001a3   Thumb Code     0  startup_stm32f103xb.o(.text)
    EXTI1_IRQHandler                         0x080001a3   Thumb Code     0  startup_stm32f103xb.o(.text)
    EXTI2_IRQHandler                         0x080001a3   Thumb Code     0  startup_stm32f103xb.o(.text)
    EXTI3_IRQHandler                         0x080001a3   Thumb Code     0  startup_stm32f103xb.o(.text)
    EXTI4_IRQHandler                         0x080001a3   Thumb Code     0  startup_stm32f103xb.o(.text)
    EXTI9_5_IRQHandler                       0x080001a3   Thumb Code     0  startup_stm32f103xb.o(.text)
    FLASH_IRQHandler                         0x080001a3   Thumb Code     0  startup_stm32f103xb.o(.text)
    I2C1_ER_IRQHandler                       0x080001a3   Thumb Code     0  startup_stm32f103xb.o(.text)
    I2C1_EV_IRQHandler                       0x080001a3   Thumb Code     0  startup_stm32f103xb.o(.text)
    I2C2_ER_IRQHandler                       0x080001a3   Thumb Code     0  startup_stm32f103xb.o(.text)
    I2C2_EV_IRQHandler                       0x080001a3   Thumb Code     0  startup_stm32f103xb.o(.text)
    PVD_IRQHandler                           0x080001a3   Thumb Code     0  startup_stm32f103xb.o(.text)
    RCC_IRQHandler                           0x080001a3   Thumb Code     0  startup_stm32f103xb.o(.text)
    RTC_Alarm_IRQHandler                     0x080001a3   Thumb Code     0  startup_stm32f103xb.o(.text)
    RTC_IRQHandler                           0x080001a3   Thumb Code     0  startup_stm32f103xb.o(.text)
    SPI1_IRQHandler                          0x080001a3   Thumb Code     0  startup_stm32f103xb.o(.text)
    SPI2_IRQHandler                          0x080001a3   Thumb Code     0  startup_stm32f103xb.o(.text)
    TAMPER_IRQHandler                        0x080001a3   Thumb Code     0  startup_stm32f103xb.o(.text)
    TIM1_BRK_IRQHandler                      0x080001a3   Thumb Code     0  startup_stm32f103xb.o(.text)
    TIM1_CC_IRQHandler                       0x080001a3   Thumb Code     0  startup_stm32f103xb.o(.text)
    TIM1_TRG_COM_IRQHandler                  0x080001a3   Thumb Code     0  startup_stm32f103xb.o(.text)
    TIM1_UP_IRQHandler                       0x080001a3   Thumb Code     0  startup_stm32f103xb.o(.text)
    TIM2_IRQHandler                          0x080001a3   Thumb Code     0  startup_stm32f103xb.o(.text)
    TIM3_IRQHandler                          0x080001a3   Thumb Code     0  startup_stm32f103xb.o(.text)
    USART2_IRQHandler                        0x080001a3   Thumb Code     0  startup_stm32f103xb.o(.text)
    USART3_IRQHandler                        0x080001a3   Thumb Code     0  startup_stm32f103xb.o(.text)
    USBWakeUp_IRQHandler                     0x080001a3   Thumb Code     0  startup_stm32f103xb.o(.text)
    USB_HP_CAN1_TX_IRQHandler                0x080001a3   Thumb Code     0  startup_stm32f103xb.o(.text)
    USB_LP_CAN1_RX0_IRQHandler               0x080001a3   Thumb Code     0  startup_stm32f103xb.o(.text)
    WWDG_IRQHandler                          0x080001a3   Thumb Code     0  startup_stm32f103xb.o(.text)
    __user_initial_stackheap                 0x080001a5   Thumb Code     0  startup_stm32f103xb.o(.text)
    strtok                                   0x080001c9   Thumb Code     6  strtok.o(.text)
    __aeabi_memclr4                          0x080001d5   Thumb Code     0  rt_memclr_w.o(.text)
    __aeabi_memclr8                          0x080001d5   Thumb Code     0  rt_memclr_w.o(.text)
    __rt_memclr_w                            0x080001d5   Thumb Code    78  rt_memclr_w.o(.text)
    _memset_w                                0x080001d9   Thumb Code     0  rt_memclr_w.o(.text)
    __use_two_region_memory                  0x08000223   Thumb Code     2  heapauxi.o(.text)
    __rt_heap_escrow$2region                 0x08000225   Thumb Code     2  heapauxi.o(.text)
    __rt_heap_expand$2region                 0x08000227   Thumb Code     2  heapauxi.o(.text)
    __read_errno                             0x08000229   Thumb Code    10  _rserrno.o(.text)
    __set_errno                              0x08000233   Thumb Code    12  _rserrno.o(.text)
    __strtok_internal                        0x08000241   Thumb Code    64  strtok_int.o(.text)
    __aeabi_errno_addr                       0x08000285   Thumb Code     8  rt_errno_addr_intlibspace.o(.text)
    __errno$intlibspace                      0x08000285   Thumb Code     0  rt_errno_addr_intlibspace.o(.text)
    __rt_errno_addr$intlibspace              0x08000285   Thumb Code     0  rt_errno_addr_intlibspace.o(.text)
    strcspn                                  0x0800028d   Thumb Code    32  strcspn.o(.text)
    strspn                                   0x080002ad   Thumb Code    28  strspn.o(.text)
    __user_libspace                          0x080002c9   Thumb Code     8  libspace.o(.text)
    __user_perproc_libspace                  0x080002c9   Thumb Code     0  libspace.o(.text)
    __user_perthread_libspace                0x080002c9   Thumb Code     0  libspace.o(.text)
    __user_setup_stackheap                   0x080002d1   Thumb Code    74  sys_stackheap_outer.o(.text)
    exit                                     0x0800031b   Thumb Code    18  exit.o(.text)
    _sys_exit                                0x0800032d   Thumb Code     8  sys_exit.o(.text)
    __I$use$semihosting                      0x08000339   Thumb Code     0  use_no_semi.o(.text)
    __use_no_semihosting_swi                 0x08000339   Thumb Code     2  use_no_semi.o(.text)
    BusFault_Handler                         0x0800033b   Thumb Code     2  stm32f1xx_it.o(i.BusFault_Handler)
    __semihosting_library_function           0x0800033b   Thumb Code     0  indicate_semi.o(.text)
    Constant                                 0x0800033d   Thumb Code    34  pid.o(i.Constant)
    DMA1_Channel3_IRQHandler                 0x08000361   Thumb Code     6  stm32f1xx_it.o(i.DMA1_Channel3_IRQHandler)
    DMA1_Channel5_IRQHandler                 0x0800036d   Thumb Code     6  stm32f1xx_it.o(i.DMA1_Channel5_IRQHandler)
    DebugMon_Handler                         0x080003a3   Thumb Code     2  stm32f1xx_it.o(i.DebugMon_Handler)
    Error_Handler                            0x080003a5   Thumb Code     4  main.o(i.Error_Handler)
    HAL_DMA_Abort                            0x080003a9   Thumb Code    70  stm32f1xx_hal_dma.o(i.HAL_DMA_Abort)
    HAL_DMA_Abort_IT                         0x080003f1   Thumb Code   148  stm32f1xx_hal_dma.o(i.HAL_DMA_Abort_IT)
    HAL_DMA_IRQHandler                       0x08000489   Thumb Code   316  stm32f1xx_hal_dma.o(i.HAL_DMA_IRQHandler)
    HAL_DMA_Init                             0x080005dd   Thumb Code    84  stm32f1xx_hal_dma.o(i.HAL_DMA_Init)
    HAL_DMA_Start_IT                         0x08000639   Thumb Code   112  stm32f1xx_hal_dma.o(i.HAL_DMA_Start_IT)
    HAL_GPIO_Init                            0x080006a9   Thumb Code   446  stm32f1xx_hal_gpio.o(i.HAL_GPIO_Init)
    HAL_GPIO_WritePin                        0x08000889   Thumb Code    10  stm32f1xx_hal_gpio.o(i.HAL_GPIO_WritePin)
    HAL_GetTick                              0x08000895   Thumb Code     6  stm32f1xx_hal.o(i.HAL_GetTick)
    HAL_I2C_Init                             0x080008a1   Thumb Code   376  stm32f1xx_hal_i2c.o(i.HAL_I2C_Init)
    HAL_I2C_Mem_Read                         0x08000a29   Thumb Code   574  stm32f1xx_hal_i2c.o(i.HAL_I2C_Mem_Read)
    HAL_I2C_Mem_Write                        0x08000c79   Thumb Code   294  stm32f1xx_hal_i2c.o(i.HAL_I2C_Mem_Write)
    HAL_I2C_MspInit                          0x08000da9   Thumb Code    80  stm32f1xx_hal_msp.o(i.HAL_I2C_MspInit)
    HAL_IncTick                              0x08000e05   Thumb Code    12  stm32f1xx_hal.o(i.HAL_IncTick)
    HAL_Init                                 0x08000e15   Thumb Code    32  stm32f1xx_hal.o(i.HAL_Init)
    HAL_InitTick                             0x08000e39   Thumb Code    54  stm32f1xx_hal.o(i.HAL_InitTick)
    HAL_MspInit                              0x08000e79   Thumb Code    52  stm32f1xx_hal_msp.o(i.HAL_MspInit)
    HAL_NVIC_EnableIRQ                       0x08000eb5   Thumb Code    26  stm32f1xx_hal_cortex.o(i.HAL_NVIC_EnableIRQ)
    HAL_NVIC_SetPriority                     0x08000ed1   Thumb Code    60  stm32f1xx_hal_cortex.o(i.HAL_NVIC_SetPriority)
    HAL_NVIC_SetPriorityGrouping             0x08000f11   Thumb Code    26  stm32f1xx_hal_cortex.o(i.HAL_NVIC_SetPriorityGrouping)
    HAL_RCC_ClockConfig                      0x08000f35   Thumb Code   280  stm32f1xx_hal_rcc.o(i.HAL_RCC_ClockConfig)
    HAL_RCC_GetPCLK1Freq                     0x08001061   Thumb Code    20  stm32f1xx_hal_rcc.o(i.HAL_RCC_GetPCLK1Freq)
    HAL_RCC_GetPCLK2Freq                     0x08001081   Thumb Code    20  stm32f1xx_hal_rcc.o(i.HAL_RCC_GetPCLK2Freq)
    HAL_RCC_GetSysClockFreq                  0x080010a1   Thumb Code    74  stm32f1xx_hal_rcc.o(i.HAL_RCC_GetSysClockFreq)
    HAL_RCC_OscConfig                        0x0800110d   Thumb Code   778  stm32f1xx_hal_rcc.o(i.HAL_RCC_OscConfig)
    HAL_SYSTICK_Config                       0x0800142d   Thumb Code    40  stm32f1xx_hal_cortex.o(i.HAL_SYSTICK_Config)
    HAL_TIMEx_BreakCallback                  0x08001455   Thumb Code     2  stm32f1xx_hal_tim_ex.o(i.HAL_TIMEx_BreakCallback)
    HAL_TIMEx_CommutCallback                 0x08001457   Thumb Code     2  stm32f1xx_hal_tim_ex.o(i.HAL_TIMEx_CommutCallback)
    HAL_TIMEx_MasterConfigSynchronization    0x08001459   Thumb Code    92  stm32f1xx_hal_tim_ex.o(i.HAL_TIMEx_MasterConfigSynchronization)
    HAL_TIM_Base_Init                        0x080014c1   Thumb Code    90  stm32f1xx_hal_tim.o(i.HAL_TIM_Base_Init)
    HAL_TIM_Base_MspInit                     0x0800151d   Thumb Code    72  stm32f1xx_hal_msp.o(i.HAL_TIM_Base_MspInit)
    HAL_TIM_Base_Start_IT                    0x0800156d   Thumb Code    76  stm32f1xx_hal_tim.o(i.HAL_TIM_Base_Start_IT)
    HAL_TIM_ConfigClockSource                0x080015c5   Thumb Code   214  stm32f1xx_hal_tim.o(i.HAL_TIM_ConfigClockSource)
    HAL_TIM_IC_CaptureCallback               0x0800169b   Thumb Code     2  stm32f1xx_hal_tim.o(i.HAL_TIM_IC_CaptureCallback)
    HAL_TIM_IRQHandler                       0x0800169d   Thumb Code   358  stm32f1xx_hal_tim.o(i.HAL_TIM_IRQHandler)
    HAL_TIM_MspPostInit                      0x08001805   Thumb Code    62  stm32f1xx_hal_msp.o(i.HAL_TIM_MspPostInit)
    HAL_TIM_OC_DelayElapsedCallback          0x0800184d   Thumb Code     2  stm32f1xx_hal_tim.o(i.HAL_TIM_OC_DelayElapsedCallback)
    HAL_TIM_PWM_ConfigChannel                0x0800184f   Thumb Code   198  stm32f1xx_hal_tim.o(i.HAL_TIM_PWM_ConfigChannel)
    HAL_TIM_PWM_Init                         0x08001915   Thumb Code    90  stm32f1xx_hal_tim.o(i.HAL_TIM_PWM_Init)
    HAL_TIM_PWM_MspInit                      0x0800196f   Thumb Code     2  stm32f1xx_hal_tim.o(i.HAL_TIM_PWM_MspInit)
    HAL_TIM_PWM_PulseFinishedCallback        0x08001971   Thumb Code     2  stm32f1xx_hal_tim.o(i.HAL_TIM_PWM_PulseFinishedCallback)
    HAL_TIM_PWM_Start                        0x08001975   Thumb Code   144  stm32f1xx_hal_tim.o(i.HAL_TIM_PWM_Start)
    HAL_TIM_PeriodElapsedCallback            0x08001a11   Thumb Code   376  main.o(i.HAL_TIM_PeriodElapsedCallback)
    HAL_TIM_TriggerCallback                  0x08001bc9   Thumb Code     2  stm32f1xx_hal_tim.o(i.HAL_TIM_TriggerCallback)
    HAL_UARTEx_RxEventCallback               0x08001bcb   Thumb Code     2  stm32f1xx_hal_uart.o(i.HAL_UARTEx_RxEventCallback)
    HAL_UART_ErrorCallback                   0x08001bcd   Thumb Code     2  stm32f1xx_hal_uart.o(i.HAL_UART_ErrorCallback)
    HAL_UART_IRQHandler                      0x08001bd1   Thumb Code   520  stm32f1xx_hal_uart.o(i.HAL_UART_IRQHandler)
    HAL_UART_Init                            0x08001ddd   Thumb Code    98  stm32f1xx_hal_uart.o(i.HAL_UART_Init)
    HAL_UART_MspInit                         0x08001e41   Thumb Code   278  stm32f1xx_hal_msp.o(i.HAL_UART_MspInit)
    HAL_UART_Receive_DMA                     0x08001f79   Thumb Code    42  stm32f1xx_hal_uart.o(i.HAL_UART_Receive_DMA)
    HAL_UART_RxCpltCallback                  0x08001fa5   Thumb Code    50  main.o(i.HAL_UART_RxCpltCallback)
    HAL_UART_RxHalfCpltCallback              0x08001fe5   Thumb Code     2  stm32f1xx_hal_uart.o(i.HAL_UART_RxHalfCpltCallback)
    HAL_UART_TxCpltCallback                  0x08001fe7   Thumb Code     2  stm32f1xx_hal_uart.o(i.HAL_UART_TxCpltCallback)
    HardFault_Handler                        0x08001fe9   Thumb Code     2  stm32f1xx_it.o(i.HardFault_Handler)
    Kalman_getAngle                          0x080023b9   Thumb Code   268  mpu6050.o(i.Kalman_getAngle)
    MPU6050_GET_ANGLE                        0x080024cd   Thumb Code   162  mpu6050.o(i.MPU6050_GET_ANGLE)
    MPU6050_Init                             0x08002589   Thumb Code   140  mpu6050.o(i.MPU6050_Init)
    MPU6050_Read_Accel                       0x08002615   Thumb Code   104  mpu6050.o(i.MPU6050_Read_Accel)
    MPU6050_Read_Gyro                        0x08002681   Thumb Code   120  mpu6050.o(i.MPU6050_Read_Gyro)
    MemManage_Handler                        0x08002881   Thumb Code     2  stm32f1xx_it.o(i.MemManage_Handler)
    NMI_Handler                              0x08002883   Thumb Code     2  stm32f1xx_it.o(i.NMI_Handler)
    PID                                      0x08002885   Thumb Code   108  pid.o(i.PID)
    PendSV_Handler                           0x080028fd   Thumb Code     2  stm32f1xx_it.o(i.PendSV_Handler)
    SVC_Handler                              0x080028ff   Thumb Code     2  stm32f1xx_it.o(i.SVC_Handler)
    Split_String                             0x08002901   Thumb Code    66  main.o(i.Split_String)
    SysTick_Handler                          0x08002955   Thumb Code     4  stm32f1xx_it.o(i.SysTick_Handler)
    SystemClock_Config                       0x08002959   Thumb Code    94  main.o(i.SystemClock_Config)
    SystemInit                               0x080029b7   Thumb Code     2  system_stm32f1xx.o(i.SystemInit)
    TIM4_IRQHandler                          0x080029b9   Thumb Code     6  stm32f1xx_it.o(i.TIM4_IRQHandler)
    TIM_Base_SetConfig                       0x080029c5   Thumb Code    94  stm32f1xx_hal_tim.o(i.TIM_Base_SetConfig)
    TIM_CCxChannelCmd                        0x08002a31   Thumb Code    26  stm32f1xx_hal_tim.o(i.TIM_CCxChannelCmd)
    TIM_ETR_SetConfig                        0x08002a4b   Thumb Code    20  stm32f1xx_hal_tim.o(i.TIM_ETR_SetConfig)
    TIM_OC2_SetConfig                        0x08002ac1   Thumb Code    84  stm32f1xx_hal_tim.o(i.TIM_OC2_SetConfig)
    UART_Start_Receive_DMA                   0x08002e79   Thumb Code    98  stm32f1xx_hal_uart.o(i.UART_Start_Receive_DMA)
    USART1_IRQHandler                        0x08002ee9   Thumb Code     6  stm32f1xx_it.o(i.USART1_IRQHandler)
    UsageFault_Handler                       0x08002ef5   Thumb Code     2  stm32f1xx_it.o(i.UsageFault_Handler)
    __ARM_fpclassifyf                        0x08002ef7   Thumb Code    38  fpclassifyf.o(i.__ARM_fpclassifyf)
    __mathlib_flt_infnan2                    0x08002f3d   Thumb Code     4  funder.o(i.__mathlib_flt_infnan2)
    __mathlib_flt_underflow                  0x08002f41   Thumb Code    10  funder.o(i.__mathlib_flt_underflow)
    atan2f                                   0x08002f4d   Thumb Code   598  atan2f.o(i.atan2f)
    main                                     0x080031f1   Thumb Code   232  main.o(i.main)
    __aeabi_d2f                              0x080032f5   Thumb Code     0  d2f.o(x$fpl$d2f)
    _d2f                                     0x080032f5   Thumb Code    98  d2f.o(x$fpl$d2f)
    __aeabi_dadd                             0x08003359   Thumb Code     0  daddsub_clz.o(x$fpl$dadd)
    _dadd                                    0x08003359   Thumb Code   332  daddsub_clz.o(x$fpl$dadd)
    __aeabi_ddiv                             0x080034a9   Thumb Code     0  ddiv.o(x$fpl$ddiv)
    _ddiv                                    0x080034a9   Thumb Code   552  ddiv.o(x$fpl$ddiv)
    __aeabi_i2d                              0x08003759   Thumb Code     0  dflt_clz.o(x$fpl$dflt)
    _dflt                                    0x08003759   Thumb Code    46  dflt_clz.o(x$fpl$dflt)
    __aeabi_dmul                             0x08003789   Thumb Code     0  dmul.o(x$fpl$dmul)
    _dmul                                    0x08003789   Thumb Code   332  dmul.o(x$fpl$dmul)
    __fpl_dnaninf                            0x080038dd   Thumb Code   156  dnaninf.o(x$fpl$dnaninf)
    __fpl_dretinf                            0x08003979   Thumb Code    12  dretinf.o(x$fpl$dretinf)
    __aeabi_dsub                             0x08003985   Thumb Code     0  daddsub_clz.o(x$fpl$dsub)
    _dsub                                    0x08003985   Thumb Code   464  daddsub_clz.o(x$fpl$dsub)
    __aeabi_f2d                              0x08003b59   Thumb Code     0  f2d.o(x$fpl$f2d)
    _f2d                                     0x08003b59   Thumb Code    86  f2d.o(x$fpl$f2d)
    __aeabi_fadd                             0x08003bb1   Thumb Code     0  faddsub_clz.o(x$fpl$fadd)
    _fadd                                    0x08003bb1   Thumb Code   196  faddsub_clz.o(x$fpl$fadd)
    __fpl_fcheck_NaN1                        0x08003c75   Thumb Code     6  fcheck1.o(x$fpl$fcheck1)
    __fpl_fcmp_Inf                           0x08003c81   Thumb Code    24  fcmpi.o(x$fpl$fcmpinf)
    __aeabi_fdiv                             0x08003c99   Thumb Code     0  fdiv.o(x$fpl$fdiv)
    _fdiv                                    0x08003c99   Thumb Code   384  fdiv.o(x$fpl$fdiv)
    __aeabi_f2uiz                            0x08003e1d   Thumb Code     0  ffixu.o(x$fpl$ffixu)
    _ffixu                                   0x08003e1d   Thumb Code    62  ffixu.o(x$fpl$ffixu)
    __aeabi_i2f                              0x08003e5d   Thumb Code     0  fflt_clz.o(x$fpl$fflt)
    _fflt                                    0x08003e5d   Thumb Code    48  fflt_clz.o(x$fpl$fflt)
    __aeabi_cfcmple                          0x08003e8d   Thumb Code     0  fleqf.o(x$fpl$fleqf)
    _fcmple                                  0x08003e8d   Thumb Code   104  fleqf.o(x$fpl$fleqf)
    __fpl_fcmple_InfNaN                      0x08003edf   Thumb Code     0  fleqf.o(x$fpl$fleqf)
    __aeabi_fmul                             0x08003ef5   Thumb Code     0  fmul.o(x$fpl$fmul)
    _fmul                                    0x08003ef5   Thumb Code   258  fmul.o(x$fpl$fmul)
    __fpl_fnaninf                            0x08003ff7   Thumb Code   140  fnaninf.o(x$fpl$fnaninf)
    __fpl_fretinf                            0x08004083   Thumb Code    10  fretinf.o(x$fpl$fretinf)
    __aeabi_cfrcmple                         0x0800408d   Thumb Code     0  frleqf.o(x$fpl$frleqf)
    _frcmple                                 0x0800408d   Thumb Code    98  frleqf.o(x$fpl$frleqf)
    __aeabi_frsub                            0x080040ef   Thumb Code     0  faddsub_clz.o(x$fpl$frsb)
    _frsb                                    0x080040ef   Thumb Code    20  faddsub_clz.o(x$fpl$frsb)
    __aeabi_fsub                             0x08004105   Thumb Code     0  faddsub_clz.o(x$fpl$fsub)
    _fsub                                    0x08004105   Thumb Code   234  faddsub_clz.o(x$fpl$fsub)
    __fpl_return_NaN                         0x080041ef   Thumb Code   100  retnan.o(x$fpl$retnan)
    __ARM_scalbnf                            0x08004253   Thumb Code    76  scalbnf.o(x$fpl$scalbnf)
    __fpl_cmpreturn                          0x0800429f   Thumb Code    48  trapv.o(x$fpl$trapveneer)
    AHBPrescTable                            0x080042ce   Data          16  system_stm32f1xx.o(.constdata)
    __I$use$fp                               0x080042ce   Number         0  usenofp.o(x$fpl$usenofp)
    APBPrescTable                            0x080042de   Data           8  system_stm32f1xx.o(.constdata)
    Region$$Table$$Base                      0x080042e8   Number         0  anon$$obj.o(Region$$Table)
    Region$$Table$$Limit                     0x08004308   Number         0  anon$$obj.o(Region$$Table)
    Rx_data                                  0x20000000   Data           1  main.o(.data)
    u                                        0x20000004   Data           4  main.o(.data)
    yu                                       0x20000008   Data           4  main.o(.data)
    yuT                                      0x2000000c   Data           4  main.o(.data)
    yuP                                      0x20000010   Data           4  main.o(.data)
    uT                                       0x20000014   Data           4  main.o(.data)
    uP                                       0x20000018   Data           4  main.o(.data)
    AddT                                     0x2000001c   Data           4  main.o(.data)
    AddP                                     0x20000020   Data           4  main.o(.data)
    SP                                       0x20000024   Data           4  main.o(.data)
    Pitch                                    0x20000028   Data           4  main.o(.data)
    Kp                                       0x2000002c   Data           4  main.o(.data)
    Ki                                       0x20000030   Data           4  main.o(.data)
    Kd                                       0x20000034   Data           4  main.o(.data)
    ySP                                      0x20000038   Data           4  main.o(.data)
    Yaw                                      0x2000003c   Data           4  main.o(.data)
    yKp                                      0x20000040   Data           4  main.o(.data)
    yKi                                      0x20000044   Data           4  main.o(.data)
    yKd                                      0x20000048   Data           4  main.o(.data)
    Rx_index                                 0x2000004c   Data           4  main.o(.data)
    Error_calib                              0x20000050   Data           4  main.o(.data)
    pTerm                                    0x20000054   Data           4  main.o(.data)
    iTerm                                    0x20000058   Data           4  main.o(.data)
    dTerm                                    0x2000005c   Data           4  main.o(.data)
    last_error                               0x20000060   Data           4  main.o(.data)
    error                                    0x20000064   Data           4  main.o(.data)
    ypTerm                                   0x20000068   Data           4  main.o(.data)
    yiTerm                                   0x2000006c   Data           4  main.o(.data)
    ydTerm                                   0x20000070   Data           4  main.o(.data)
    ylast_error                              0x20000074   Data           4  main.o(.data)
    yerror                                   0x20000078   Data           4  main.o(.data)
    uwTickFreq                               0x2000007c   Data           1  stm32f1xx_hal.o(.data)
    uwTickPrio                               0x20000080   Data           4  stm32f1xx_hal.o(.data)
    uwTick                                   0x20000084   Data           4  stm32f1xx_hal.o(.data)
    SystemCoreClock                          0x20000088   Data           4  system_stm32f1xx.o(.data)
    Accel_X_RAW                              0x2000008c   Data           2  mpu6050.o(.data)
    Accel_Y_RAW                              0x2000008e   Data           2  mpu6050.o(.data)
    Accel_Z_RAW                              0x20000090   Data           2  mpu6050.o(.data)
    Gyro_X_RAW                               0x20000092   Data           2  mpu6050.o(.data)
    Gyro_Y_RAW                               0x20000094   Data           2  mpu6050.o(.data)
    Gyro_Z_RAW                               0x20000096   Data           2  mpu6050.o(.data)
    Ax                                       0x20000098   Data           4  mpu6050.o(.data)
    Ay                                       0x2000009c   Data           4  mpu6050.o(.data)
    Az                                       0x200000a0   Data           4  mpu6050.o(.data)
    Gx                                       0x200000a4   Data           4  mpu6050.o(.data)
    Gy                                       0x200000a8   Data           4  mpu6050.o(.data)
    Gz                                       0x200000ac   Data           4  mpu6050.o(.data)
    bias                                     0x200000b0   Data           4  mpu6050.o(.data)
    angle                                    0x200000b4   Data           4  mpu6050.o(.data)
    Q_angle                                  0x200000b8   Data           4  mpu6050.o(.data)
    Q_bias                                   0x200000bc   Data           4  mpu6050.o(.data)
    R_measure                                0x200000c0   Data           4  mpu6050.o(.data)
    pitch                                    0x200000c4   Data           4  mpu6050.o(.data)
    duty                                     0x200000c8   Data           4  pid.o(.data)
    Rx_data1                                 0x200000d0   Data         100  main.o(.bss)
    hi2c1                                    0x20000134   Data          84  main.o(.bss)
    htim2                                    0x20000188   Data          72  main.o(.bss)
    htim4                                    0x200001d0   Data          72  main.o(.bss)
    huart1                                   0x20000218   Data          68  main.o(.bss)
    huart3                                   0x2000025c   Data          68  main.o(.bss)
    hdma_usart1_rx                           0x200002a0   Data          68  main.o(.bss)
    hdma_usart3_rx                           0x200002e4   Data          68  main.o(.bss)
    P                                        0x20000328   Data          16  mpu6050.o(.bss)
    __libspace_start                         0x20000338   Data          96  libspace.o(.bss)
    __temporary_stack_top$libspace           0x20000398   Data           0  libspace.o(.bss)



==============================================================================

Memory Map of the image

  Image Entry point : 0x080000ed

  Load Region LR_IROM1 (Base: 0x08000000, Size: 0x000043d8, Max: 0x00010000, ABSOLUTE)

    Execution Region ER_IROM1 (Exec base: 0x08000000, Load base: 0x08000000, Size: 0x00004308, Max: 0x00010000, ABSOLUTE)

    Exec Addr    Load Addr    Size         Type   Attr      Idx    E Section Name        Object

    0x08000000   0x08000000   0x000000ec   Data   RO            3    RESET               startup_stm32f103xb.o
    0x080000ec   0x080000ec   0x00000008   Code   RO         3288  * !!!main             c_w.l(__main.o)
    0x080000f4   0x080000f4   0x00000034   Code   RO         3551    !!!scatter          c_w.l(__scatter.o)
    0x08000128   0x08000128   0x0000001a   Code   RO         3553    !!handler_copy      c_w.l(__scatter_copy.o)
    0x08000142   0x08000142   0x00000002   PAD
    0x08000144   0x08000144   0x0000001c   Code   RO         3555    !!handler_zi        c_w.l(__scatter_zi.o)
    0x08000160   0x08000160   0x00000002   Code   RO         3420    .ARM.Collect$$libinit$$00000000  c_w.l(libinit.o)
    0x08000162   0x08000162   0x00000000   Code   RO         3426    .ARM.Collect$$libinit$$00000002  c_w.l(libinit2.o)
    0x08000162   0x08000162   0x00000000   Code   RO         3428    .ARM.Collect$$libinit$$00000004  c_w.l(libinit2.o)
    0x08000162   0x08000162   0x00000000   Code   RO         3431    .ARM.Collect$$libinit$$0000000A  c_w.l(libinit2.o)
    0x08000162   0x08000162   0x00000000   Code   RO         3433    .ARM.Collect$$libinit$$0000000C  c_w.l(libinit2.o)
    0x08000162   0x08000162   0x00000000   Code   RO         3435    .ARM.Collect$$libinit$$0000000E  c_w.l(libinit2.o)
    0x08000162   0x08000162   0x00000000   Code   RO         3438    .ARM.Collect$$libinit$$00000011  c_w.l(libinit2.o)
    0x08000162   0x08000162   0x00000000   Code   RO         3440    .ARM.Collect$$libinit$$00000013  c_w.l(libinit2.o)
    0x08000162   0x08000162   0x00000000   Code   RO         3442    .ARM.Collect$$libinit$$00000015  c_w.l(libinit2.o)
    0x08000162   0x08000162   0x00000000   Code   RO         3444    .ARM.Collect$$libinit$$00000017  c_w.l(libinit2.o)
    0x08000162   0x08000162   0x00000000   Code   RO         3446    .ARM.Collect$$libinit$$00000019  c_w.l(libinit2.o)
    0x08000162   0x08000162   0x00000000   Code   RO         3448    .ARM.Collect$$libinit$$0000001B  c_w.l(libinit2.o)
    0x08000162   0x08000162   0x00000000   Code   RO         3450    .ARM.Collect$$libinit$$0000001D  c_w.l(libinit2.o)
    0x08000162   0x08000162   0x00000000   Code   RO         3452    .ARM.Collect$$libinit$$0000001F  c_w.l(libinit2.o)
    0x08000162   0x08000162   0x00000000   Code   RO         3454    .ARM.Collect$$libinit$$00000021  c_w.l(libinit2.o)
    0x08000162   0x08000162   0x00000000   Code   RO         3456    .ARM.Collect$$libinit$$00000023  c_w.l(libinit2.o)
    0x08000162   0x08000162   0x00000000   Code   RO         3458    .ARM.Collect$$libinit$$00000025  c_w.l(libinit2.o)
    0x08000162   0x08000162   0x00000000   Code   RO         3462    .ARM.Collect$$libinit$$0000002C  c_w.l(libinit2.o)
    0x08000162   0x08000162   0x00000000   Code   RO         3464    .ARM.Collect$$libinit$$0000002E  c_w.l(libinit2.o)
    0x08000162   0x08000162   0x00000000   Code   RO         3466    .ARM.Collect$$libinit$$00000030  c_w.l(libinit2.o)
    0x08000162   0x08000162   0x00000000   Code   RO         3468    .ARM.Collect$$libinit$$00000032  c_w.l(libinit2.o)
    0x08000162   0x08000162   0x00000002   Code   RO         3469    .ARM.Collect$$libinit$$00000033  c_w.l(libinit2.o)
    0x08000164   0x08000164   0x00000002   Code   RO         3489    .ARM.Collect$$libshutdown$$00000000  c_w.l(libshutdown.o)
    0x08000166   0x08000166   0x00000000   Code   RO         3502    .ARM.Collect$$libshutdown$$00000002  c_w.l(libshutdown2.o)
    0x08000166   0x08000166   0x00000000   Code   RO         3504    .ARM.Collect$$libshutdown$$00000004  c_w.l(libshutdown2.o)
    0x08000166   0x08000166   0x00000000   Code   RO         3506    .ARM.Collect$$libshutdown$$00000006  c_w.l(libshutdown2.o)
    0x08000166   0x08000166   0x00000000   Code   RO         3509    .ARM.Collect$$libshutdown$$00000009  c_w.l(libshutdown2.o)
    0x08000166   0x08000166   0x00000000   Code   RO         3512    .ARM.Collect$$libshutdown$$0000000C  c_w.l(libshutdown2.o)
    0x08000166   0x08000166   0x00000000   Code   RO         3514    .ARM.Collect$$libshutdown$$0000000E  c_w.l(libshutdown2.o)
    0x08000166   0x08000166   0x00000000   Code   RO         3517    .ARM.Collect$$libshutdown$$00000011  c_w.l(libshutdown2.o)
    0x08000166   0x08000166   0x00000002   Code   RO         3518    .ARM.Collect$$libshutdown$$00000012  c_w.l(libshutdown2.o)
    0x08000168   0x08000168   0x00000000   Code   RO         3348    .ARM.Collect$$rtentry$$00000000  c_w.l(__rtentry.o)
    0x08000168   0x08000168   0x00000000   Code   RO         3383    .ARM.Collect$$rtentry$$00000002  c_w.l(__rtentry2.o)
    0x08000168   0x08000168   0x00000006   Code   RO         3395    .ARM.Collect$$rtentry$$00000004  c_w.l(__rtentry4.o)
    0x0800016e   0x0800016e   0x00000000   Code   RO         3385    .ARM.Collect$$rtentry$$00000009  c_w.l(__rtentry2.o)
    0x0800016e   0x0800016e   0x00000004   Code   RO         3386    .ARM.Collect$$rtentry$$0000000A  c_w.l(__rtentry2.o)
    0x08000172   0x08000172   0x00000000   Code   RO         3388    .ARM.Collect$$rtentry$$0000000C  c_w.l(__rtentry2.o)
    0x08000172   0x08000172   0x00000008   Code   RO         3389    .ARM.Collect$$rtentry$$0000000D  c_w.l(__rtentry2.o)
    0x0800017a   0x0800017a   0x00000002   Code   RO         3423    .ARM.Collect$$rtexit$$00000000  c_w.l(rtexit.o)
    0x0800017c   0x0800017c   0x00000000   Code   RO         3471    .ARM.Collect$$rtexit$$00000002  c_w.l(rtexit2.o)
    0x0800017c   0x0800017c   0x00000004   Code   RO         3472    .ARM.Collect$$rtexit$$00000003  c_w.l(rtexit2.o)
    0x08000180   0x08000180   0x00000006   Code   RO         3473    .ARM.Collect$$rtexit$$00000004  c_w.l(rtexit2.o)
    0x08000186   0x08000186   0x00000002   PAD
    0x08000188   0x08000188   0x00000040   Code   RO            4    .text               startup_stm32f103xb.o
    0x080001c8   0x080001c8   0x0000000c   Code   RO         3281    .text               c_w.l(strtok.o)
    0x080001d4   0x080001d4   0x0000004e   Code   RO         3284    .text               c_w.l(rt_memclr_w.o)
    0x08000222   0x08000222   0x00000006   Code   RO         3286    .text               c_w.l(heapauxi.o)
    0x08000228   0x08000228   0x00000016   Code   RO         3349    .text               c_w.l(_rserrno.o)
    0x0800023e   0x0800023e   0x00000002   PAD
    0x08000240   0x08000240   0x00000044   Code   RO         3351    .text               c_w.l(strtok_int.o)
    0x08000284   0x08000284   0x00000008   Code   RO         3400    .text               c_w.l(rt_errno_addr_intlibspace.o)
    0x0800028c   0x0800028c   0x00000020   Code   RO         3402    .text               c_w.l(strcspn.o)
    0x080002ac   0x080002ac   0x0000001c   Code   RO         3404    .text               c_w.l(strspn.o)
    0x080002c8   0x080002c8   0x00000008   Code   RO         3408    .text               c_w.l(libspace.o)
    0x080002d0   0x080002d0   0x0000004a   Code   RO         3411    .text               c_w.l(sys_stackheap_outer.o)
    0x0800031a   0x0800031a   0x00000012   Code   RO         3413    .text               c_w.l(exit.o)
    0x0800032c   0x0800032c   0x0000000c   Code   RO         3481    .text               c_w.l(sys_exit.o)
    0x08000338   0x08000338   0x00000002   Code   RO         3492    .text               c_w.l(use_no_semi.o)
    0x0800033a   0x0800033a   0x00000000   Code   RO         3494    .text               c_w.l(indicate_semi.o)
    0x0800033a   0x0800033a   0x00000002   Code   RO          209    i.BusFault_Handler  stm32f1xx_it.o
    0x0800033c   0x0800033c   0x00000022   Code   RO         3247    i.Constant          pid.o
    0x0800035e   0x0800035e   0x00000002   PAD
    0x08000360   0x08000360   0x0000000c   Code   RO          210    i.DMA1_Channel3_IRQHandler  stm32f1xx_it.o
    0x0800036c   0x0800036c   0x0000000c   Code   RO          211    i.DMA1_Channel5_IRQHandler  stm32f1xx_it.o
    0x08000378   0x08000378   0x0000002a   Code   RO         1222    i.DMA_SetConfig     stm32f1xx_hal_dma.o
    0x080003a2   0x080003a2   0x00000002   Code   RO          212    i.DebugMon_Handler  stm32f1xx_it.o
    0x080003a4   0x080003a4   0x00000004   Code   RO           13    i.Error_Handler     main.o
    0x080003a8   0x080003a8   0x00000046   Code   RO         1223    i.HAL_DMA_Abort     stm32f1xx_hal_dma.o
    0x080003ee   0x080003ee   0x00000002   PAD
    0x080003f0   0x080003f0   0x00000098   Code   RO         1224    i.HAL_DMA_Abort_IT  stm32f1xx_hal_dma.o
    0x08000488   0x08000488   0x00000154   Code   RO         1228    i.HAL_DMA_IRQHandler  stm32f1xx_hal_dma.o
    0x080005dc   0x080005dc   0x0000005c   Code   RO         1229    i.HAL_DMA_Init      stm32f1xx_hal_dma.o
    0x08000638   0x08000638   0x00000070   Code   RO         1233    i.HAL_DMA_Start_IT  stm32f1xx_hal_dma.o
    0x080006a8   0x080006a8   0x000001e0   Code   RO         1159    i.HAL_GPIO_Init     stm32f1xx_hal_gpio.o
    0x08000888   0x08000888   0x0000000a   Code   RO         1163    i.HAL_GPIO_WritePin  stm32f1xx_hal_gpio.o
    0x08000892   0x08000892   0x00000002   PAD
    0x08000894   0x08000894   0x0000000c   Code   RO          855    i.HAL_GetTick       stm32f1xx_hal.o
    0x080008a0   0x080008a0   0x00000188   Code   RO          423    i.HAL_I2C_Init      stm32f1xx_hal_i2c.o
    0x08000a28   0x08000a28   0x00000250   Code   RO          441    i.HAL_I2C_Mem_Read  stm32f1xx_hal_i2c.o
    0x08000c78   0x08000c78   0x00000130   Code   RO          444    i.HAL_I2C_Mem_Write  stm32f1xx_hal_i2c.o
    0x08000da8   0x08000da8   0x0000005c   Code   RO          310    i.HAL_I2C_MspInit   stm32f1xx_hal_msp.o
    0x08000e04   0x08000e04   0x00000010   Code   RO          861    i.HAL_IncTick       stm32f1xx_hal.o
    0x08000e14   0x08000e14   0x00000024   Code   RO          862    i.HAL_Init          stm32f1xx_hal.o
    0x08000e38   0x08000e38   0x00000040   Code   RO          863    i.HAL_InitTick      stm32f1xx_hal.o
    0x08000e78   0x08000e78   0x0000003c   Code   RO          311    i.HAL_MspInit       stm32f1xx_hal_msp.o
    0x08000eb4   0x08000eb4   0x0000001a   Code   RO         1319    i.HAL_NVIC_EnableIRQ  stm32f1xx_hal_cortex.o
    0x08000ece   0x08000ece   0x00000002   PAD
    0x08000ed0   0x08000ed0   0x00000040   Code   RO         1325    i.HAL_NVIC_SetPriority  stm32f1xx_hal_cortex.o
    0x08000f10   0x08000f10   0x00000024   Code   RO         1326    i.HAL_NVIC_SetPriorityGrouping  stm32f1xx_hal_cortex.o
    0x08000f34   0x08000f34   0x0000012c   Code   RO         1019    i.HAL_RCC_ClockConfig  stm32f1xx_hal_rcc.o
    0x08001060   0x08001060   0x00000020   Code   RO         1026    i.HAL_RCC_GetPCLK1Freq  stm32f1xx_hal_rcc.o
    0x08001080   0x08001080   0x00000020   Code   RO         1027    i.HAL_RCC_GetPCLK2Freq  stm32f1xx_hal_rcc.o
    0x080010a0   0x080010a0   0x0000006c   Code   RO         1028    i.HAL_RCC_GetSysClockFreq  stm32f1xx_hal_rcc.o
    0x0800110c   0x0800110c   0x00000320   Code   RO         1031    i.HAL_RCC_OscConfig  stm32f1xx_hal_rcc.o
    0x0800142c   0x0800142c   0x00000028   Code   RO         1330    i.HAL_SYSTICK_Config  stm32f1xx_hal_cortex.o
    0x08001454   0x08001454   0x00000002   Code   RO         2525    i.HAL_TIMEx_BreakCallback  stm32f1xx_hal_tim_ex.o
    0x08001456   0x08001456   0x00000002   Code   RO         2526    i.HAL_TIMEx_CommutCallback  stm32f1xx_hal_tim_ex.o
    0x08001458   0x08001458   0x00000068   Code   RO         2544    i.HAL_TIMEx_MasterConfigSynchronization  stm32f1xx_hal_tim_ex.o
    0x080014c0   0x080014c0   0x0000005a   Code   RO         1821    i.HAL_TIM_Base_Init  stm32f1xx_hal_tim.o
    0x0800151a   0x0800151a   0x00000002   PAD
    0x0800151c   0x0800151c   0x00000050   Code   RO          313    i.HAL_TIM_Base_MspInit  stm32f1xx_hal_msp.o
    0x0800156c   0x0800156c   0x00000058   Code   RO         1826    i.HAL_TIM_Base_Start_IT  stm32f1xx_hal_tim.o
    0x080015c4   0x080015c4   0x000000d6   Code   RO         1830    i.HAL_TIM_ConfigClockSource  stm32f1xx_hal_tim.o
    0x0800169a   0x0800169a   0x00000002   Code   RO         1855    i.HAL_TIM_IC_CaptureCallback  stm32f1xx_hal_tim.o
    0x0800169c   0x0800169c   0x00000166   Code   RO         1869    i.HAL_TIM_IRQHandler  stm32f1xx_hal_tim.o
    0x08001802   0x08001802   0x00000002   PAD
    0x08001804   0x08001804   0x00000048   Code   RO          314    i.HAL_TIM_MspPostInit  stm32f1xx_hal_msp.o
    0x0800184c   0x0800184c   0x00000002   Code   RO         1872    i.HAL_TIM_OC_DelayElapsedCallback  stm32f1xx_hal_tim.o
    0x0800184e   0x0800184e   0x000000c6   Code   RO         1893    i.HAL_TIM_PWM_ConfigChannel  stm32f1xx_hal_tim.o
    0x08001914   0x08001914   0x0000005a   Code   RO         1896    i.HAL_TIM_PWM_Init  stm32f1xx_hal_tim.o
    0x0800196e   0x0800196e   0x00000002   Code   RO         1898    i.HAL_TIM_PWM_MspInit  stm32f1xx_hal_tim.o
    0x08001970   0x08001970   0x00000002   Code   RO         1899    i.HAL_TIM_PWM_PulseFinishedCallback  stm32f1xx_hal_tim.o
    0x08001972   0x08001972   0x00000002   PAD
    0x08001974   0x08001974   0x0000009c   Code   RO         1901    i.HAL_TIM_PWM_Start  stm32f1xx_hal_tim.o
    0x08001a10   0x08001a10   0x000001b8   Code   RO           14    i.HAL_TIM_PeriodElapsedCallback  main.o
    0x08001bc8   0x08001bc8   0x00000002   Code   RO         1912    i.HAL_TIM_TriggerCallback  stm32f1xx_hal_tim.o
    0x08001bca   0x08001bca   0x00000002   Code   RO         2803    i.HAL_UARTEx_RxEventCallback  stm32f1xx_hal_uart.o
    0x08001bcc   0x08001bcc   0x00000002   Code   RO         2817    i.HAL_UART_ErrorCallback  stm32f1xx_hal_uart.o
    0x08001bce   0x08001bce   0x00000002   PAD
    0x08001bd0   0x08001bd0   0x0000020c   Code   RO         2820    i.HAL_UART_IRQHandler  stm32f1xx_hal_uart.o
    0x08001ddc   0x08001ddc   0x00000062   Code   RO         2821    i.HAL_UART_Init     stm32f1xx_hal_uart.o
    0x08001e3e   0x08001e3e   0x00000002   PAD
    0x08001e40   0x08001e40   0x00000138   Code   RO          316    i.HAL_UART_MspInit  stm32f1xx_hal_msp.o
    0x08001f78   0x08001f78   0x0000002a   Code   RO         2825    i.HAL_UART_Receive_DMA  stm32f1xx_hal_uart.o
    0x08001fa2   0x08001fa2   0x00000002   PAD
    0x08001fa4   0x08001fa4   0x00000040   Code   RO           15    i.HAL_UART_RxCpltCallback  main.o
    0x08001fe4   0x08001fe4   0x00000002   Code   RO         2828    i.HAL_UART_RxHalfCpltCallback  stm32f1xx_hal_uart.o
    0x08001fe6   0x08001fe6   0x00000002   Code   RO         2832    i.HAL_UART_TxCpltCallback  stm32f1xx_hal_uart.o
    0x08001fe8   0x08001fe8   0x00000002   Code   RO          213    i.HardFault_Handler  stm32f1xx_it.o
    0x08001fea   0x08001fea   0x0000002e   Code   RO          465    i.I2C_IsAcknowledgeFailed  stm32f1xx_hal_i2c.o
    0x08002018   0x08002018   0x000000fc   Code   RO          475    i.I2C_RequestMemoryRead  stm32f1xx_hal_i2c.o
    0x08002114   0x08002114   0x000000a8   Code   RO          476    i.I2C_RequestMemoryWrite  stm32f1xx_hal_i2c.o
    0x080021bc   0x080021bc   0x0000004c   Code   RO          480    i.I2C_WaitOnBTFFlagUntilTimeout  stm32f1xx_hal_i2c.o
    0x08002208   0x08002208   0x00000068   Code   RO          481    i.I2C_WaitOnFlagUntilTimeout  stm32f1xx_hal_i2c.o
    0x08002270   0x08002270   0x00000096   Code   RO          482    i.I2C_WaitOnMasterAddressFlagUntilTimeout  stm32f1xx_hal_i2c.o
    0x08002306   0x08002306   0x00000066   Code   RO          483    i.I2C_WaitOnRXNEFlagUntilTimeout  stm32f1xx_hal_i2c.o
    0x0800236c   0x0800236c   0x0000004c   Code   RO          484    i.I2C_WaitOnTXEFlagUntilTimeout  stm32f1xx_hal_i2c.o
    0x080023b8   0x080023b8   0x00000114   Code   RO         3187    i.Kalman_getAngle   mpu6050.o
    0x080024cc   0x080024cc   0x000000bc   Code   RO         3188    i.MPU6050_GET_ANGLE  mpu6050.o
    0x08002588   0x08002588   0x0000008c   Code   RO         3189    i.MPU6050_Init      mpu6050.o
    0x08002614   0x08002614   0x0000006c   Code   RO         3190    i.MPU6050_Read_Accel  mpu6050.o
    0x08002680   0x08002680   0x00000080   Code   RO         3191    i.MPU6050_Read_Gyro  mpu6050.o
    0x08002700   0x08002700   0x00000070   Code   RO           16    i.MX_GPIO_Init      main.o
    0x08002770   0x08002770   0x000000a8   Code   RO           17    i.MX_TIM2_Init      main.o
    0x08002818   0x08002818   0x00000068   Code   RO           18    i.MX_TIM4_Init      main.o
    0x08002880   0x08002880   0x00000002   Code   RO          214    i.MemManage_Handler  stm32f1xx_it.o
    0x08002882   0x08002882   0x00000002   Code   RO          215    i.NMI_Handler       stm32f1xx_it.o
    0x08002884   0x08002884   0x00000078   Code   RO         3248    i.PID               pid.o
    0x080028fc   0x080028fc   0x00000002   Code   RO          216    i.PendSV_Handler    stm32f1xx_it.o
    0x080028fe   0x080028fe   0x00000002   Code   RO          217    i.SVC_Handler       stm32f1xx_it.o
    0x08002900   0x08002900   0x00000054   Code   RO           19    i.Split_String      main.o
    0x08002954   0x08002954   0x00000004   Code   RO          218    i.SysTick_Handler   stm32f1xx_it.o
    0x08002958   0x08002958   0x0000005e   Code   RO           20    i.SystemClock_Config  main.o
    0x080029b6   0x080029b6   0x00000002   Code   RO         3150    i.SystemInit        system_stm32f1xx.o
    0x080029b8   0x080029b8   0x0000000c   Code   RO          219    i.TIM4_IRQHandler   stm32f1xx_it.o
    0x080029c4   0x080029c4   0x0000006c   Code   RO         1914    i.TIM_Base_SetConfig  stm32f1xx_hal_tim.o
    0x08002a30   0x08002a30   0x0000001a   Code   RO         1915    i.TIM_CCxChannelCmd  stm32f1xx_hal_tim.o
    0x08002a4a   0x08002a4a   0x00000014   Code   RO         1925    i.TIM_ETR_SetConfig  stm32f1xx_hal_tim.o
    0x08002a5e   0x08002a5e   0x00000010   Code   RO         1926    i.TIM_ITRx_SetConfig  stm32f1xx_hal_tim.o
    0x08002a6e   0x08002a6e   0x00000002   PAD
    0x08002a70   0x08002a70   0x00000050   Code   RO         1927    i.TIM_OC1_SetConfig  stm32f1xx_hal_tim.o
    0x08002ac0   0x08002ac0   0x00000058   Code   RO         1928    i.TIM_OC2_SetConfig  stm32f1xx_hal_tim.o
    0x08002b18   0x08002b18   0x00000058   Code   RO         1929    i.TIM_OC3_SetConfig  stm32f1xx_hal_tim.o
    0x08002b70   0x08002b70   0x00000044   Code   RO         1930    i.TIM_OC4_SetConfig  stm32f1xx_hal_tim.o
    0x08002bb4   0x08002bb4   0x00000022   Code   RO         1932    i.TIM_TI1_ConfigInputStage  stm32f1xx_hal_tim.o
    0x08002bd6   0x08002bd6   0x00000024   Code   RO         1934    i.TIM_TI2_ConfigInputStage  stm32f1xx_hal_tim.o
    0x08002bfa   0x08002bfa   0x00000010   Code   RO         2834    i.UART_DMAAbortOnError  stm32f1xx_hal_uart.o
    0x08002c0a   0x08002c0a   0x0000004a   Code   RO         2835    i.UART_DMAError     stm32f1xx_hal_uart.o
    0x08002c54   0x08002c54   0x0000005a   Code   RO         2836    i.UART_DMAReceiveCplt  stm32f1xx_hal_uart.o
    0x08002cae   0x08002cae   0x0000001a   Code   RO         2838    i.UART_DMARxHalfCplt  stm32f1xx_hal_uart.o
    0x08002cc8   0x08002cc8   0x00000030   Code   RO         2844    i.UART_EndRxTransfer  stm32f1xx_hal_uart.o
    0x08002cf8   0x08002cf8   0x00000012   Code   RO         2845    i.UART_EndTxTransfer  stm32f1xx_hal_uart.o
    0x08002d0a   0x08002d0a   0x000000b6   Code   RO         2846    i.UART_Receive_IT   stm32f1xx_hal_uart.o
    0x08002dc0   0x08002dc0   0x000000b8   Code   RO         2847    i.UART_SetConfig    stm32f1xx_hal_uart.o
    0x08002e78   0x08002e78   0x00000070   Code   RO         2848    i.UART_Start_Receive_DMA  stm32f1xx_hal_uart.o
    0x08002ee8   0x08002ee8   0x0000000c   Code   RO          220    i.USART1_IRQHandler  stm32f1xx_it.o
    0x08002ef4   0x08002ef4   0x00000002   Code   RO          221    i.UsageFault_Handler  stm32f1xx_it.o
    0x08002ef6   0x08002ef6   0x00000026   Code   RO         3366    i.__ARM_fpclassifyf  m_ws.l(fpclassifyf.o)
    0x08002f1c   0x08002f1c   0x00000020   Code   RO         1332    i.__NVIC_SetPriority  stm32f1xx_hal_cortex.o
    0x08002f3c   0x08002f3c   0x00000004   Code   RO         3370    i.__mathlib_flt_infnan2  m_ws.l(funder.o)
    0x08002f40   0x08002f40   0x0000000a   Code   RO         3374    i.__mathlib_flt_underflow  m_ws.l(funder.o)
    0x08002f4a   0x08002f4a   0x00000002   PAD
    0x08002f4c   0x08002f4c   0x000002a4   Code   RO         3341    i.atan2f            m_ws.l(atan2f.o)
    0x080031f0   0x080031f0   0x00000104   Code   RO           22    i.main              main.o
    0x080032f4   0x080032f4   0x00000062   Code   RO         3290    x$fpl$d2f           fz_ws.l(d2f.o)
    0x08003356   0x08003356   0x00000002   PAD
    0x08003358   0x08003358   0x00000150   Code   RO         3292    x$fpl$dadd          fz_ws.l(daddsub_clz.o)
    0x080034a8   0x080034a8   0x000002b0   Code   RO         3299    x$fpl$ddiv          fz_ws.l(ddiv.o)
    0x08003758   0x08003758   0x0000002e   Code   RO         3303    x$fpl$dflt          fz_ws.l(dflt_clz.o)
    0x08003786   0x08003786   0x00000002   PAD
    0x08003788   0x08003788   0x00000154   Code   RO         3308    x$fpl$dmul          fz_ws.l(dmul.o)
    0x080038dc   0x080038dc   0x0000009c   Code   RO         3353    x$fpl$dnaninf       fz_ws.l(dnaninf.o)
    0x08003978   0x08003978   0x0000000c   Code   RO         3355    x$fpl$dretinf       fz_ws.l(dretinf.o)
    0x08003984   0x08003984   0x000001d4   Code   RO         3294    x$fpl$dsub          fz_ws.l(daddsub_clz.o)
    0x08003b58   0x08003b58   0x00000056   Code   RO         3310    x$fpl$f2d           fz_ws.l(f2d.o)
    0x08003bae   0x08003bae   0x00000002   PAD
    0x08003bb0   0x08003bb0   0x000000c4   Code   RO         3312    x$fpl$fadd          fz_ws.l(faddsub_clz.o)
    0x08003c74   0x08003c74   0x0000000c   Code   RO         3357    x$fpl$fcheck1       fz_ws.l(fcheck1.o)
    0x08003c80   0x08003c80   0x00000018   Code   RO         3359    x$fpl$fcmpinf       fz_ws.l(fcmpi.o)
    0x08003c98   0x08003c98   0x00000184   Code   RO         3319    x$fpl$fdiv          fz_ws.l(fdiv.o)
    0x08003e1c   0x08003e1c   0x0000003e   Code   RO         3322    x$fpl$ffixu         fz_ws.l(ffixu.o)
    0x08003e5a   0x08003e5a   0x00000002   PAD
    0x08003e5c   0x08003e5c   0x00000030   Code   RO         3327    x$fpl$fflt          fz_ws.l(fflt_clz.o)
    0x08003e8c   0x08003e8c   0x00000068   Code   RO         3332    x$fpl$fleqf         fz_ws.l(fleqf.o)
    0x08003ef4   0x08003ef4   0x00000102   Code   RO         3334    x$fpl$fmul          fz_ws.l(fmul.o)
    0x08003ff6   0x08003ff6   0x0000008c   Code   RO         3361    x$fpl$fnaninf       fz_ws.l(fnaninf.o)
    0x08004082   0x08004082   0x0000000a   Code   RO         3363    x$fpl$fretinf       fz_ws.l(fretinf.o)
    0x0800408c   0x0800408c   0x00000062   Code   RO         3336    x$fpl$frleqf        fz_ws.l(frleqf.o)
    0x080040ee   0x080040ee   0x00000014   Code   RO         3313    x$fpl$frsb          fz_ws.l(faddsub_clz.o)
    0x08004102   0x08004102   0x00000002   PAD
    0x08004104   0x08004104   0x000000ea   Code   RO         3314    x$fpl$fsub          fz_ws.l(faddsub_clz.o)
    0x080041ee   0x080041ee   0x00000064   Code   RO         3406    x$fpl$retnan        fz_ws.l(retnan.o)
    0x08004252   0x08004252   0x0000004c   Code   RO         3338    x$fpl$scalbnf       fz_ws.l(scalbnf.o)
    0x0800429e   0x0800429e   0x00000030   Code   RO         3421    x$fpl$trapveneer    fz_ws.l(trapv.o)
    0x080042ce   0x080042ce   0x00000000   Code   RO         3365    x$fpl$usenofp       fz_ws.l(usenofp.o)
    0x080042ce   0x080042ce   0x00000010   Data   RO         3151    .constdata          system_stm32f1xx.o
    0x080042de   0x080042de   0x00000008   Data   RO         3152    .constdata          system_stm32f1xx.o
    0x080042e6   0x080042e6   0x00000002   PAD
    0x080042e8   0x080042e8   0x00000020   Data   RO         3549    Region$$Table       anon$$obj.o


    Execution Region RW_IRAM1 (Exec base: 0x20000000, Load base: 0x08004308, Size: 0x00000998, Max: 0x00005000, ABSOLUTE)

    Exec Addr    Load Addr    Size         Type   Attr      Idx    E Section Name        Object

    0x20000000   0x08004308   0x0000007c   Data   RW           30    .data               main.o
    0x2000007c   0x08004384   0x0000000c   Data   RW          869    .data               stm32f1xx_hal.o
    0x20000088   0x08004390   0x00000004   Data   RW         3153    .data               system_stm32f1xx.o
    0x2000008c   0x08004394   0x0000003c   Data   RW         3194    .data               mpu6050.o
    0x200000c8   0x080043d0   0x00000004   Data   RW         3249    .data               pid.o
    0x200000cc   0x080043d4   0x00000004   Data   RW         3282    .data               c_w.l(strtok.o)
    0x200000d0        -       0x000001d0   Zero   RW           24    .bss                main.o
    0x200002a0        -       0x00000044   Zero   RW           25    .bss                main.o
    0x200002e4        -       0x00000044   Zero   RW           26    .bss                main.o
    0x20000328        -       0x00000010   Zero   RW         3193    .bss                mpu6050.o
    0x20000338        -       0x00000060   Zero   RW         3409    .bss                c_w.l(libspace.o)
    0x20000398        -       0x00000200   Zero   RW            2    HEAP                startup_stm32f103xb.o
    0x20000598        -       0x00000400   Zero   RW            1    STACK               startup_stm32f103xb.o


==============================================================================

Image component sizes


      Code (inc. data)   RO Data    RW Data    ZI Data      Debug   Object Name

      1330        150          0        124        600     441003   main.o
       840         46          0         60         16       4728   mpu6050.o
       154         12          0          4          0       1668   pid.o
        64         26        236          0       1536        812   startup_stm32f103xb.o
       128         24          0         12          0       5297   stm32f1xx_hal.o
       198         14          0          0          0      28935   stm32f1xx_hal_cortex.o
       808         36          0          0          0       4986   stm32f1xx_hal_dma.o
       490         34          0          0          0       2892   stm32f1xx_hal_gpio.o
      2262         56          0          0          0      12758   stm32f1xx_hal_i2c.o
       616         72          0          0          0       3876   stm32f1xx_hal_msp.o
      1272        100          0          0          0       5188   stm32f1xx_hal_rcc.o
      1768         58          0          0          0      15858   stm32f1xx_hal_tim.o
       108         12          0          0          0       2369   stm32f1xx_hal_tim_ex.o
      1422         24          0          0          0      11396   stm32f1xx_hal_uart.o
        68         24          0          0          0       5626   stm32f1xx_it.o
         2          0         24          4          0       1119   system_stm32f1xx.o

    ----------------------------------------------------------------------
     11552        688        294        204       2152     548511   Object Totals
         0          0         32          0          0          0   (incl. Generated)
        22          0          2          0          0          0   (incl. Padding)

    ----------------------------------------------------------------------

      Code (inc. data)   RO Data    RW Data    ZI Data      Debug   Library Member Name

         8          0          0          0          0         68   __main.o
         0          0          0          0          0          0   __rtentry.o
        12          0          0          0          0          0   __rtentry2.o
         6          0          0          0          0          0   __rtentry4.o
        52          8          0          0          0          0   __scatter.o
        26          0          0          0          0          0   __scatter_copy.o
        28          0          0          0          0          0   __scatter_zi.o
        22          0          0          0          0        100   _rserrno.o
        18          0          0          0          0         80   exit.o
         6          0          0          0          0        152   heapauxi.o
         0          0          0          0          0          0   indicate_semi.o
         2          0          0          0          0          0   libinit.o
         2          0          0          0          0          0   libinit2.o
         2          0          0          0          0          0   libshutdown.o
         2          0          0          0          0          0   libshutdown2.o
         8          4          0          0         96         68   libspace.o
         8          4          0          0          0         68   rt_errno_addr_intlibspace.o
        78          0          0          0          0         80   rt_memclr_w.o
         2          0          0          0          0          0   rtexit.o
        10          0          0          0          0          0   rtexit2.o
        32          0          0          0          0         80   strcspn.o
        28          0          0          0          0         80   strspn.o
        12          6          0          4          0         68   strtok.o
        68          4          0          0          0         84   strtok_int.o
        12          4          0          0          0         68   sys_exit.o
        74          0          0          0          0         80   sys_stackheap_outer.o
         2          0          0          0          0         68   use_no_semi.o
        98          4          0          0          0         92   d2f.o
       804         16          0          0          0        272   daddsub_clz.o
       688        140          0          0          0        208   ddiv.o
        46          0          0          0          0         68   dflt_clz.o
       340         12          0          0          0        104   dmul.o
       156          4          0          0          0         92   dnaninf.o
        12          0          0          0          0         68   dretinf.o
        86          4          0          0          0         84   f2d.o
       450          8          0          0          0        236   faddsub_clz.o
        12          4          0          0          0         68   fcheck1.o
        24          0          0          0          0         68   fcmpi.o
       388         76          0          0          0         96   fdiv.o
        62          4          0          0          0         84   ffixu.o
        48          0          0          0          0         68   fflt_clz.o
       104          4          0          0          0         84   fleqf.o
       258          4          0          0          0         84   fmul.o
       140          4          0          0          0         84   fnaninf.o
        10          0          0          0          0         68   fretinf.o
        98          0          0          0          0         68   frleqf.o
       100          0          0          0          0         68   retnan.o
        76          0          0          0          0         68   scalbnf.o
        48          0          0          0          0         68   trapv.o
         0          0          0          0          0          0   usenofp.o
       676         78          0          0          0        116   atan2f.o
        38          0          0          0          0         68   fpclassifyf.o
        14          0          0          0          0        136   funder.o

    ----------------------------------------------------------------------
      5314        392          0          4         96       3664   Library Totals
        18          0          0          0          0          0   (incl. Padding)

    ----------------------------------------------------------------------

      Code (inc. data)   RO Data    RW Data    ZI Data      Debug   Library Name

       520         30          0          4         96       1144   c_w.l
      4048        284          0          0          0       2200   fz_ws.l
       728         78          0          0          0        320   m_ws.l

    ----------------------------------------------------------------------
      5314        392          0          4         96       3664   Library Totals

    ----------------------------------------------------------------------

==============================================================================


      Code (inc. data)   RO Data    RW Data    ZI Data      Debug   

     16866       1080        294        208       2248     544683   Grand Totals
     16866       1080        294        208       2248     544683   ELF Image Totals
     16866       1080        294        208          0          0   ROM Totals

==============================================================================

    Total RO  Size (Code + RO Data)                17160 (  16.76kB)
    Total RW  Size (RW Data + ZI Data)              2456 (   2.40kB)
    Total ROM Size (Code + RO Data + RW Data)      17368 (  16.96kB)

==============================================================================

