Component: ARM Compiler 5.06 update 7 (build 960) Tool: armlink [4d3601]

==============================================================================

Section Cross References

    startup_stm32f103xb.o(STACK) refers (Special) to heapauxi.o(.text) for __use_two_region_memory
    startup_stm32f103xb.o(HEAP) refers (Special) to heapauxi.o(.text) for __use_two_region_memory
    startup_stm32f103xb.o(RESET) refers (Special) to heapauxi.o(.text) for __use_two_region_memory
    startup_stm32f103xb.o(RESET) refers to startup_stm32f103xb.o(STACK) for __initial_sp
    startup_stm32f103xb.o(RESET) refers to startup_stm32f103xb.o(.text) for Reset_Handler
    startup_stm32f103xb.o(RESET) refers to stm32f1xx_it.o(i.NMI_Handler) for NMI_Handler
    startup_stm32f103xb.o(RESET) refers to stm32f1xx_it.o(i.HardFault_Handler) for HardFault_Handler
    startup_stm32f103xb.o(RESET) refers to stm32f1xx_it.o(i.MemManage_Handler) for MemManage_Handler
    startup_stm32f103xb.o(RESET) refers to stm32f1xx_it.o(i.BusFault_Handler) for BusFault_Handler
    startup_stm32f103xb.o(RESET) refers to stm32f1xx_it.o(i.UsageFault_Handler) for UsageFault_Handler
    startup_stm32f103xb.o(RESET) refers to stm32f1xx_it.o(i.SVC_Handler) for SVC_Handler
    startup_stm32f103xb.o(RESET) refers to stm32f1xx_it.o(i.DebugMon_Handler) for DebugMon_Handler
    startup_stm32f103xb.o(RESET) refers to stm32f1xx_it.o(i.PendSV_Handler) for PendSV_Handler
    startup_stm32f103xb.o(RESET) refers to stm32f1xx_it.o(i.SysTick_Handler) for SysTick_Handler
    startup_stm32f103xb.o(RESET) refers to stm32f1xx_it.o(i.DMA1_Channel3_IRQHandler) for DMA1_Channel3_IRQHandler
    startup_stm32f103xb.o(RESET) refers to stm32f1xx_it.o(i.DMA1_Channel5_IRQHandler) for DMA1_Channel5_IRQHandler
    startup_stm32f103xb.o(RESET) refers to stm32f1xx_it.o(i.TIM4_IRQHandler) for TIM4_IRQHandler
    startup_stm32f103xb.o(RESET) refers to stm32f1xx_it.o(i.USART1_IRQHandler) for USART1_IRQHandler
    startup_stm32f103xb.o(.text) refers (Special) to heapauxi.o(.text) for __use_two_region_memory
    startup_stm32f103xb.o(.text) refers to system_stm32f1xx.o(i.SystemInit) for SystemInit
    startup_stm32f103xb.o(.text) refers to __main.o(!!!main) for __main
    startup_stm32f103xb.o(.text) refers to startup_stm32f103xb.o(HEAP) for Heap_Mem
    startup_stm32f103xb.o(.text) refers to startup_stm32f103xb.o(STACK) for Stack_Mem
    main.o(i.HAL_TIM_PeriodElapsedCallback) refers to mpu6050.o(i.MPU6050_GET_ANGLE) for MPU6050_GET_ANGLE
    main.o(i.HAL_TIM_PeriodElapsedCallback) refers to pid.o(i.PID) for PID
    main.o(i.HAL_TIM_PeriodElapsedCallback) refers to faddsub_clz.o(x$fpl$fadd) for __aeabi_fadd
    main.o(i.HAL_TIM_PeriodElapsedCallback) refers to pid.o(i.Constant) for Constant
    main.o(i.HAL_TIM_PeriodElapsedCallback) refers to stm32f1xx_hal_gpio.o(i.HAL_GPIO_WritePin) for HAL_GPIO_WritePin
    main.o(i.HAL_TIM_PeriodElapsedCallback) refers to ffixu.o(x$fpl$ffixu) for __aeabi_f2uiz
    main.o(i.HAL_TIM_PeriodElapsedCallback) refers to main.o(.bss) for .bss
    main.o(i.HAL_TIM_PeriodElapsedCallback) refers to main.o(.data) for .data
    main.o(i.HAL_UART_RxCpltCallback) refers to main.o(i.Split_String) for Split_String
    main.o(i.HAL_UART_RxCpltCallback) refers to stm32f1xx_hal_uart.o(i.HAL_UART_Receive_DMA) for HAL_UART_Receive_DMA
    main.o(i.HAL_UART_RxCpltCallback) refers to main.o(.bss) for .bss
    main.o(i.HAL_UART_RxCpltCallback) refers to main.o(.data) for .data
    main.o(i.MX_GPIO_Init) refers to stm32f1xx_hal_gpio.o(i.HAL_GPIO_WritePin) for HAL_GPIO_WritePin
    main.o(i.MX_GPIO_Init) refers to stm32f1xx_hal_gpio.o(i.HAL_GPIO_Init) for HAL_GPIO_Init
    main.o(i.MX_TIM2_Init) refers to rt_memclr_w.o(.text) for __aeabi_memclr4
    main.o(i.MX_TIM2_Init) refers to stm32f1xx_hal_tim.o(i.HAL_TIM_Base_Init) for HAL_TIM_Base_Init
    main.o(i.MX_TIM2_Init) refers to stm32f1xx_hal_tim.o(i.HAL_TIM_ConfigClockSource) for HAL_TIM_ConfigClockSource
    main.o(i.MX_TIM2_Init) refers to stm32f1xx_hal_tim.o(i.HAL_TIM_PWM_Init) for HAL_TIM_PWM_Init
    main.o(i.MX_TIM2_Init) refers to stm32f1xx_hal_tim_ex.o(i.HAL_TIMEx_MasterConfigSynchronization) for HAL_TIMEx_MasterConfigSynchronization
    main.o(i.MX_TIM2_Init) refers to stm32f1xx_hal_tim.o(i.HAL_TIM_PWM_ConfigChannel) for HAL_TIM_PWM_ConfigChannel
    main.o(i.MX_TIM2_Init) refers to stm32f1xx_hal_msp.o(i.HAL_TIM_MspPostInit) for HAL_TIM_MspPostInit
    main.o(i.MX_TIM2_Init) refers to main.o(.bss) for .bss
    main.o(i.MX_TIM4_Init) refers to stm32f1xx_hal_tim.o(i.HAL_TIM_Base_Init) for HAL_TIM_Base_Init
    main.o(i.MX_TIM4_Init) refers to stm32f1xx_hal_tim.o(i.HAL_TIM_ConfigClockSource) for HAL_TIM_ConfigClockSource
    main.o(i.MX_TIM4_Init) refers to stm32f1xx_hal_tim_ex.o(i.HAL_TIMEx_MasterConfigSynchronization) for HAL_TIMEx_MasterConfigSynchronization
    main.o(i.MX_TIM4_Init) refers to main.o(.bss) for .bss
    main.o(i.Split_String) refers to strcpy.o(.text) for strcpy
[...]
    i.UART_EndRxTransfer                     0x080040c0   Section        0  stm32f1xx_hal_uart.o(i.UART_EndRxTransfer)
    UART_EndRxTransfer                       0x080040c1   Thumb Code    48  stm32f1xx_hal_uart.o(i.UART_EndRxTransfer)
    i.UART_EndTxTransfer                     0x080040f0   Section        0  stm32f1xx_hal_uart.o(i.UART_EndTxTransfer)
    UART_EndTxTransfer                       0x080040f1   Thumb Code    18  stm32f1xx_hal_uart.o(i.UART_EndTxTransfer)
    i.UART_Receive_IT                        0x08004102   Section        0  stm32f1xx_hal_uart.o(i.UART_Receive_IT)
    UART_Receive_IT                          0x08004103   Thumb Code   182  stm32f1xx_hal_uart.o(i.UART_Receive_IT)
    i.UART_SetConfig                         0x080041b8   Section        0  stm32f1xx_hal_uart.o(i.UART_SetConfig)
    UART_SetConfig                           0x080041b9   Thumb Code   178  stm32f1xx_hal_uart.o(i.UART_SetConfig)
    i.UART_Start_Receive_DMA                 0x08004270   Section        0  stm32f1xx_hal_uart.o(i.UART_Start_Receive_DMA)
    i.USART1_IRQHandler                      0x080042e0   Section        0  stm32f1xx_it.o(i.USART1_IRQHandler)
    i.UsageFault_Handler                     0x080042ec   Section        0  stm32f1xx_it.o(i.UsageFault_Handler)
    i.__ARM_fpclassifyf                      0x080042ee   Section        0  fpclassifyf.o(i.__ARM_fpclassifyf)
    i.__NVIC_SetPriority                     0x08004314   Section        0  stm32f1xx_hal_cortex.o(i.__NVIC_SetPriority)
    __NVIC_SetPriority                       0x08004315   Thumb Code    32  stm32f1xx_hal_cortex.o(i.__NVIC_SetPriority)
    i.__mathlib_dbl_overflow                 0x08004334   Section        0  dunder.o(i.__mathlib_dbl_overflow)
    i.__mathlib_dbl_underflow                0x08004344   Section        0  dunder.o(i.__mathlib_dbl_underflow)
    i.__mathlib_flt_infnan2                  0x08004354   Section        0  funder.o(i.__mathlib_flt_infnan2)
    i.__mathlib_flt_underflow                0x08004358   Section        0  funder.o(i.__mathlib_flt_underflow)
    i.__mathlib_narrow                       0x08004362   Section        0  narrow.o(i.__mathlib_narrow)
    i.__mathlib_tofloat                      0x08004374   Section        0  narrow.o(i.__mathlib_tofloat)
    i.__support_ldexp                        0x08004430   Section        0  ldexp.o(i.__support_ldexp)
    i._is_digit                              0x08004446   Section        0  scanf_fp.o(i._is_digit)
    i.atan2f                                 0x08004454   Section        0  atan2f.o(i.atan2f)
    i.calib_MPU6050                          0x080046f8   Section        0  mpu6050.o(i.calib_MPU6050)
    i.frexp                                  0x0800473c   Section        0  frexp.o(i.frexp)
    i.ldexp                                  0x08004794   Section        0  ldexp.o(i.ldexp)
    i.main                                   0x08004808   Section        0  main.o(i.main)
    i.strtof                                 0x0800491c   Section        0  strtof.o(i.strtof)
    locale$$code                             0x08004930   Section       44  lc_numeric_c.o(locale$$code)
    locale$$code                             0x0800495c   Section       44  lc_ctype_c.o(locale$$code)
    x$fpl$d2f                                0x08004988   Section       98  d2f.o(x$fpl$d2f)
    x$fpl$dadd                               0x080049ec   Section      336  daddsub_clz.o(x$fpl$dadd)
    _dadd1                                   0x080049fd   Thumb Code     0  daddsub_clz.o(x$fpl$dadd)
    x$fpl$dcheck1                            0x08004b3c   Section       16  dcheck1.o(x$fpl$dcheck1)
    x$fpl$dcmpinf                            0x08004b4c   Section       24  dcmpi.o(x$fpl$dcmpinf)
    x$fpl$ddiv                               0x08004b64   Section      688  ddiv.o(x$fpl$ddiv)
    ddiv_entry                               0x08004b6b   Thumb Code     0  ddiv.o(x$fpl$ddiv)
    x$fpl$deqf                               0x08004e14   Section      120  deqf.o(x$fpl$deqf)
    x$fpl$dflt                               0x08004e8c   Section       46  dflt_clz.o(x$fpl$dflt)
    x$fpl$dleqf                              0x08004ebc   Section      120  dleqf.o(x$fpl$dleqf)
    x$fpl$dmul                               0x08004f34   Section      340  dmul.o(x$fpl$dmul)
    x$fpl$dnaninf                            0x08005088   Section      156  dnaninf.o(x$fpl$dnaninf)
    x$fpl$dretinf                            0x08005124   Section       12  dretinf.o(x$fpl$dretinf)
    x$fpl$drleqf                             0x08005130   Section      108  drleqf.o(x$fpl$drleqf)
    x$fpl$dsub                               0x0800519c   Section      468  daddsub_clz.o(x$fpl$dsub)
    _dsub1                                   0x080051ad   Thumb Code     0  daddsub_clz.o(x$fpl$dsub)
    x$fpl$f2d                                0x08005370   Section       86  f2d.o(x$fpl$f2d)
    x$fpl$fadd                               0x080053c8   Section      196  faddsub_clz.o(x$fpl$fadd)
    _fadd1                                   0x080053d7   Thumb Code     0  faddsub_clz.o(x$fpl$fadd)
    x$fpl$fcheck1                            0x0800548c   Section       12  fcheck1.o(x$fpl$fcheck1)
    x$fpl$fcmpinf                            0x08005498   Section       24  fcmpi.o(x$fpl$fcmpinf)
    x$fpl$fdiv                               0x080054b0   Section      388  fdiv.o(x$fpl$fdiv)
    _fdiv1                                   0x080054b1   Thumb Code     0  fdiv.o(x$fpl$fdiv)
    x$fpl$ffixu                              0x08005634   Section       62  ffixu.o(x$fpl$ffixu)
    x$fpl$fflt                               0x08005674   Section       48  fflt_clz.o(x$fpl$fflt)
    x$fpl$fleqf                              0x080056a4   Section      104  fleqf.o(x$fpl$fleqf)
    x$fpl$fmul                               0x0800570c   Section      258  fmul.o(x$fpl$fmul)
    x$fpl$fnaninf                            0x0800580e   Section      140  fnaninf.o(x$fpl$fnaninf)
    x$fpl$fretinf                            0x0800589a   Section       10  fretinf.o(x$fpl$fretinf)
    x$fpl$frleqf                             0x080058a4   Section       98  frleqf.o(x$fpl$frleqf)
    x$fpl$frsb                               0x08005906   Section       20  faddsub_clz.o(x$fpl$frsb)
    x$fpl$fsub                               0x0800591c   Section      234  faddsub_clz.o(x$fpl$fsub)
    _fsub1                                   0x0800592b   Thumb Code     0  faddsub_clz.o(x$fpl$fsub)
    x$fpl$ieeestatus                         0x08005a06   Section        6  istatus.o(x$fpl$ieeestatus)
    x$fpl$retnan                             0x08005a0c   Section      100  retnan.o(x$fpl$retnan)
    x$fpl$scalbn                             0x08005a70   Section       92  scalbn.o(x$fpl$scalbn)
    x$fpl$scalbnf                            0x08005acc   Section       76  scalbnf.o(x$fpl$scalbnf)
    x$fpl$scanf1                             0x08005b18   Section        4  scanf1.o(x$fpl$scanf1)
    x$fpl$scanf2                             0x08005b1c   Section        8  scanf2.o(x$fpl$scanf2)
    x$fpl$trapveneer                         0x08005b24   Section       48  trapv.o(x$fpl$trapveneer)
    .constdata                               0x08005b54   Section        5  main.o(.constdata)
    x$fpl$usenofp                            0x08005b54   Section        0  usenofp.o(x$fpl$usenofp)
    .constdata                               0x08005b59   Section       16  system_stm32f1xx.o(.constdata)
    .constdata                               0x08005b69   Section        8  system_stm32f1xx.o(.constdata)
    .constdata                               0x08005b74   Section      148  bigflt0.o(.constdata)
    tenpwrs_x                                0x08005b74   Data          60  bigflt0.o(.constdata)
    tenpwrs_i                                0x08005bb0   Data          64  bigflt0.o(.constdata)
    c$$dinf                                  0x08005c28   Section        8  fpconst.o(c$$dinf)
    c$$dmax                                  0x08005c30   Section        8  fpconst.o(c$$dmax)
    locale$$data                             0x08005c38   Section       28  lc_numeric_c.o(locale$$data)
    __lcnum_c_name                           0x08005c3c   Data           2  lc_numeric_c.o(locale$$data)
    __lcnum_c_start                          0x08005c44   Data           0  lc_numeric_c.o(locale$$data)
    __lcnum_c_point                          0x08005c50   Data           0  lc_numeric_c.o(locale$$data)
    __lcnum_c_thousands                      0x08005c52   Data           0  lc_numeric_c.o(locale$$data)
    __lcnum_c_grouping                       0x08005c53   Data           0  lc_numeric_c.o(locale$$data)
    locale$$data                             0x08005c54   Section      272  lc_ctype_c.o(locale$$data)
    __lcnum_c_end                            0x08005c54   Data           0  lc_numeric_c.o(locale$$data)
    __lcctype_c_name                         0x08005c58   Data           2  lc_ctype_c.o(locale$$data)
    __lcctype_c_start                        0x08005c60   Data           0  lc_ctype_c.o(locale$$data)
    __lcctype_c_end                          0x08005d64   Data           0  lc_ctype_c.o(locale$$data)
    .data                                    0x20000000   Section      132  main.o(.data)
    .data                                    0x20000084   Section       12  stm32f1xx_hal.o(.data)
    .data                                    0x20000090   Section        4  system_stm32f1xx.o(.data)
    .data                                    0x20000094   Section       60  mpu6050.o(.data)
    .data                                    0x200000d0   Section        4  pid.o(.data)
    .data                                    0x200000d4   Section        4  strtok.o(.data)
    _strtok_saves1                           0x200000d4   Data           4  strtok.o(.data)
    .bss                                     0x200000d8   Section      564  main.o(.bss)
    .bss                                     0x2000030c   Section       68  main.o(.bss)
    .bss                                     0x20000350   Section       68  main.o(.bss)
    .bss                                     0x20000394   Section       16  mpu6050.o(.bss)
    .bss                                     0x200003a4   Section       96  libspace.o(.bss)
    HEAP                                     0x20000408   Section      512  startup_stm32f103xb.o(HEAP)
    Heap_Mem                                 0x20000408   Data         512  startup_stm32f103xb.o(HEAP)
    STACK                                    0x20000608   Section     1024  startup_stm32f103xb.o(STACK)
    Stack_Mem                                0x20000608   Data        1024  startup_stm32f103xb.o(STACK)
    __initial_sp                             0x20000a08   Data           0  startup_stm32f103xb.o(STACK)

    Global Symbols

    Symbol Name                              Value     Ov Type        Size  Object(Section)

    BuildAttributes$$THM_ISAv4$P$D$K$B$S$PE$A:L22UL41UL21$X:L11$S22US41US21$IEEE1$IW$USESV6$~STKCKD$USESV7$~SHL$OTIME$ROPI$IEEEX$EBA8$UX$STANDARDLIB$REQ8$PRES8$EABIv2 0x00000000   Number         0  anon$$obj.o ABSOLUTE
    __ARM_use_no_argv                        0x00000000   Number         0  main.o ABSOLUTE
    __ARM_exceptions_init                     - Undefined Weak Reference
    __alloca_initialize                       - Undefined Weak Reference
    __arm_fini_                               - Undefined Weak Reference
    __arm_preinit_                            - Undefined Weak Reference
    __cpp_initialize__aeabi_                  - Undefined Weak Reference
    __cxa_finalize                            - Undefined Weak Reference
    __sigvec_lookup                           - Undefined Weak Reference
    _atexit_init                              - Undefined Weak Reference
    _call_atexit_fns                          - Undefined Weak Reference
    _clock_init                               - Undefined Weak Reference
    _fp_trap_init                             - Undefined Weak Reference
    _fp_trap_shutdown                         - Undefined Weak Reference
    _get_lc_collate                           - Undefined Weak Reference
    _get_lc_monetary                          - Undefined Weak Reference
    _get_lc_time                              - Undefined Weak Reference
    _getenv_init                              - Undefined Weak Reference
    _handle_redirection                       - Undefined Weak Reference
    _init_alloc                               - Undefined Weak Reference
    _init_user_alloc                          - Undefined Weak Reference
    _initio                                   - Undefined Weak Reference
    _rand_init                                - Undefined Weak Reference
    _signal_finish                            - Undefined Weak Reference
    _signal_init                              - Undefined Weak Reference
    _terminate_alloc                          - Undefined Weak Reference
    _terminate_user_alloc                     - Undefined Weak Reference
    _terminateio                              - Undefined Weak Reference
    __Vectors_Size                           0x000000ec   Number         0  startup_stm32f103xb.o ABSOLUTE
    __Vectors                                0x08000000   Data           4  startup_stm32f103xb.o(RESET)
    __Vectors_End                            0x080000ec   Data           0  startup_stm32f103xb.o(RESET)
    __main                                   0x080000ed   Thumb Code     8  __main.o(!!!main)
    __scatterload                            0x080000f5   Thumb Code     0  __scatter.o(!!!scatter)
    __scatterload_rt2                        0x080000f5   Thumb Code    44  __scatter.o(!!!scatter)
    __scatterload_rt2_thumb_only             0x080000f5   Thumb Code     0  __scatter.o(!!!scatter)
    __scatterload_null                       0x08000103   Thumb Code     0  __scatter.o(!!!scatter)
    __scatterload_copy                       0x08000129   Thumb Code    26  __scatter_copy.o(!!handler_copy)
    __scatterload_zeroinit                   0x08000145   Thumb Code    28  __scatter_zi.o(!!handler_zi)
    __rt_lib_init                            0x08000161   Thumb Code     0  libinit.o(.ARM.Collect$$libinit$$00000000)
    __rt_lib_init_fp_1                       0x08000163   Thumb Code     0  libinit2.o(.ARM.Collect$$libinit$$00000002)
    __rt_lib_init_heap_1                     0x08000163   Thumb Code     0  libinit2.o(.ARM.Collect$$libinit$$0000000A)
    __rt_lib_init_lc_common                  0x08000163   Thumb Code     0  libinit2.o(.ARM.Collect$$libinit$$0000000F)
    __rt_lib_init_preinit_1                  0x08000163   Thumb Code     0  libinit2.o(.ARM.Collect$$libinit$$00000004)
    __rt_lib_init_rand_1                     0x08000163   Thumb Code     0  libinit2.o(.ARM.Collect$$libinit$$0000000E)
    __rt_lib_init_user_alloc_1               0x08000163   Thumb Code     0  libinit2.o(.ARM.Collect$$libinit$$0000000C)
    __rt_lib_init_lc_collate_1               0x08000169   Thumb Code     0  libinit2.o(.ARM.Collect$$libinit$$00000011)
    __rt_lib_init_lc_ctype_2                 0x08000169   Thumb Code     0  libinit2.o(.ARM.Collect$$libinit$$00000012)
    __rt_lib_init_lc_ctype_1                 0x08000175   Thumb Code     0  libinit2.o(.ARM.Collect$$libinit$$00000013)
    __rt_lib_init_lc_monetary_1              0x08000175   Thumb Code     0  libinit2.o(.ARM.Collect$$libinit$$00000015)
    __rt_lib_init_lc_numeric_2               0x08000175   Thumb Code     0  libinit2.o(.ARM.Collect$$libinit$$00000016)
    __rt_lib_init_alloca_1                   0x0800017f   Thumb Code     0  libinit2.o(.ARM.Collect$$libinit$$0000002E)
    __rt_lib_init_argv_1                     0x0800017f   Thumb Code     0  libinit2.o(.ARM.Collect$$libinit$$0000002C)
    __rt_lib_init_atexit_1                   0x0800017f   Thumb Code     0  libinit2.o(.ARM.Collect$$libinit$$0000001B)
    __rt_lib_init_clock_1                    0x0800017f   Thumb Code     0  libinit2.o(.ARM.Collect$$libinit$$00000021)
    __rt_lib_init_cpp_1                      0x0800017f   Thumb Code     0  libinit2.o(.ARM.Collect$$libinit$$00000032)
    __rt_lib_init_exceptions_1               0x0800017f   Thumb Code     0  libinit2.o(.ARM.Collect$$libinit$$00000030)
    __rt_lib_init_fp_trap_1                  0x0800017f   Thumb Code     0  libinit2.o(.ARM.Collect$$libinit$$0000001F)
    __rt_lib_init_getenv_1                   0x0800017f   Thumb Code     0  libinit2.o(.ARM.Collect$$libinit$$00000023)
    __rt_lib_init_lc_numeric_1               0x0800017f   Thumb Code     0  libinit2.o(.ARM.Collect$$libinit$$00000017)
    __rt_lib_init_lc_time_1                  0x0800017f   Thumb Code     0  libinit2.o(.ARM.Collect$$libinit$$00000019)
    __rt_lib_init_return                     0x0800017f   Thumb Code     0  libinit2.o(.ARM.Collect$$libinit$$00000033)
    __rt_lib_init_signal_1                   0x0800017f   Thumb Code     0  libinit2.o(.ARM.Collect$$libinit$$0000001D)
    __rt_lib_init_stdio_1                    0x0800017f   Thumb Code     0  libinit2.o(.ARM.Collect$$libinit$$00000025)
    __rt_lib_shutdown                        0x08000181   Thumb Code     0  libshutdown.o(.ARM.Collect$$libshutdown$$00000000)
    __rt_lib_shutdown_cpp_1                  0x08000183   Thumb Code     0  libshutdown2.o(.ARM.Collect$$libshutdown$$00000004)
    __rt_lib_shutdown_fini_1                 0x08000183   Thumb Code     0  libshutdown2.o(.ARM.Collect$$libshutdown$$00000002)
    __rt_lib_shutdown_fp_trap_1              0x08000183   Thumb Code     0  libshutdown2.o(.ARM.Collect$$libshutdown$$00000009)
    __rt_lib_shutdown_heap_1                 0x08000183   Thumb Code     0  libshutdown2.o(.ARM.Collect$$libshutdown$$00000011)
    __rt_lib_shutdown_return                 0x08000183   Thumb Code     0  libshutdown2.o(.ARM.Collect$$libshutdown$$00000012)
    __rt_lib_shutdown_signal_1               0x08000183   Thumb Code     0  libshutdown2.o(.ARM.Collect$$libshutdown$$0000000C)
    __rt_lib_shutdown_stdio_1                0x08000183   Thumb Code     0  libshutdown2.o(.ARM.Collect$$libshutdown$$00000006)
    __rt_lib_shutdown_user_alloc_1           0x08000183   Thumb Code     0  libshutdown2.o(.ARM.Collect$$libshutdown$$0000000E)
    __rt_entry                               0x08000185   Thumb Code     0  __rtentry.o(.ARM.Collect$$rtentry$$00000000)
    __rt_entry_presh_1                       0x08000185   Thumb Code     0  __rtentry2.o(.ARM.Collect$$rtentry$$00000002)
    __rt_entry_sh                            0x08000185   Thumb Code     0  __rtentry4.o(.ARM.Collect$$rtentry$$00000004)
    __rt_entry_li                            0x0800018b   Thumb Code     0  __rtentry2.o(.ARM.Collect$$rtentry$$0000000A)
    __rt_entry_postsh_1                      0x0800018b   Thumb Code     0  __rtentry2.o(.ARM.Collect$$rtentry$$00000009)
    __rt_entry_main                          0x0800018f   Thumb Code     0  __rtentry2.o(.ARM.Collect$$rtentry$$0000000D)
    __rt_entry_postli_1                      0x0800018f   Thumb Code     0  __rtentry2.o(.ARM.Collect$$rtentry$$0000000C)
    __rt_exit                                0x08000197   Thumb Code     0  rtexit.o(.ARM.Collect$$rtexit$$00000000)
    __rt_exit_ls                             0x08000199   Thumb Code     0  rtexit2.o(.ARM.Collect$$rtexit$$00000003)
    __rt_exit_prels_1                        0x08000199   Thumb Code     0  rtexit2.o(.ARM.Collect$$rtexit$$00000002)
    __rt_exit_exit                           0x0800019d   Thumb Code     0  rtexit2.o(.ARM.Collect$$rtexit$$00000004)
    Reset_Handler                            0x080001a5   Thumb Code     8  startup_stm32f103xb.o(.text)
    ADC1_2_IRQHandler                        0x080001bf   Thumb Code     0  startup_stm32f103xb.o(.text)
    CAN1_RX1_IRQHandler                      0x080001bf   Thumb Code     0  startup_stm32f103xb.o(.text)
    CAN1_SCE_IRQHandler                      0x080001bf   Thumb Code     0  startup_stm32f103xb.o(.text)
    DMA1_Channel1_IRQHandler                 0x080001bf   Thumb Code     0  startup_stm32f103xb.o(.text)
    DMA1_Channel2_IRQHandler                 0x080001bf   Thumb Code     0  startup_stm32f103xb.o(.text)
    DMA1_Channel4_IRQHandler                 0x080001bf   Thumb Code     0  startup_stm32f103xb.o(.text)
    DMA1_Channel6_IRQHandler                 0x080001bf   Thumb Code     0  startup_stm32f103xb.o(.text)
    DMA1_Channel7_IRQHandler                 0x080001bf   Thumb Code     0  startup_stm32f103xb.o(.text)
    EXTI0_IRQHandler                         0x080001bf   Thumb Code     0  startup_stm32f103xb.o(.text)
    EXTI15_10_IRQHandler                     0x080001bf   Thumb Code     0  startup_stm32f103xb.o(.text)
    EXTI1_IRQHandler                         0x080001bf   Thumb Code     0  startup_stm32f103xb.o(.text)
    EXTI2_IRQHandler                         0x080001bf   Thumb Code     0  startup_stm32f103xb.o(.text)
    EXTI3_IRQHandler                         0x080001bf   Thumb Code     0  startup_stm32f103xb.o(.text)
    EXTI4_IRQHandler                         0x080001bf   Thumb Code     0  startup_stm32f103xb.o(.text)
    EXTI9_5_IRQHandler                       0x080001bf   Thumb Code     0  startup_stm32f103xb.o(.text)
    FLASH_IRQHandler                         0x080001bf   Thumb Code     0  startup_stm32f103xb.o(.text)
    I2C1_ER_IRQHandler                       0x080001bf   Thumb Code     0  startup_stm32f103xb.o(.text)
    I2C1_EV_IRQHandler                       0x080001bf   Thumb Code     0  startup_stm32f103xb.o(.text)
    I2C2_ER_IRQHandler                       0x080001bf   Thumb Code     0  startup_stm32f103xb.o(.text)
    I2C2_EV_IRQHandler                       0x080001bf   Thumb Code     0  startup_stm32f103xb.o(.text)
    PVD_IRQHandler                           0x080001bf   Thumb Code     0  startup_stm32f103xb.o(.text)
    RCC_IRQHandler                           0x080001bf   Thumb Code     0  startup_stm32f103xb.o(.text)
    RTC_Alarm_IRQHandler                     0x080001bf   Thumb Code     0  startup_stm32f103xb.o(.text)
    RTC_IRQHandler                           0x080001bf   Thumb Code     0  startup_stm32f103xb.o(.text)
    SPI1_IRQHandler                          0x080001bf   Thumb Code     0  startup_stm32f103xb.o(.text)
    SPI2_IRQHandler                          0x080001bf   Thumb Code     0  startup_stm32f103xb.o(.text)
    TAMPER_IRQHandler                        0x080001bf   Thumb Code     0  startup_stm32f103xb.o(.text)
    TIM1_BRK_IRQHandler                      0x080001bf   Thumb Code     0  startup_stm32f103xb.o(.text)
    TIM1_CC_IRQHandler                       0x080001bf   Thumb Code     0  startup_stm32f103xb.o(.text)
    TIM1_TRG_COM_IRQHandler                  0x080001bf   Thumb Code     0  startup_stm32f103xb.o(.text)
    TIM1_UP_IRQHandler                       0x080001bf   Thumb Code     0  startup_stm32f103xb.o(.text)
    TIM2_IRQHandler                          0x080001bf   Thumb Code     0  startup_stm32f103xb.o(.text)
    TIM3_IRQHandler                          0x080001bf   Thumb Code     0  startup_stm32f103xb.o(.text)
    USART2_IRQHandler                        0x080001bf   Thumb Code     0  startup_stm32f103xb.o(.text)
    USART3_IRQHandler                        0x080001bf   Thumb Code     0  startup_stm32f103xb.o(.text)
    USBWakeUp_IRQHandler                     0x080001bf   Thumb Code     0  startup_stm32f103xb.o(.text)
    USB_HP_CAN1_TX_IRQHandler                0x080001bf   Thumb Code     0  startup_stm32f103xb.o(.text)
    USB_LP_CAN1_RX0_IRQHandler               0x080001bf   Thumb Code     0  startup_stm32f103xb.o(.text)
    WWDG_IRQHandler                          0x080001bf   Thumb Code     0  startup_stm32f103xb.o(.text)
    __user_initial_stackheap                 0x080001c1   Thumb Code     0  startup_stm32f103xb.o(.text)
    strtok                                   0x080001e5   Thumb Code     6  strtok.o(.text)
    strcpy                                   0x080001f1   Thumb Code    72  strcpy.o(.text)
    __aeabi_memclr4                          0x08000239   Thumb Code     0  rt_memclr_w.o(.text)
    __aeabi_memclr8                          0x08000239   Thumb Code     0  rt_memclr_w.o(.text)
    __rt_memclr_w                            0x08000239   Thumb Code    78  rt_memclr_w.o(.text)
    _memset_w                                0x0800023d   Thumb Code     0  rt_memclr_w.o(.text)
    strcmp                                   0x08000289   Thumb Code   128  strcmpv7m.o(.text)
    __use_two_region_memory                  0x08000309   Thumb Code     2  heapauxi.o(.text)
    __rt_heap_escrow$2region                 0x0800030b   Thumb Code     2  heapauxi.o(.text)
    __rt_heap_expand$2region                 0x0800030d   Thumb Code     2  heapauxi.o(.text)
    __read_errno                             0x0800030f   Thumb Code    10  _rserrno.o(.text)
    __set_errno                              0x08000319   Thumb Code    12  _rserrno.o(.text)
    __strtof_int                             0x08000325   Thumb Code    26  strtof.o(.text)
    __strtok_internal                        0x08000341   Thumb Code    64  strtok_int.o(.text)
    __aeabi_errno_addr                       0x08000385   Thumb Code     8  rt_errno_addr_intlibspace.o(.text)
    __errno$intlibspace                      0x08000385   Thumb Code     0  rt_errno_addr_intlibspace.o(.text)
    __rt_errno_addr$intlibspace              0x08000385   Thumb Code     0  rt_errno_addr_intlibspace.o(.text)
    __strtod_int                             0x080003c9   Thumb Code    90  strtod.o(.text)
    strcspn                                  0x08000431   Thumb Code    32  strcspn.o(.text)
    strspn                                   0x08000451   Thumb Code    28  strspn.o(.text)
    __user_libspace                          0x0800046d   Thumb Code     8  libspace.o(.text)
    __user_perproc_libspace                  0x0800046d   Thumb Code     0  libspace.o(.text)
    __user_perthread_libspace                0x0800046d   Thumb Code     0  libspace.o(.text)
    __user_setup_stackheap                   0x08000475   Thumb Code    74  sys_stackheap_outer.o(.text)
    isspace                                  0x080004bf   Thumb Code    18  isspace.o(.text)
    _sgetc                                   0x080004d1   Thumb Code    30  _sgetc.o(.text)
    _sbackspace                              0x080004ef   Thumb Code    34  _sgetc.o(.text)
    exit                                     0x08000511   Thumb Code    18  exit.o(.text)
    __rt_ctype_table                         0x08000525   Thumb Code    16  rt_ctype_table.o(.text)
    _scanf_really_real                       0x08000781   Thumb Code   684  scanf_fp.o(.text)
    __rt_locale                              0x08000a2d   Thumb Code     8  rt_locale_intlibspace.o(.text)
    _btod_etento                             0x08000a35   Thumb Code   224  bigflt0.o(.text)
    _sys_exit                                0x08000b19   Thumb Code     8  sys_exit.o(.text)
    _scanf_really_hex_real                   0x08000b25   Thumb Code   786  scanf_hexfp.o(.text)
    _scanf_really_infnan                     0x08000e45   Thumb Code   292  scanf_infnan.o(.text)
    __I$use$semihosting                      0x08000f79   Thumb Code     0  use_no_semi.o(.text)
    __use_no_semihosting_swi                 0x08000f79   Thumb Code     2  use_no_semi.o(.text)
    __aeabi_llsl                             0x08000f7b   Thumb Code     0  llshl.o(.text)
    __semihosting_library_function           0x08000f7b   Thumb Code     0  indicate_semi.o(.text)
    _ll_shift_l                              0x08000f7b   Thumb Code    38  llshl.o(.text)
    _chval                                   0x08000fa1   Thumb Code    28  _chval.o(.text)
    __btod_div_common                        0x08000fbd   Thumb Code   696  btod.o(CL$$btod_div_common)
    _e2d                                     0x080012f5   Thumb Code   122  btod.o(CL$$btod_e2d)
    _e2e                                     0x08001379   Thumb Code   220  btod.o(CL$$btod_e2e)
    _btod_ediv                               0x08001455   Thumb Code    42  btod.o(CL$$btod_ediv)
    _btod_edivd                              0x0800147f   Thumb Code    42  btod.o(CL$$btod_edivd)
    _btod_emul                               0x080014a9   Thumb Code    42  btod.o(CL$$btod_emul)
    _btod_emuld                              0x080014d3   Thumb Code    42  btod.o(CL$$btod_emuld)
    __btod_mult_common                       0x080014fd   Thumb Code   580  btod.o(CL$$btod_mult_common)
    BusFault_Handler                         0x08001741   Thumb Code     2  stm32f1xx_it.o(i.BusFault_Handler)
    Constant                                 0x08001743   Thumb Code    34  pid.o(i.Constant)
    DMA1_Channel3_IRQHandler                 0x08001765   Thumb Code     6  stm32f1xx_it.o(i.DMA1_Channel3_IRQHandler)
    DMA1_Channel5_IRQHandler                 0x08001771   Thumb Code     6  stm32f1xx_it.o(i.DMA1_Channel5_IRQHandler)
    DebugMon_Handler                         0x080017a7   Thumb Code     2  stm32f1xx_it.o(i.DebugMon_Handler)
    Error_Handler                            0x080017a9   Thumb Code     4  main.o(i.Error_Handler)
    HAL_DMA_Abort                            0x080017ad   Thumb Code    70  stm32f1xx_hal_dma.o(i.HAL_DMA_Abort)
    HAL_DMA_Abort_IT                         0x080017f5   Thumb Code   148  stm32f1xx_hal_dma.o(i.HAL_DMA_Abort_IT)
    HAL_DMA_IRQHandler                       0x0800188d   Thumb Code   316  stm32f1xx_hal_dma.o(i.HAL_DMA_IRQHandler)
    HAL_DMA_Init                             0x080019e1   Thumb Code    84  stm32f1xx_hal_dma.o(i.HAL_DMA_Init)
    HAL_DMA_Start_IT                         0x08001a3d   Thumb Code   112  stm32f1xx_hal_dma.o(i.HAL_DMA_Start_IT)
    HAL_GPIO_Init                            0x08001aad   Thumb Code   446  stm32f1xx_hal_gpio.o(i.HAL_GPIO_Init)
    HAL_GPIO_WritePin                        0x08001c8d   Thumb Code    10  stm32f1xx_hal_gpio.o(i.HAL_GPIO_WritePin)
    HAL_GetTick                              0x08001c99   Thumb Code     6  stm32f1xx_hal.o(i.HAL_GetTick)
    HAL_I2C_Init                             0x08001ca5   Thumb Code   376  stm32f1xx_hal_i2c.o(i.HAL_I2C_Init)
    HAL_I2C_Mem_Read                         0x08001e2d   Thumb Code   574  stm32f1xx_hal_i2c.o(i.HAL_I2C_Mem_Read)
    HAL_I2C_Mem_Write                        0x0800207d   Thumb Code   294  stm32f1xx_hal_i2c.o(i.HAL_I2C_Mem_Write)
    HAL_I2C_MspInit                          0x080021ad   Thumb Code    80  stm32f1xx_hal_msp.o(i.HAL_I2C_MspInit)
    HAL_IncTick                              0x08002209   Thumb Code    12  stm32f1xx_hal.o(i.HAL_IncTick)
    HAL_Init                                 0x08002219   Thumb Code    32  stm32f1xx_hal.o(i.HAL_Init)
    HAL_InitTick                             0x0800223d   Thumb Code    54  stm32f1xx_hal.o(i.HAL_InitTick)
    HAL_MspInit                              0x0800227d   Thumb Code    52  stm32f1xx_hal_msp.o(i.HAL_MspInit)
    HAL_NVIC_EnableIRQ                       0x080022b9   Thumb Code    26  stm32f1xx_hal_cortex.o(i.HAL_NVIC_EnableIRQ)
    HAL_NVIC_SetPriority                     0x080022d5   Thumb Code    60  stm32f1xx_hal_cortex.o(i.HAL_NVIC_SetPriority)
    HAL_NVIC_SetPriorityGrouping             0x08002315   Thumb Code    26  stm32f1xx_hal_cortex.o(i.HAL_NVIC_SetPriorityGrouping)
    HAL_RCC_ClockConfig                      0x08002339   Thumb Code   280  stm32f1xx_hal_rcc.o(i.HAL_RCC_ClockConfig)
    HAL_RCC_GetPCLK1Freq                     0x08002465   Thumb Code    20  stm32f1xx_hal_rcc.o(i.HAL_RCC_GetPCLK1Freq)
    HAL_RCC_GetPCLK2Freq                     0x08002485   Thumb Code    20  stm32f1xx_hal_rcc.o(i.HAL_RCC_GetPCLK2Freq)
    HAL_RCC_GetSysClockFreq                  0x080024a5   Thumb Code    74  stm32f1xx_hal_rcc.o(i.HAL_RCC_GetSysClockFreq)
    HAL_RCC_OscConfig                        0x08002511   Thumb Code   778  stm32f1xx_hal_rcc.o(i.HAL_RCC_OscConfig)
    HAL_SYSTICK_Config                       0x08002831   Thumb Code    40  stm32f1xx_hal_cortex.o(i.HAL_SYSTICK_Config)
    HAL_TIMEx_BreakCallback                  0x08002859   Thumb Code     2  stm32f1xx_hal_tim_ex.o(i.HAL_TIMEx_BreakCallback)
    HAL_TIMEx_CommutCallback                 0x0800285b   Thumb Code     2  stm32f1xx_hal_tim_ex.o(i.HAL_TIMEx_CommutCallback)
    HAL_TIMEx_MasterConfigSynchronization    0x0800285d   Thumb Code    92  stm32f1xx_hal_tim_ex.o(i.HAL_TIMEx_MasterConfigSynchronization)
    HAL_TIM_Base_Init                        0x080028c5   Thumb Code    90  stm32f1xx_hal_tim.o(i.HAL_TIM_Base_Init)
    HAL_TIM_Base_MspInit                     0x08002921   Thumb Code    72  stm32f1xx_hal_msp.o(i.HAL_TIM_Base_MspInit)
    HAL_TIM_Base_Start_IT                    0x08002971   Thumb Code    76  stm32f1xx_hal_tim.o(i.HAL_TIM_Base_Start_IT)
    HAL_TIM_ConfigClockSource                0x080029c9   Thumb Code   214  stm32f1xx_hal_tim.o(i.HAL_TIM_ConfigClockSource)
    HAL_TIM_IC_CaptureCallback               0x08002a9f   Thumb Code     2  stm32f1xx_hal_tim.o(i.HAL_TIM_IC_CaptureCallback)
    HAL_TIM_IRQHandler                       0x08002aa1   Thumb Code   358  stm32f1xx_hal_tim.o(i.HAL_TIM_IRQHandler)
    HAL_TIM_MspPostInit                      0x08002c09   Thumb Code    62  stm32f1xx_hal_msp.o(i.HAL_TIM_MspPostInit)
    HAL_TIM_OC_DelayElapsedCallback          0x08002c51   Thumb Code     2  stm32f1xx_hal_tim.o(i.HAL_TIM_OC_DelayElapsedCallback)
    HAL_TIM_PWM_ConfigChannel                0x08002c53   Thumb Code   198  stm32f1xx_hal_tim.o(i.HAL_TIM_PWM_ConfigChannel)
    HAL_TIM_PWM_Init                         0x08002d19   Thumb Code    90  stm32f1xx_hal_tim.o(i.HAL_TIM_PWM_Init)
    HAL_TIM_PWM_MspInit                      0x08002d73   Thumb Code     2  stm32f1xx_hal_tim.o(i.HAL_TIM_PWM_MspInit)
    HAL_TIM_PWM_PulseFinishedCallback        0x08002d75   Thumb Code     2  stm32f1xx_hal_tim.o(i.HAL_TIM_PWM_PulseFinishedCallback)
    HAL_TIM_PWM_Start                        0x08002d79   Thumb Code   144  stm32f1xx_hal_tim.o(i.HAL_TIM_PWM_Start)
    HAL_TIM_PeriodElapsedCallback            0x08002e15   Thumb Code   292  main.o(i.HAL_TIM_PeriodElapsedCallback)
    HAL_TIM_TriggerCallback                  0x08002f55   Thumb Code     2  stm32f1xx_hal_tim.o(i.HAL_TIM_TriggerCallback)
    HAL_UARTEx_RxEventCallback               0x08002f57   Thumb Code     2  stm32f1xx_hal_uart.o(i.HAL_UARTEx_RxEventCallback)
    HAL_UART_ErrorCallback                   0x08002f59   Thumb Code     2  stm32f1xx_hal_uart.o(i.HAL_UART_ErrorCallback)
    HAL_UART_IRQHandler                      0x08002f5d   Thumb Code   520  stm32f1xx_hal_uart.o(i.HAL_UART_IRQHandler)
    HAL_UART_Init                            0x08003169   Thumb Code    98  stm32f1xx_hal_uart.o(i.HAL_UART_Init)
    HAL_UART_MspInit                         0x080031cd   Thumb Code   278  stm32f1xx_hal_msp.o(i.HAL_UART_MspInit)
    HAL_UART_Receive_DMA                     0x08003305   Thumb Code    42  stm32f1xx_hal_uart.o(i.HAL_UART_Receive_DMA)
    HAL_UART_RxCpltCallback                  0x08003331   Thumb Code    74  main.o(i.HAL_UART_RxCpltCallback)
    HAL_UART_RxHalfCpltCallback              0x08003389   Thumb Code     2  stm32f1xx_hal_uart.o(i.HAL_UART_RxHalfCpltCallback)
    HAL_UART_TxCpltCallback                  0x0800338b   Thumb Code     2  stm32f1xx_hal_uart.o(i.HAL_UART_TxCpltCallback)
    HardFault_Handler                        0x0800338d   Thumb Code     2  stm32f1xx_it.o(i.HardFault_Handler)
    Kalman_getAngle                          0x0800375d   Thumb Code   268  mpu6050.o(i.Kalman_getAngle)
    MPU6050_GET_ANGLE                        0x08003871   Thumb Code   162  mpu6050.o(i.MPU6050_GET_ANGLE)
    MPU6050_Init                             0x0800392d   Thumb Code   140  mpu6050.o(i.MPU6050_Init)
    MPU6050_Read_Accel                       0x080039b9   Thumb Code   104  mpu6050.o(i.MPU6050_Read_Accel)
    MPU6050_Read_Gyro                        0x08003a25   Thumb Code   120  mpu6050.o(i.MPU6050_Read_Gyro)
    MemManage_Handler                        0x08003c25   Thumb Code     2  stm32f1xx_it.o(i.MemManage_Handler)
    NMI_Handler                              0x08003c27   Thumb Code     2  stm32f1xx_it.o(i.NMI_Handler)
    PID                                      0x08003c29   Thumb Code   108  pid.o(i.PID)
    PendSV_Handler                           0x08003ca1   Thumb Code     2  stm32f1xx_it.o(i.PendSV_Handler)
    SVC_Handler                              0x08003ca3   Thumb Code     2  stm32f1xx_it.o(i.SVC_Handler)
    Split_String                             0x08003ca5   Thumb Code   140  main.o(i.Split_String)
    SysTick_Handler                          0x08003d4d   Thumb Code     4  stm32f1xx_it.o(i.SysTick_Handler)
    SystemClock_Config                       0x08003d51   Thumb Code    94  main.o(i.SystemClock_Config)
    SystemInit                               0x08003daf   Thumb Code     2  system_stm32f1xx.o(i.SystemInit)
    TIM4_IRQHandler                          0x08003db1   Thumb Code     6  stm32f1xx_it.o(i.TIM4_IRQHandler)
    TIM_Base_SetConfig                       0x08003dbd   Thumb Code    94  stm32f1xx_hal_tim.o(i.TIM_Base_SetConfig)
    TIM_CCxChannelCmd                        0x08003e29   Thumb Code    26  stm32f1xx_hal_tim.o(i.TIM_CCxChannelCmd)
    TIM_ETR_SetConfig                        0x08003e43   Thumb Code    20  stm32f1xx_hal_tim.o(i.TIM_ETR_SetConfig)
    TIM_OC2_SetConfig                        0x08003eb9   Thumb Code    84  stm32f1xx_hal_tim.o(i.TIM_OC2_SetConfig)
    UART_Start_Receive_DMA                   0x08004271   Thumb Code    98  stm32f1xx_hal_uart.o(i.UART_Start_Receive_DMA)
    USART1_IRQHandler                        0x080042e1   Thumb Code     6  stm32f1xx_it.o(i.USART1_IRQHandler)
    UsageFault_Handler                       0x080042ed   Thumb Code     2  stm32f1xx_it.o(i.UsageFault_Handler)
    __ARM_fpclassifyf                        0x080042ef   Thumb Code    38  fpclassifyf.o(i.__ARM_fpclassifyf)
    __mathlib_dbl_overflow                   0x08004335   Thumb Code    14  dunder.o(i.__mathlib_dbl_overflow)
    __mathlib_dbl_underflow                  0x08004345   Thumb Code    10  dunder.o(i.__mathlib_dbl_underflow)
    __mathlib_flt_infnan2                    0x08004355   Thumb Code     4  funder.o(i.__mathlib_flt_infnan2)
    __mathlib_flt_underflow                  0x08004359   Thumb Code    10  funder.o(i.__mathlib_flt_underflow)
    __mathlib_narrow                         0x08004363   Thumb Code    16  narrow.o(i.__mathlib_narrow)
    __mathlib_tofloat                        0x08004375   Thumb Code   184  narrow.o(i.__mathlib_tofloat)
    __support_ldexp                          0x08004431   Thumb Code    22  ldexp.o(i.__support_ldexp)
    _is_digit                                0x08004447   Thumb Code    14  scanf_fp.o(i._is_digit)
    atan2f                                   0x08004455   Thumb Code   598  atan2f.o(i.atan2f)
    calib_MPU6050                            0x080046f9   Thumb Code    62  mpu6050.o(i.calib_MPU6050)
    frexp                                    0x0800473d   Thumb Code    80  frexp.o(i.frexp)
    ldexp                                    0x08004795   Thumb Code   116  ldexp.o(i.ldexp)
    main                                     0x08004809   Thumb Code   248  main.o(i.main)
    strtof                                   0x0800491d   Thumb Code    20  strtof.o(i.strtof)
    _get_lc_numeric                          0x08004931   Thumb Code    44  lc_numeric_c.o(locale$$code)
    _get_lc_ctype                            0x0800495d   Thumb Code    44  lc_ctype_c.o(locale$$code)
    __aeabi_d2f                              0x08004989   Thumb Code     0  d2f.o(x$fpl$d2f)
    _d2f                                     0x08004989   Thumb Code    98  d2f.o(x$fpl$d2f)
    __aeabi_dadd                             0x080049ed   Thumb Code     0  daddsub_clz.o(x$fpl$dadd)
    _dadd                                    0x080049ed   Thumb Code   332  daddsub_clz.o(x$fpl$dadd)
    __fpl_dcheck_NaN1                        0x08004b3d   Thumb Code    10  dcheck1.o(x$fpl$dcheck1)
    __fpl_dcmp_Inf                           0x08004b4d   Thumb Code    24  dcmpi.o(x$fpl$dcmpinf)
    __aeabi_ddiv                             0x08004b65   Thumb Code     0  ddiv.o(x$fpl$ddiv)
    _ddiv                                    0x08004b65   Thumb Code   552  ddiv.o(x$fpl$ddiv)
    __aeabi_cdcmpeq                          0x08004e15   Thumb Code     0  deqf.o(x$fpl$deqf)
    _dcmpeq                                  0x08004e15   Thumb Code   120  deqf.o(x$fpl$deqf)
    __aeabi_i2d                              0x08004e8d   Thumb Code     0  dflt_clz.o(x$fpl$dflt)
    _dflt                                    0x08004e8d   Thumb Code    46  dflt_clz.o(x$fpl$dflt)
    __aeabi_cdcmple                          0x08004ebd   Thumb Code     0  dleqf.o(x$fpl$dleqf)
    _dcmple                                  0x08004ebd   Thumb Code   120  dleqf.o(x$fpl$dleqf)
    __fpl_dcmple_InfNaN                      0x08004f1f   Thumb Code     0  dleqf.o(x$fpl$dleqf)
    __aeabi_dmul                             0x08004f35   Thumb Code     0  dmul.o(x$fpl$dmul)
    _dmul                                    0x08004f35   Thumb Code   332  dmul.o(x$fpl$dmul)
    __fpl_dnaninf                            0x08005089   Thumb Code   156  dnaninf.o(x$fpl$dnaninf)
    __fpl_dretinf                            0x08005125   Thumb Code    12  dretinf.o(x$fpl$dretinf)
    __aeabi_cdrcmple                         0x08005131   Thumb Code     0  drleqf.o(x$fpl$drleqf)
    _drcmple                                 0x08005131   Thumb Code   108  drleqf.o(x$fpl$drleqf)
    __aeabi_dsub                             0x0800519d   Thumb Code     0  daddsub_clz.o(x$fpl$dsub)
    _dsub                                    0x0800519d   Thumb Code   464  daddsub_clz.o(x$fpl$dsub)
    __aeabi_f2d                              0x08005371   Thumb Code     0  f2d.o(x$fpl$f2d)
    _f2d                                     0x08005371   Thumb Code    86  f2d.o(x$fpl$f2d)
    __aeabi_fadd                             0x080053c9   Thumb Code     0  faddsub_clz.o(x$fpl$fadd)
    _fadd                                    0x080053c9   Thumb Code   196  faddsub_clz.o(x$fpl$fadd)
    __fpl_fcheck_NaN1                        0x0800548d   Thumb Code     6  fcheck1.o(x$fpl$fcheck1)
    __fpl_fcmp_Inf                           0x08005499   Thumb Code    24  fcmpi.o(x$fpl$fcmpinf)
    __aeabi_fdiv                             0x080054b1   Thumb Code     0  fdiv.o(x$fpl$fdiv)
    _fdiv                                    0x080054b1   Thumb Code   384  fdiv.o(x$fpl$fdiv)
    __aeabi_f2uiz                            0x08005635   Thumb Code     0  ffixu.o(x$fpl$ffixu)
    _ffixu                                   0x08005635   Thumb Code    62  ffixu.o(x$fpl$ffixu)
    __aeabi_i2f                              0x08005675   Thumb Code     0  fflt_clz.o(x$fpl$fflt)
    _fflt                                    0x08005675   Thumb Code    48  fflt_clz.o(x$fpl$fflt)
    __aeabi_cfcmple                          0x080056a5   Thumb Code     0  fleqf.o(x$fpl$fleqf)
    _fcmple                                  0x080056a5   Thumb Code   104  fleqf.o(x$fpl$fleqf)
    __fpl_fcmple_InfNaN                      0x080056f7   Thumb Code     0  fleqf.o(x$fpl$fleqf)
    __aeabi_fmul                             0x0800570d   Thumb Code     0  fmul.o(x$fpl$fmul)
    _fmul                                    0x0800570d   Thumb Code   258  fmul.o(x$fpl$fmul)
    __fpl_fnaninf                            0x0800580f   Thumb Code   140  fnaninf.o(x$fpl$fnaninf)
    __fpl_fretinf                            0x0800589b   Thumb Code    10  fretinf.o(x$fpl$fretinf)
    __aeabi_cfrcmple                         0x080058a5   Thumb Code     0  frleqf.o(x$fpl$frleqf)
    _frcmple                                 0x080058a5   Thumb Code    98  frleqf.o(x$fpl$frleqf)
    __aeabi_frsub                            0x08005907   Thumb Code     0  faddsub_clz.o(x$fpl$frsb)
    _frsb                                    0x08005907   Thumb Code    20  faddsub_clz.o(x$fpl$frsb)
    __aeabi_fsub                             0x0800591d   Thumb Code     0  faddsub_clz.o(x$fpl$fsub)
    _fsub                                    0x0800591d   Thumb Code   234  faddsub_clz.o(x$fpl$fsub)
    __ieee_status                            0x08005a07   Thumb Code     6  istatus.o(x$fpl$ieeestatus)
    __fpl_return_NaN                         0x08005a0d   Thumb Code   100  retnan.o(x$fpl$retnan)
    __ARM_scalbn                             0x08005a71   Thumb Code    92  scalbn.o(x$fpl$scalbn)
    __ARM_scalbnf                            0x08005acd   Thumb Code    76  scalbnf.o(x$fpl$scalbnf)
    _scanf_real                              0x08005b19   Thumb Code     4  scanf1.o(x$fpl$scanf1)
    _scanf_hex_real                          0x08005b1d   Thumb Code     4  scanf2.o(x$fpl$scanf2)
    _scanf_infnan                            0x08005b21   Thumb Code     4  scanf2.o(x$fpl$scanf2)
    __fpl_cmpreturn                          0x08005b25   Thumb Code    48  trapv.o(x$fpl$trapveneer)
    __I$use$fp                               0x08005b54   Number         0  usenofp.o(x$fpl$usenofp)
    s                                        0x08005b54   Data           5  main.o(.constdata)
    AHBPrescTable                            0x08005b59   Data          16  system_stm32f1xx.o(.constdata)
    APBPrescTable                            0x08005b69   Data           8  system_stm32f1xx.o(.constdata)
    Region$$Table$$Base                      0x08005c08   Number         0  anon$$obj.o(Region$$Table)
    Region$$Table$$Limit                     0x08005c28   Number         0  anon$$obj.o(Region$$Table)
    __aeabi_HUGE_VAL                         0x08005c28   Data           0  fpconst.o(c$$dinf)
    __aeabi_HUGE_VALL                        0x08005c28   Data           0  fpconst.o(c$$dinf)
    __aeabi_INFINITY                         0x08005c28   Data           0  fpconst.o(c$$dinf)
    __dInf                                   0x08005c28   Data           0  fpconst.o(c$$dinf)
    __huge_val                               0x08005c28   Data           0  fpconst.o(c$$dinf)
    __dbl_max                                0x08005c30   Data           0  fpconst.o(c$$dmax)
    __ctype                                  0x08005c61   Data           0  lc_ctype_c.o(locale$$data)
    Rx_data                                  0x20000000   Data           1  main.o(.data)
    u                                        0x20000004   Data           4  main.o(.data)
    yu                                       0x20000008   Data           4  main.o(.data)
    yuT                                      0x2000000c   Data           4  main.o(.data)
    yuP                                      0x20000010   Data           4  main.o(.data)
    uT                                       0x20000014   Data           4  main.o(.data)
    uP                                       0x20000018   Data           4  main.o(.data)
    SP                                       0x2000001c   Data           4  main.o(.data)
    Pitch                                    0x20000020   Data           4  main.o(.data)
    Kp                                       0x20000024   Data           4  main.o(.data)
    Ki                                       0x20000028   Data           4  main.o(.data)
    Kd                                       0x2000002c   Data           4  main.o(.data)
    ySP                                      0x20000030   Data           4  main.o(.data)
    Yaw                                      0x20000034   Data           4  main.o(.data)
    yKp                                      0x20000038   Data           4  main.o(.data)
    yKi                                      0x2000003c   Data           4  main.o(.data)
    yKd                                      0x20000040   Data           4  main.o(.data)
    Error_calib                              0x20000044   Data           4  main.o(.data)
    pTerm                                    0x20000048   Data           4  main.o(.data)
    iTerm                                    0x2000004c   Data           4  main.o(.data)
    dTerm                                    0x20000050   Data           4  main.o(.data)
    last_error                               0x20000054   Data           4  main.o(.data)
    error                                    0x20000058   Data           4  main.o(.data)
    ypTerm                                   0x2000005c   Data           4  main.o(.data)
    yiTerm                                   0x20000060   Data           4  main.o(.data)
    ydTerm                                   0x20000064   Data           4  main.o(.data)
    ylast_error                              0x20000068   Data           4  main.o(.data)
    yerror                                   0x2000006c   Data           4  main.o(.data)
    str_Angle                                0x20000070   Data           4  main.o(.data)
    str_Kp                                   0x20000074   Data           4  main.o(.data)
    str_Ki                                   0x20000078   Data           4  main.o(.data)
    str_Kd                                   0x2000007c   Data           4  main.o(.data)
    Rx_index                                 0x20000080   Data           4  main.o(.data)
    uwTickFreq                               0x20000084   Data           1  stm32f1xx_hal.o(.data)
    uwTickPrio                               0x20000088   Data           4  stm32f1xx_hal.o(.data)
    uwTick                                   0x2000008c   Data           4  stm32f1xx_hal.o(.data)
    SystemCoreClock                          0x20000090   Data           4  system_stm32f1xx.o(.data)
    Accel_X_RAW                              0x20000094   Data           2  mpu6050.o(.data)
    Accel_Y_RAW                              0x20000096   Data           2  mpu6050.o(.data)
    Accel_Z_RAW                              0x20000098   Data           2  mpu6050.o(.data)
    Gyro_X_RAW                               0x2000009a   Data           2  mpu6050.o(.data)
    Gyro_Y_RAW                               0x2000009c   Data           2  mpu6050.o(.data)
    Gyro_Z_RAW                               0x2000009e   Data           2  mpu6050.o(.data)
    Ax                                       0x200000a0   Data           4  mpu6050.o(.data)
    Ay                                       0x200000a4   Data           4  mpu6050.o(.data)
    Az                                       0x200000a8   Data           4  mpu6050.o(.data)
    Gx                                       0x200000ac   Data           4  mpu6050.o(.data)
    Gy                                       0x200000b0   Data           4  mpu6050.o(.data)
    Gz                                       0x200000b4   Data           4  mpu6050.o(.data)
    bias                                     0x200000b8   Data           4  mpu6050.o(.data)
    angle                                    0x200000bc   Data           4  mpu6050.o(.data)
    Q_angle                                  0x200000c0   Data           4  mpu6050.o(.data)
    Q_bias                                   0x200000c4   Data           4  mpu6050.o(.data)
    R_measure                                0x200000c8   Data           4  mpu6050.o(.data)
    pitch                                    0x200000cc   Data           4  mpu6050.o(.data)
    duty                                     0x200000d0   Data           4  pid.o(.data)
    Rx_data1                                 0x200000d8   Data         100  main.o(.bss)
    Rx_data2                                 0x2000013c   Data         100  main.o(.bss)
    hi2c1                                    0x200001a0   Data          84  main.o(.bss)
    htim2                                    0x200001f4   Data          72  main.o(.bss)
    htim4                                    0x2000023c   Data          72  main.o(.bss)
    huart1                                   0x20000284   Data          68  main.o(.bss)
    huart3                                   0x200002c8   Data          68  main.o(.bss)
    hdma_usart1_rx                           0x2000030c   Data          68  main.o(.bss)
    hdma_usart3_rx                           0x20000350   Data          68  main.o(.bss)
    P                                        0x20000394   Data          16  mpu6050.o(.bss)
    __libspace_start                         0x200003a4   Data          96  libspace.o(.bss)
    __temporary_stack_top$libspace           0x20000404   Data           0  libspace.o(.bss)



==============================================================================

Memory Map of the image

  Image Entry point : 0x080000ed

  Load Region LR_IROM1 (Base: 0x08000000, Size: 0x00005e3c, Max: 0x00010000, ABSOLUTE)

    Execution Region ER_IROM1 (Exec base: 0x08000000, Load base: 0x08000000, Size: 0x00005d64, Max: 0x00010000, ABSOLUTE)

    Exec Addr    Load Addr    Size         Type   Attr      Idx    E Section Name        Object

    0x08000000   0x08000000   0x000000ec   Data   RO            3    RESET               startup_stm32f103xb.o
    0x080000ec   0x080000ec   0x00000008   Code   RO         3296  * !!!main             c_w.l(__main.o)
    0x080000f4   0x080000f4   0x00000034   Code   RO         3684    !!!scatter          c_w.l(__scatter.o)
    0x08000128   0x08000128   0x0000001a   Code   RO         3686    !!handler_copy      c_w.l(__scatter_copy.o)
    0x08000142   0x08000142   0x00000002   PAD
    0x08000144   0x08000144   0x0000001c   Code   RO         3688    !!handler_zi        c_w.l(__scatter_zi.o)
    0x08000160   0x08000160   0x00000002   Code   RO         3449    .ARM.Collect$$libinit$$00000000  c_w.l(libinit.o)
    0x08000162   0x08000162   0x00000000   Code   RO         3473    .ARM.Collect$$libinit$$00000002  c_w.l(libinit2.o)
    0x08000162   0x08000162   0x00000000   Code   RO         3475    .ARM.Collect$$libinit$$00000004  c_w.l(libinit2.o)
    0x08000162   0x08000162   0x00000000   Code   RO         3478    .ARM.Collect$$libinit$$0000000A  c_w.l(libinit2.o)
    0x08000162   0x08000162   0x00000000   Code   RO         3480    .ARM.Collect$$libinit$$0000000C  c_w.l(libinit2.o)
    0x08000162   0x08000162   0x00000000   Code   RO         3482    .ARM.Collect$$libinit$$0000000E  c_w.l(libinit2.o)
    0x08000162   0x08000162   0x00000006   Code   RO         3483    .ARM.Collect$$libinit$$0000000F  c_w.l(libinit2.o)
    0x08000168   0x08000168   0x00000000   Code   RO         3485    .ARM.Collect$$libinit$$00000011  c_w.l(libinit2.o)
    0x08000168   0x08000168   0x0000000c   Code   RO         3486    .ARM.Collect$$libinit$$00000012  c_w.l(libinit2.o)
    0x08000174   0x08000174   0x00000000   Code   RO         3487    .ARM.Collect$$libinit$$00000013  c_w.l(libinit2.o)
    0x08000174   0x08000174   0x00000000   Code   RO         3489    .ARM.Collect$$libinit$$00000015  c_w.l(libinit2.o)
    0x08000174   0x08000174   0x0000000a   Code   RO         3490    .ARM.Collect$$libinit$$00000016  c_w.l(libinit2.o)
    0x0800017e   0x0800017e   0x00000000   Code   RO         3491    .ARM.Collect$$libinit$$00000017  c_w.l(libinit2.o)
    0x0800017e   0x0800017e   0x00000000   Code   RO         3493    .ARM.Collect$$libinit$$00000019  c_w.l(libinit2.o)
    0x0800017e   0x0800017e   0x00000000   Code   RO         3495    .ARM.Collect$$libinit$$0000001B  c_w.l(libinit2.o)
    0x0800017e   0x0800017e   0x00000000   Code   RO         3497    .ARM.Collect$$libinit$$0000001D  c_w.l(libinit2.o)
    0x0800017e   0x0800017e   0x00000000   Code   RO         3499    .ARM.Collect$$libinit$$0000001F  c_w.l(libinit2.o)
    0x0800017e   0x0800017e   0x00000000   Code   RO         3501    .ARM.Collect$$libinit$$00000021  c_w.l(libinit2.o)
    0x0800017e   0x0800017e   0x00000000   Code   RO         3503    .ARM.Collect$$libinit$$00000023  c_w.l(libinit2.o)
    0x0800017e   0x0800017e   0x00000000   Code   RO         3505    .ARM.Collect$$libinit$$00000025  c_w.l(libinit2.o)
    0x0800017e   0x0800017e   0x00000000   Code   RO         3509    .ARM.Collect$$libinit$$0000002C  c_w.l(libinit2.o)
    0x0800017e   0x0800017e   0x00000000   Code   RO         3511    .ARM.Collect$$libinit$$0000002E  c_w.l(libinit2.o)
    0x0800017e   0x0800017e   0x00000000   Code   RO         3513    .ARM.Collect$$libinit$$00000030  c_w.l(libinit2.o)
    0x0800017e   0x0800017e   0x00000000   Code   RO         3515    .ARM.Collect$$libinit$$00000032  c_w.l(libinit2.o)
    0x0800017e   0x0800017e   0x00000002   Code   RO         3516    .ARM.Collect$$libinit$$00000033  c_w.l(libinit2.o)
    0x08000180   0x08000180   0x00000002   Code   RO         3591    .ARM.Collect$$libshutdown$$00000000  c_w.l(libshutdown.o)
    0x08000182   0x08000182   0x00000000   Code   RO         3608    .ARM.Collect$$libshutdown$$00000002  c_w.l(libshutdown2.o)
    0x08000182   0x08000182   0x00000000   Code   RO         3610    .ARM.Collect$$libshutdown$$00000004  c_w.l(libshutdown2.o)
    0x08000182   0x08000182   0x00000000   Code   RO         3612    .ARM.Collect$$libshutdown$$00000006  c_w.l(libshutdown2.o)
    0x08000182   0x08000182   0x00000000   Code   RO         3615    .ARM.Collect$$libshutdown$$00000009  c_w.l(libshutdown2.o)
    0x08000182   0x08000182   0x00000000   Code   RO         3618    .ARM.Collect$$libshutdown$$0000000C  c_w.l(libshutdown2.o)
    0x08000182   0x08000182   0x00000000   Code   RO         3620    .ARM.Collect$$libshutdown$$0000000E  c_w.l(libshutdown2.o)
    0x08000182   0x08000182   0x00000000   Code   RO         3623    .ARM.Collect$$libshutdown$$00000011  c_w.l(libshutdown2.o)
    0x08000182   0x08000182   0x00000002   Code   RO         3624    .ARM.Collect$$libshutdown$$00000012  c_w.l(libshutdown2.o)
    0x08000184   0x08000184   0x00000000   Code   RO         3360    .ARM.Collect$$rtentry$$00000000  c_w.l(__rtentry.o)
    0x08000184   0x08000184   0x00000000   Code   RO         3397    .ARM.Collect$$rtentry$$00000002  c_w.l(__rtentry2.o)
    0x08000184   0x08000184   0x00000006   Code   RO         3409    .ARM.Collect$$rtentry$$00000004  c_w.l(__rtentry4.o)
    0x0800018a   0x0800018a   0x00000000   Code   RO         3399    .ARM.Collect$$rtentry$$00000009  c_w.l(__rtentry2.o)
    0x0800018a   0x0800018a   0x00000004   Code   RO         3400    .ARM.Collect$$rtentry$$0000000A  c_w.l(__rtentry2.o)
    0x0800018e   0x0800018e   0x00000000   Code   RO         3402    .ARM.Collect$$rtentry$$0000000C  c_w.l(__rtentry2.o)
    0x0800018e   0x0800018e   0x00000008   Code   RO         3403    .ARM.Collect$$rtentry$$0000000D  c_w.l(__rtentry2.o)
    0x08000196   0x08000196   0x00000002   Code   RO         3464    .ARM.Collect$$rtexit$$00000000  c_w.l(rtexit.o)
    0x08000198   0x08000198   0x00000000   Code   RO         3524    .ARM.Collect$$rtexit$$00000002  c_w.l(rtexit2.o)
    0x08000198   0x08000198   0x00000004   Code   RO         3525    .ARM.Collect$$rtexit$$00000003  c_w.l(rtexit2.o)
    0x0800019c   0x0800019c   0x00000006   Code   RO         3526    .ARM.Collect$$rtexit$$00000004  c_w.l(rtexit2.o)
    0x080001a2   0x080001a2   0x00000002   PAD
    0x080001a4   0x080001a4   0x00000040   Code   RO            4    .text               startup_stm32f103xb.o
    0x080001e4   0x080001e4   0x0000000c   Code   RO         3285    .text               c_w.l(strtok.o)
    0x080001f0   0x080001f0   0x00000048   Code   RO         3288    .text               c_w.l(strcpy.o)
    0x08000238   0x08000238   0x0000004e   Code   RO         3290    .text               c_w.l(rt_memclr_w.o)
    0x08000286   0x08000286   0x00000002   PAD
    0x08000288   0x08000288   0x00000080   Code   RO         3292    .text               c_w.l(strcmpv7m.o)
    0x08000308   0x08000308   0x00000006   Code   RO         3294    .text               c_w.l(heapauxi.o)
    0x0800030e   0x0800030e   0x00000016   Code   RO         3361    .text               c_w.l(_rserrno.o)
    0x08000324   0x08000324   0x0000001a   Code   RO         3363    .text               c_w.l(strtof.o)
    0x0800033e   0x0800033e   0x00000002   PAD
    0x08000340   0x08000340   0x00000044   Code   RO         3365    .text               c_w.l(strtok_int.o)
    0x08000384   0x08000384   0x00000008   Code   RO         3414    .text               c_w.l(rt_errno_addr_intlibspace.o)
    0x0800038c   0x0800038c   0x000000a4   Code   RO         3416    .text               c_w.l(strtod.o)
    0x08000430   0x08000430   0x00000020   Code   RO         3418    .text               c_w.l(strcspn.o)
    0x08000450   0x08000450   0x0000001c   Code   RO         3420    .text               c_w.l(strspn.o)
    0x0800046c   0x0800046c   0x00000008   Code   RO         3430    .text               c_w.l(libspace.o)
    0x08000474   0x08000474   0x0000004a   Code   RO         3433    .text               c_w.l(sys_stackheap_outer.o)
    0x080004be   0x080004be   0x00000012   Code   RO         3435    .text               c_w.l(isspace.o)
    0x080004d0   0x080004d0   0x00000040   Code   RO         3437    .text               c_w.l(_sgetc.o)
    0x08000510   0x08000510   0x00000012   Code   RO         3442    .text               c_w.l(exit.o)
    0x08000522   0x08000522   0x00000002   PAD
    0x08000524   0x08000524   0x00000010   Code   RO         3466    .text               c_w.l(rt_ctype_table.o)
    0x08000534   0x08000534   0x000004f8   Code   RO         3468    .text               c_w.l(scanf_fp.o)
    0x08000a2c   0x08000a2c   0x00000008   Code   RO         3533    .text               c_w.l(rt_locale_intlibspace.o)
    0x08000a34   0x08000a34   0x000000e4   Code   RO         3535    .text               c_w.l(bigflt0.o)
    0x08000b18   0x08000b18   0x0000000c   Code   RO         3579    .text               c_w.l(sys_exit.o)
    0x08000b24   0x08000b24   0x00000320   Code   RO         3581    .text               c_w.l(scanf_hexfp.o)
    0x08000e44   0x08000e44   0x00000134   Code   RO         3583    .text               c_w.l(scanf_infnan.o)
    0x08000f78   0x08000f78   0x00000002   Code   RO         3594    .text               c_w.l(use_no_semi.o)
    0x08000f7a   0x08000f7a   0x00000000   Code   RO         3596    .text               c_w.l(indicate_semi.o)
    0x08000f7a   0x08000f7a   0x00000026   Code   RO         3599    .text               c_w.l(llshl.o)
    0x08000fa0   0x08000fa0   0x0000001c   Code   RO         3601    .text               c_w.l(_chval.o)
    0x08000fbc   0x08000fbc   0x00000338   Code   RO         3548    CL$$btod_div_common  c_w.l(btod.o)
    0x080012f4   0x080012f4   0x00000084   Code   RO         3546    CL$$btod_e2d        c_w.l(btod.o)
    0x08001378   0x08001378   0x000000dc   Code   RO         3545    CL$$btod_e2e        c_w.l(btod.o)
    0x08001454   0x08001454   0x0000002a   Code   RO         3542    CL$$btod_ediv       c_w.l(btod.o)
    0x0800147e   0x0800147e   0x0000002a   Code   RO         3544    CL$$btod_edivd      c_w.l(btod.o)
    0x080014a8   0x080014a8   0x0000002a   Code   RO         3541    CL$$btod_emul       c_w.l(btod.o)
    0x080014d2   0x080014d2   0x0000002a   Code   RO         3543    CL$$btod_emuld      c_w.l(btod.o)
    0x080014fc   0x080014fc   0x00000244   Code   RO         3547    CL$$btod_mult_common  c_w.l(btod.o)
    0x08001740   0x08001740   0x00000002   Code   RO          213    i.BusFault_Handler  stm32f1xx_it.o
    0x08001742   0x08001742   0x00000022   Code   RO         3251    i.Constant          pid.o
    0x08001764   0x08001764   0x0000000c   Code   RO          214    i.DMA1_Channel3_IRQHandler  stm32f1xx_it.o
    0x08001770   0x08001770   0x0000000c   Code   RO          215    i.DMA1_Channel5_IRQHandler  stm32f1xx_it.o
    0x0800177c   0x0800177c   0x0000002a   Code   RO         1226    i.DMA_SetConfig     stm32f1xx_hal_dma.o
    0x080017a6   0x080017a6   0x00000002   Code   RO          216    i.DebugMon_Handler  stm32f1xx_it.o
    0x080017a8   0x080017a8   0x00000004   Code   RO           13    i.Error_Handler     main.o
    0x080017ac   0x080017ac   0x00000046   Code   RO         1227    i.HAL_DMA_Abort     stm32f1xx_hal_dma.o
    0x080017f2   0x080017f2   0x00000002   PAD
    0x080017f4   0x080017f4   0x00000098   Code   RO         1228    i.HAL_DMA_Abort_IT  stm32f1xx_hal_dma.o
    0x0800188c   0x0800188c   0x00000154   Code   RO         1232    i.HAL_DMA_IRQHandler  stm32f1xx_hal_dma.o
    0x080019e0   0x080019e0   0x0000005c   Code   RO         1233    i.HAL_DMA_Init      stm32f1xx_hal_dma.o
    0x08001a3c   0x08001a3c   0x00000070   Code   RO         1237    i.HAL_DMA_Start_IT  stm32f1xx_hal_dma.o
    0x08001aac   0x08001aac   0x000001e0   Code   RO         1163    i.HAL_GPIO_Init     stm32f1xx_hal_gpio.o
    0x08001c8c   0x08001c8c   0x0000000a   Code   RO         1167    i.HAL_GPIO_WritePin  stm32f1xx_hal_gpio.o
    0x08001c96   0x08001c96   0x00000002   PAD
    0x08001c98   0x08001c98   0x0000000c   Code   RO          859    i.HAL_GetTick       stm32f1xx_hal.o
    0x08001ca4   0x08001ca4   0x00000188   Code   RO          427    i.HAL_I2C_Init      stm32f1xx_hal_i2c.o
    0x08001e2c   0x08001e2c   0x00000250   Code   RO          445    i.HAL_I2C_Mem_Read  stm32f1xx_hal_i2c.o
    0x0800207c   0x0800207c   0x00000130   Code   RO          448    i.HAL_I2C_Mem_Write  stm32f1xx_hal_i2c.o
    0x080021ac   0x080021ac   0x0000005c   Code   RO          314    i.HAL_I2C_MspInit   stm32f1xx_hal_msp.o
    0x08002208   0x08002208   0x00000010   Code   RO          865    i.HAL_IncTick       stm32f1xx_hal.o
    0x08002218   0x08002218   0x00000024   Code   RO          866    i.HAL_Init          stm32f1xx_hal.o
    0x0800223c   0x0800223c   0x00000040   Code   RO          867    i.HAL_InitTick      stm32f1xx_hal.o
    0x0800227c   0x0800227c   0x0000003c   Code   RO          315    i.HAL_MspInit       stm32f1xx_hal_msp.o
    0x080022b8   0x080022b8   0x0000001a   Code   RO         1323    i.HAL_NVIC_EnableIRQ  stm32f1xx_hal_cortex.o
    0x080022d2   0x080022d2   0x00000002   PAD
    0x080022d4   0x080022d4   0x00000040   Code   RO         1329    i.HAL_NVIC_SetPriority  stm32f1xx_hal_cortex.o
    0x08002314   0x08002314   0x00000024   Code   RO         1330    i.HAL_NVIC_SetPriorityGrouping  stm32f1xx_hal_cortex.o
    0x08002338   0x08002338   0x0000012c   Code   RO         1023    i.HAL_RCC_ClockConfig  stm32f1xx_hal_rcc.o
    0x08002464   0x08002464   0x00000020   Code   RO         1030    i.HAL_RCC_GetPCLK1Freq  stm32f1xx_hal_rcc.o
    0x08002484   0x08002484   0x00000020   Code   RO         1031    i.HAL_RCC_GetPCLK2Freq  stm32f1xx_hal_rcc.o
    0x080024a4   0x080024a4   0x0000006c   Code   RO         1032    i.HAL_RCC_GetSysClockFreq  stm32f1xx_hal_rcc.o
    0x08002510   0x08002510   0x00000320   Code   RO         1035    i.HAL_RCC_OscConfig  stm32f1xx_hal_rcc.o
    0x08002830   0x08002830   0x00000028   Code   RO         1334    i.HAL_SYSTICK_Config  stm32f1xx_hal_cortex.o
    0x08002858   0x08002858   0x00000002   Code   RO         2529    i.HAL_TIMEx_BreakCallback  stm32f1xx_hal_tim_ex.o
    0x0800285a   0x0800285a   0x00000002   Code   RO         2530    i.HAL_TIMEx_CommutCallback  stm32f1xx_hal_tim_ex.o
    0x0800285c   0x0800285c   0x00000068   Code   RO         2548    i.HAL_TIMEx_MasterConfigSynchronization  stm32f1xx_hal_tim_ex.o
    0x080028c4   0x080028c4   0x0000005a   Code   RO         1825    i.HAL_TIM_Base_Init  stm32f1xx_hal_tim.o
    0x0800291e   0x0800291e   0x00000002   PAD
    0x08002920   0x08002920   0x00000050   Code   RO          317    i.HAL_TIM_Base_MspInit  stm32f1xx_hal_msp.o
    0x08002970   0x08002970   0x00000058   Code   RO         1830    i.HAL_TIM_Base_Start_IT  stm32f1xx_hal_tim.o
    0x080029c8   0x080029c8   0x000000d6   Code   RO         1834    i.HAL_TIM_ConfigClockSource  stm32f1xx_hal_tim.o
    0x08002a9e   0x08002a9e   0x00000002   Code   RO         1859    i.HAL_TIM_IC_CaptureCallback  stm32f1xx_hal_tim.o
    0x08002aa0   0x08002aa0   0x00000166   Code   RO         1873    i.HAL_TIM_IRQHandler  stm32f1xx_hal_tim.o
    0x08002c06   0x08002c06   0x00000002   PAD
    0x08002c08   0x08002c08   0x00000048   Code   RO          318    i.HAL_TIM_MspPostInit  stm32f1xx_hal_msp.o
    0x08002c50   0x08002c50   0x00000002   Code   RO         1876    i.HAL_TIM_OC_DelayElapsedCallback  stm32f1xx_hal_tim.o
    0x08002c52   0x08002c52   0x000000c6   Code   RO         1897    i.HAL_TIM_PWM_ConfigChannel  stm32f1xx_hal_tim.o
    0x08002d18   0x08002d18   0x0000005a   Code   RO         1900    i.HAL_TIM_PWM_Init  stm32f1xx_hal_tim.o
    0x08002d72   0x08002d72   0x00000002   Code   RO         1902    i.HAL_TIM_PWM_MspInit  stm32f1xx_hal_tim.o
    0x08002d74   0x08002d74   0x00000002   Code   RO         1903    i.HAL_TIM_PWM_PulseFinishedCallback  stm32f1xx_hal_tim.o
    0x08002d76   0x08002d76   0x00000002   PAD
    0x08002d78   0x08002d78   0x0000009c   Code   RO         1905    i.HAL_TIM_PWM_Start  stm32f1xx_hal_tim.o
    0x08002e14   0x08002e14   0x00000140   Code   RO           14    i.HAL_TIM_PeriodElapsedCallback  main.o
    0x08002f54   0x08002f54   0x00000002   Code   RO         1916    i.HAL_TIM_TriggerCallback  stm32f1xx_hal_tim.o
    0x08002f56   0x08002f56   0x00000002   Code   RO         2807    i.HAL_UARTEx_RxEventCallback  stm32f1xx_hal_uart.o
    0x08002f58   0x08002f58   0x00000002   Code   RO         2821    i.HAL_UART_ErrorCallback  stm32f1xx_hal_uart.o
    0x08002f5a   0x08002f5a   0x00000002   PAD
    0x08002f5c   0x08002f5c   0x0000020c   Code   RO         2824    i.HAL_UART_IRQHandler  stm32f1xx_hal_uart.o
    0x08003168   0x08003168   0x00000062   Code   RO         2825    i.HAL_UART_Init     stm32f1xx_hal_uart.o
    0x080031ca   0x080031ca   0x00000002   PAD
    0x080031cc   0x080031cc   0x00000138   Code   RO          320    i.HAL_UART_MspInit  stm32f1xx_hal_msp.o
    0x08003304   0x08003304   0x0000002a   Code   RO         2829    i.HAL_UART_Receive_DMA  stm32f1xx_hal_uart.o
    0x0800332e   0x0800332e   0x00000002   PAD
    0x08003330   0x08003330   0x00000058   Code   RO           15    i.HAL_UART_RxCpltCallback  main.o
    0x08003388   0x08003388   0x00000002   Code   RO         2832    i.HAL_UART_RxHalfCpltCallback  stm32f1xx_hal_uart.o
    0x0800338a   0x0800338a   0x00000002   Code   RO         2836    i.HAL_UART_TxCpltCallback  stm32f1xx_hal_uart.o
    0x0800338c   0x0800338c   0x00000002   Code   RO          217    i.HardFault_Handler  stm32f1xx_it.o
    0x0800338e   0x0800338e   0x0000002e   Code   RO          469    i.I2C_IsAcknowledgeFailed  stm32f1xx_hal_i2c.o
    0x080033bc   0x080033bc   0x000000fc   Code   RO          479    i.I2C_RequestMemoryRead  stm32f1xx_hal_i2c.o
    0x080034b8   0x080034b8   0x000000a8   Code   RO          480    i.I2C_RequestMemoryWrite  stm32f1xx_hal_i2c.o
    0x08003560   0x08003560   0x0000004c   Code   RO          484    i.I2C_WaitOnBTFFlagUntilTimeout  stm32f1xx_hal_i2c.o
    0x080035ac   0x080035ac   0x00000068   Code   RO          485    i.I2C_WaitOnFlagUntilTimeout  stm32f1xx_hal_i2c.o
    0x08003614   0x08003614   0x00000096   Code   RO          486    i.I2C_WaitOnMasterAddressFlagUntilTimeout  stm32f1xx_hal_i2c.o
    0x080036aa   0x080036aa   0x00000066   Code   RO          487    i.I2C_WaitOnRXNEFlagUntilTimeout  stm32f1xx_hal_i2c.o
    0x08003710   0x08003710   0x0000004c   Code   RO          488    i.I2C_WaitOnTXEFlagUntilTimeout  stm32f1xx_hal_i2c.o
    0x0800375c   0x0800375c   0x00000114   Code   RO         3191    i.Kalman_getAngle   mpu6050.o
    0x08003870   0x08003870   0x000000bc   Code   RO         3192    i.MPU6050_GET_ANGLE  mpu6050.o
    0x0800392c   0x0800392c   0x0000008c   Code   RO         3193    i.MPU6050_Init      mpu6050.o
    0x080039b8   0x080039b8   0x0000006c   Code   RO         3194    i.MPU6050_Read_Accel  mpu6050.o
    0x08003a24   0x08003a24   0x00000080   Code   RO         3195    i.MPU6050_Read_Gyro  mpu6050.o
    0x08003aa4   0x08003aa4   0x00000070   Code   RO           16    i.MX_GPIO_Init      main.o
    0x08003b14   0x08003b14   0x000000a8   Code   RO           17    i.MX_TIM2_Init      main.o
    0x08003bbc   0x08003bbc   0x00000068   Code   RO           18    i.MX_TIM4_Init      main.o
    0x08003c24   0x08003c24   0x00000002   Code   RO          218    i.MemManage_Handler  stm32f1xx_it.o
    0x08003c26   0x08003c26   0x00000002   Code   RO          219    i.NMI_Handler       stm32f1xx_it.o
    0x08003c28   0x08003c28   0x00000078   Code   RO         3252    i.PID               pid.o
    0x08003ca0   0x08003ca0   0x00000002   Code   RO          220    i.PendSV_Handler    stm32f1xx_it.o
    0x08003ca2   0x08003ca2   0x00000002   Code   RO          221    i.SVC_Handler       stm32f1xx_it.o
    0x08003ca4   0x08003ca4   0x000000a8   Code   RO           19    i.Split_String      main.o
    0x08003d4c   0x08003d4c   0x00000004   Code   RO          222    i.SysTick_Handler   stm32f1xx_it.o
    0x08003d50   0x08003d50   0x0000005e   Code   RO           20    i.SystemClock_Config  main.o
    0x08003dae   0x08003dae   0x00000002   Code   RO         3154    i.SystemInit        system_stm32f1xx.o
    0x08003db0   0x08003db0   0x0000000c   Code   RO          223    i.TIM4_IRQHandler   stm32f1xx_it.o
    0x08003dbc   0x08003dbc   0x0000006c   Code   RO         1918    i.TIM_Base_SetConfig  stm32f1xx_hal_tim.o
    0x08003e28   0x08003e28   0x0000001a   Code   RO         1919    i.TIM_CCxChannelCmd  stm32f1xx_hal_tim.o
    0x08003e42   0x08003e42   0x00000014   Code   RO         1929    i.TIM_ETR_SetConfig  stm32f1xx_hal_tim.o
    0x08003e56   0x08003e56   0x00000010   Code   RO         1930    i.TIM_ITRx_SetConfig  stm32f1xx_hal_tim.o
    0x08003e66   0x08003e66   0x00000002   PAD
    0x08003e68   0x08003e68   0x00000050   Code   RO         1931    i.TIM_OC1_SetConfig  stm32f1xx_hal_tim.o
    0x08003eb8   0x08003eb8   0x00000058   Code   RO         1932    i.TIM_OC2_SetConfig  stm32f1xx_hal_tim.o
    0x08003f10   0x08003f10   0x00000058   Code   RO         1933    i.TIM_OC3_SetConfig  stm32f1xx_hal_tim.o
    0x08003f68   0x08003f68   0x00000044   Code   RO         1934    i.TIM_OC4_SetConfig  stm32f1xx_hal_tim.o
    0x08003fac   0x08003fac   0x00000022   Code   RO         1936    i.TIM_TI1_ConfigInputStage  stm32f1xx_hal_tim.o
    0x08003fce   0x08003fce   0x00000024   Code   RO         1938    i.TIM_TI2_ConfigInputStage  stm32f1xx_hal_tim.o
    0x08003ff2   0x08003ff2   0x00000010   Code   RO         2838    i.UART_DMAAbortOnError  stm32f1xx_hal_uart.o
    0x08004002   0x08004002   0x0000004a   Code   RO         2839    i.UART_DMAError     stm32f1xx_hal_uart.o
    0x0800404c   0x0800404c   0x0000005a   Code   RO         2840    i.UART_DMAReceiveCplt  stm32f1xx_hal_uart.o
    0x080040a6   0x080040a6   0x0000001a   Code   RO         2842    i.UART_DMARxHalfCplt  stm32f1xx_hal_uart.o
    0x080040c0   0x080040c0   0x00000030   Code   RO         2848    i.UART_EndRxTransfer  stm32f1xx_hal_uart.o
    0x080040f0   0x080040f0   0x00000012   Code   RO         2849    i.UART_EndTxTransfer  stm32f1xx_hal_uart.o
    0x08004102   0x08004102   0x000000b6   Code   RO         2850    i.UART_Receive_IT   stm32f1xx_hal_uart.o
    0x080041b8   0x080041b8   0x000000b8   Code   RO         2851    i.UART_SetConfig    stm32f1xx_hal_uart.o
    0x08004270   0x08004270   0x00000070   Code   RO         2852    i.UART_Start_Receive_DMA  stm32f1xx_hal_uart.o
    0x080042e0   0x080042e0   0x0000000c   Code   RO          224    i.USART1_IRQHandler  stm32f1xx_it.o
    0x080042ec   0x080042ec   0x00000002   Code   RO          225    i.UsageFault_Handler  stm32f1xx_it.o
    0x080042ee   0x080042ee   0x00000026   Code   RO         3380    i.__ARM_fpclassifyf  m_ws.l(fpclassifyf.o)
    0x08004314   0x08004314   0x00000020   Code   RO         1336    i.__NVIC_SetPriority  stm32f1xx_hal_cortex.o
    0x08004334   0x08004334   0x0000000e   Code   RO         3647    i.__mathlib_dbl_overflow  m_ws.l(dunder.o)
    0x08004342   0x08004342   0x00000002   PAD
    0x08004344   0x08004344   0x00000010   Code   RO         3649    i.__mathlib_dbl_underflow  m_ws.l(dunder.o)
    0x08004354   0x08004354   0x00000004   Code   RO         3384    i.__mathlib_flt_infnan2  m_ws.l(funder.o)
    0x08004358   0x08004358   0x0000000a   Code   RO         3388    i.__mathlib_flt_underflow  m_ws.l(funder.o)
    0x08004362   0x08004362   0x00000010   Code   RO         3424    i.__mathlib_narrow  m_ws.l(narrow.o)
    0x08004372   0x08004372   0x00000002   PAD
    0x08004374   0x08004374   0x000000bc   Code   RO         3425    i.__mathlib_tofloat  m_ws.l(narrow.o)
    0x08004430   0x08004430   0x00000016   Code   RO         3626    i.__support_ldexp   m_ws.l(ldexp.o)
    0x08004446   0x08004446   0x0000000e   Code   RO         3470    i._is_digit         c_w.l(scanf_fp.o)
    0x08004454   0x08004454   0x000002a4   Code   RO         3349    i.atan2f            m_ws.l(atan2f.o)
    0x080046f8   0x080046f8   0x00000044   Code   RO         3196    i.calib_MPU6050     mpu6050.o
    0x0800473c   0x0800473c   0x00000058   Code   RO         3461    i.frexp             m_ws.l(frexp.o)
    0x08004794   0x08004794   0x00000074   Code   RO         3627    i.ldexp             m_ws.l(ldexp.o)
    0x08004808   0x08004808   0x00000114   Code   RO           22    i.main              main.o
    0x0800491c   0x0800491c   0x00000014   Code   RO         3357    i.strtof            m_ws.l(strtof.o)
    0x08004930   0x08004930   0x0000002c   Code   RO         3440    locale$$code        c_w.l(lc_numeric_c.o)
    0x0800495c   0x0800495c   0x0000002c   Code   RO         3561    locale$$code        c_w.l(lc_ctype_c.o)
    0x08004988   0x08004988   0x00000062   Code   RO         3298    x$fpl$d2f           fz_ws.l(d2f.o)
    0x080049ea   0x080049ea   0x00000002   PAD
    0x080049ec   0x080049ec   0x00000150   Code   RO         3300    x$fpl$dadd          fz_ws.l(daddsub_clz.o)
    0x08004b3c   0x08004b3c   0x00000010   Code   RO         3565    x$fpl$dcheck1       fz_ws.l(dcheck1.o)
    0x08004b4c   0x08004b4c   0x00000018   Code   RO         3517    x$fpl$dcmpinf       fz_ws.l(dcmpi.o)
    0x08004b64   0x08004b64   0x000002b0   Code   RO         3307    x$fpl$ddiv          fz_ws.l(ddiv.o)
    0x08004e14   0x08004e14   0x00000078   Code   RO         3450    x$fpl$deqf          fz_ws.l(deqf.o)
    0x08004e8c   0x08004e8c   0x0000002e   Code   RO         3311    x$fpl$dflt          fz_ws.l(dflt_clz.o)
    0x08004eba   0x08004eba   0x00000002   PAD
    0x08004ebc   0x08004ebc   0x00000078   Code   RO         3519    x$fpl$dleqf         fz_ws.l(dleqf.o)
    0x08004f34   0x08004f34   0x00000154   Code   RO         3316    x$fpl$dmul          fz_ws.l(dmul.o)
    0x08005088   0x08005088   0x0000009c   Code   RO         3367    x$fpl$dnaninf       fz_ws.l(dnaninf.o)
    0x08005124   0x08005124   0x0000000c   Code   RO         3369    x$fpl$dretinf       fz_ws.l(dretinf.o)
    0x08005130   0x08005130   0x0000006c   Code   RO         3452    x$fpl$drleqf        fz_ws.l(drleqf.o)
    0x0800519c   0x0800519c   0x000001d4   Code   RO         3302    x$fpl$dsub          fz_ws.l(daddsub_clz.o)
    0x08005370   0x08005370   0x00000056   Code   RO         3318    x$fpl$f2d           fz_ws.l(f2d.o)
    0x080053c6   0x080053c6   0x00000002   PAD
    0x080053c8   0x080053c8   0x000000c4   Code   RO         3320    x$fpl$fadd          fz_ws.l(faddsub_clz.o)
    0x0800548c   0x0800548c   0x0000000c   Code   RO         3371    x$fpl$fcheck1       fz_ws.l(fcheck1.o)
    0x08005498   0x08005498   0x00000018   Code   RO         3373    x$fpl$fcmpinf       fz_ws.l(fcmpi.o)
    0x080054b0   0x080054b0   0x00000184   Code   RO         3327    x$fpl$fdiv          fz_ws.l(fdiv.o)
    0x08005634   0x08005634   0x0000003e   Code   RO         3330    x$fpl$ffixu         fz_ws.l(ffixu.o)
    0x08005672   0x08005672   0x00000002   PAD
    0x08005674   0x08005674   0x00000030   Code   RO         3335    x$fpl$fflt          fz_ws.l(fflt_clz.o)
    0x080056a4   0x080056a4   0x00000068   Code   RO         3340    x$fpl$fleqf         fz_ws.l(fleqf.o)
    0x0800570c   0x0800570c   0x00000102   Code   RO         3342    x$fpl$fmul          fz_ws.l(fmul.o)
    0x0800580e   0x0800580e   0x0000008c   Code   RO         3375    x$fpl$fnaninf       fz_ws.l(fnaninf.o)
    0x0800589a   0x0800589a   0x0000000a   Code   RO         3377    x$fpl$fretinf       fz_ws.l(fretinf.o)
    0x080058a4   0x080058a4   0x00000062   Code   RO         3344    x$fpl$frleqf        fz_ws.l(frleqf.o)
    0x08005906   0x08005906   0x00000014   Code   RO         3321    x$fpl$frsb          fz_ws.l(faddsub_clz.o)
    0x0800591a   0x0800591a   0x00000002   PAD
    0x0800591c   0x0800591c   0x000000ea   Code   RO         3322    x$fpl$fsub          fz_ws.l(faddsub_clz.o)
    0x08005a06   0x08005a06   0x00000006   Code   RO         3454    x$fpl$ieeestatus    fz_ws.l(istatus.o)
    0x08005a0c   0x08005a0c   0x00000064   Code   RO         3422    x$fpl$retnan        fz_ws.l(retnan.o)
    0x08005a70   0x08005a70   0x0000005c   Code   RO         3521    x$fpl$scalbn        fz_ws.l(scalbn.o)
    0x08005acc   0x08005acc   0x0000004c   Code   RO         3346    x$fpl$scalbnf       fz_ws.l(scalbnf.o)
    0x08005b18   0x08005b18   0x00000004   Code   RO         3456    x$fpl$scanf1        fz_ws.l(scanf1.o)
    0x08005b1c   0x08005b1c   0x00000008   Code   RO         3573    x$fpl$scanf2        fz_ws.l(scanf2.o)
    0x08005b24   0x08005b24   0x00000030   Code   RO         3458    x$fpl$trapveneer    fz_ws.l(trapv.o)
    0x08005b54   0x08005b54   0x00000000   Code   RO         3379    x$fpl$usenofp       fz_ws.l(usenofp.o)
    0x08005b54   0x08005b54   0x00000005   Data   RO           26    .constdata          main.o
    0x08005b59   0x08005b59   0x00000010   Data   RO         3155    .constdata          system_stm32f1xx.o
    0x08005b69   0x08005b69   0x00000008   Data   RO         3156    .constdata          system_stm32f1xx.o
    0x08005b71   0x08005b71   0x00000003   PAD
    0x08005b74   0x08005b74   0x00000094   Data   RO         3536    .constdata          c_w.l(bigflt0.o)
    0x08005c08   0x08005c08   0x00000020   Data   RO         3682    Region$$Table       anon$$obj.o
    0x08005c28   0x08005c28   0x00000008   Data   RO         3567    c$$dinf             fz_ws.l(fpconst.o)
    0x08005c30   0x08005c30   0x00000008   Data   RO         3570    c$$dmax             fz_ws.l(fpconst.o)
    0x08005c38   0x08005c38   0x0000001c   Data   RO         3439    locale$$data        c_w.l(lc_numeric_c.o)
    0x08005c54   0x08005c54   0x00000110   Data   RO         3560    locale$$data        c_w.l(lc_ctype_c.o)


    Execution Region RW_IRAM1 (Exec base: 0x20000000, Load base: 0x08005d64, Size: 0x00000a08, Max: 0x00005000, ABSOLUTE)

    Exec Addr    Load Addr    Size         Type   Attr      Idx    E Section Name        Object

    0x20000000   0x08005d64   0x00000084   Data   RW           30    .data               main.o
    0x20000084   0x08005de8   0x0000000c   Data   RW          873    .data               stm32f1xx_hal.o
    0x20000090   0x08005df4   0x00000004   Data   RW         3157    .data               system_stm32f1xx.o
    0x20000094   0x08005df8   0x0000003c   Data   RW         3198    .data               mpu6050.o
    0x200000d0   0x08005e34   0x00000004   Data   RW         3253    .data               pid.o
    0x200000d4   0x08005e38   0x00000004   Data   RW         3286    .data               c_w.l(strtok.o)
    0x200000d8        -       0x00000234   Zero   RW           23    .bss                main.o
    0x2000030c        -       0x00000044   Zero   RW           24    .bss                main.o
    0x20000350        -       0x00000044   Zero   RW           25    .bss                main.o
    0x20000394        -       0x00000010   Zero   RW         3197    .bss                mpu6050.o
    0x200003a4        -       0x00000060   Zero   RW         3431    .bss                c_w.l(libspace.o)
    0x20000404   0x08005e3c   0x00000004   PAD
    0x20000408        -       0x00000200   Zero   RW            2    HEAP                startup_stm32f103xb.o
    0x20000608        -       0x00000400   Zero   RW            1    STACK               startup_stm32f103xb.o


==============================================================================

Image component sizes


      Code (inc. data)   RO Data    RW Data    ZI Data      Debug   Object Name

      1334        124          5        132        700     441173   main.o
       908         52          0         60         16       5464   mpu6050.o
       154         12          0          4          0       1668   pid.o
        64         26        236          0       1536        812   startup_stm32f103xb.o
       128         24          0         12          0       5297   stm32f1xx_hal.o
       198         14          0          0          0      28935   stm32f1xx_hal_cortex.o
       808         36          0          0          0       4986   stm32f1xx_hal_dma.o
       490         34          0          0          0       2892   stm32f1xx_hal_gpio.o
      2262         56          0          0          0      12758   stm32f1xx_hal_i2c.o
       616         72          0          0          0       3876   stm32f1xx_hal_msp.o
      1272        100          0          0          0       5188   stm32f1xx_hal_rcc.o
      1768         58          0          0          0      15858   stm32f1xx_hal_tim.o
       108         12          0          0          0       2369   stm32f1xx_hal_tim_ex.o
      1422         24          0          0          0      11396   stm32f1xx_hal_uart.o
        68         24          0          0          0       5626   stm32f1xx_it.o
         2          0         24          4          0       1119   system_stm32f1xx.o

    ----------------------------------------------------------------------
     11622        668        300        212       2252     549417   Object Totals
         0          0         32          0          0          0   (incl. Generated)
        20          0          3          0          0          0   (incl. Padding)

    ----------------------------------------------------------------------

      Code (inc. data)   RO Data    RW Data    ZI Data      Debug   Library Member Name

         8          0          0          0          0         68   __main.o
         0          0          0          0          0          0   __rtentry.o
        12          0          0          0          0          0   __rtentry2.o
         6          0          0          0          0          0   __rtentry4.o
        52          8          0          0          0          0   __scatter.o
        26          0          0          0          0          0   __scatter_copy.o
        28          0          0          0          0          0   __scatter_zi.o
        28          0          0          0          0         68   _chval.o
        22          0          0          0          0        100   _rserrno.o
        64          0          0          0          0         84   _sgetc.o
       228          4        148          0          0         96   bigflt0.o
      1924        136          0          0          0        756   btod.o
        18          0          0          0          0         80   exit.o
         6          0          0          0          0        152   heapauxi.o
         0          0          0          0          0          0   indicate_semi.o
        18          0          0          0          0         76   isspace.o
        44         10        272          0          0         76   lc_ctype_c.o
        44         10         28          0          0         76   lc_numeric_c.o
         2          0          0          0          0          0   libinit.o
        30          0          0          0          0          0   libinit2.o
         2          0          0          0          0          0   libshutdown.o
         2          0          0          0          0          0   libshutdown2.o
         8          4          0          0         96         68   libspace.o
        38          0          0          0          0         68   llshl.o
        16          4          0          0          0         76   rt_ctype_table.o
         8          4          0          0          0         68   rt_errno_addr_intlibspace.o
         8          4          0          0          0         68   rt_locale_intlibspace.o
        78          0          0          0          0         80   rt_memclr_w.o
         2          0          0          0          0          0   rtexit.o
        10          0          0          0          0          0   rtexit2.o
      1286         16          0          0          0        236   scanf_fp.o
       800         14          0          0          0        100   scanf_hexfp.o
       308         16          0          0          0        100   scanf_infnan.o
       128          0          0          0          0         68   strcmpv7m.o
        72          0          0          0          0         80   strcpy.o
        32          0          0          0          0         80   strcspn.o
        28          0          0          0          0         80   strspn.o
       164         14          0          0          0        120   strtod.o
        26          0          0          0          0         80   strtof.o
        12          6          0          4          0         68   strtok.o
        68          4          0          0          0         84   strtok_int.o
        12          4          0          0          0         68   sys_exit.o
        74          0          0          0          0         80   sys_stackheap_outer.o
         2          0          0          0          0         68   use_no_semi.o
        98          4          0          0          0         92   d2f.o
       804         16          0          0          0        272   daddsub_clz.o
        16          4          0          0          0         68   dcheck1.o
        24          0          0          0          0         68   dcmpi.o
       688        140          0          0          0        208   ddiv.o
       120          4          0          0          0         92   deqf.o
        46          0          0          0          0         68   dflt_clz.o
       120          4          0          0          0         92   dleqf.o
       340         12          0          0          0        104   dmul.o
       156          4          0          0          0         92   dnaninf.o
        12          0          0          0          0         68   dretinf.o
       108          0          0          0          0         80   drleqf.o
        86          4          0          0          0         84   f2d.o
       450          8          0          0          0        236   faddsub_clz.o
        12          4          0          0          0         68   fcheck1.o
        24          0          0          0          0         68   fcmpi.o
       388         76          0          0          0         96   fdiv.o
        62          4          0          0          0         84   ffixu.o
        48          0          0          0          0         68   fflt_clz.o
       104          4          0          0          0         84   fleqf.o
       258          4          0          0          0         84   fmul.o
       140          4          0          0          0         84   fnaninf.o
         0          0         16          0          0          0   fpconst.o
        10          0          0          0          0         68   fretinf.o
        98          0          0          0          0         68   frleqf.o
         6          0          0          0          0         68   istatus.o
       100          0          0          0          0         68   retnan.o
        92          0          0          0          0         68   scalbn.o
        76          0          0          0          0         68   scalbnf.o
         4          0          0          0          0         68   scanf1.o
         8          0          0          0          0         84   scanf2.o
        48          0          0          0          0         68   trapv.o
         0          0          0          0          0          0   usenofp.o
       676         78          0          0          0        116   atan2f.o
        30          6          0          0          0        136   dunder.o
        38          0          0          0          0         68   fpclassifyf.o
        88          8          0          0          0         76   frexp.o
        14          0          0          0          0        136   funder.o
       138          0          0          0          0        160   ldexp.o
       204          4          0          0          0        168   narrow.o
        20          0          0          0          0         76   strtof.o

    ----------------------------------------------------------------------
     11522        650        464          4        100       7196   Library Totals
        24          0          0          0          4          0   (incl. Padding)

    ----------------------------------------------------------------------

      Code (inc. data)   RO Data    RW Data    ZI Data      Debug   Library Name

      5744        258        448          4         96       3372   c_w.l
      4546        296         16          0          0       2888   fz_ws.l
      1208         96          0          0          0        936   m_ws.l

    ----------------------------------------------------------------------
     11522        650        464          4        100       7196   Library Totals

    ----------------------------------------------------------------------

==============================================================================


      Code (inc. data)   RO Data    RW Data    ZI Data      Debug   

     23144       1318        764        216       2352     546885   Grand Totals
     23144       1318        764        216       2352     546885   ELF Image Totals
     23144       1318        764        216          0          0   ROM Totals

==============================================================================

    Total RO  Size (Code + RO Data)                23908 (  23.35kB)
    Total RW  Size (RW Data + ZI Data)              2568 (   2.51kB)
    Total ROM Size (Code + RO Data + RW Data)      24124 (  23.56kB)

==============================================================================

