<html>
<body>
<pre>
<h1>µVision Build Log</h1>
<h2>Tool Versions:</h2>
IDE-Version: µVision V5.36.0.0
Copyright (C) 2021 ARM Ltd and ARM Germany GmbH. All rights reserved.
License Information: trai Admin, viettel, LIC=----
 
Tool Versions:
Toolchain:       MDK-Lite  Version: 5.36.0.0
Toolchain Path:  C:\Keil_v5\ARM\ARMCC\Bin
C Compiler:      Armcc.exe V5.06 update 7 (build 960)
Assembler:       Armasm.exe V5.06 update 7 (build 960)
Linker/Locator:  ArmLink.exe V5.06 update 7 (build 960)
Library Manager: ArmAr.exe V5.06 update 7 (build 960)
Hex Converter:   FromElf.exe V5.06 update 7 (build 960)
CPU DLL:         SARMCM3.DLL V5.36.0.0
Dialog DLL:      DCM.DLL V1.17.3.0
Target DLL:      STLink\ST-LINKIII-KEIL_SWO.dll V3.0.9.0
Dialog DLL:      TCM.DLL V1.53.0.0
 
<h2>Project:</h2>
C:\Users\Admin\Desktop\20221404_NCKH - Copy\NCKH_v2\MDK-ARM\NCKH_v2.uvprojx
Project File Date:  05/13/2022

<h2>Output:</h2>
*** Using Compiler 'V5.06 update 7 (build 960)', folder: 'C:\Keil_v5\ARM\ARMCC\Bin'
Build target 'NCKH_v2'
assembling startup_stm32f103xb.s...
compiling stm32f1xx_it.c...
compiling stm32f1xx_hal_gpio_ex.c...
compiling stm32f1xx_hal_msp.c...
compiling stm32f1xx_hal.c...
compiling main.c...
../Core/Src/main.c(107): warning:  #1295-D: Deprecated declaration Split_String - give arg types
  void Split_String();
../Core/Src/main.c: 1 warning, 0 errors
compiling stm32f1xx_hal_rcc.c...
compiling stm32f1xx_hal_i2c.c...
compiling stm32f1xx_hal_flash.c...
compiling stm32f1xx_hal_gpio.c...
compiling stm32f1xx_hal_rcc_ex.c...
compiling stm32f1xx_hal_flash_ex.c...
compiling stm32f1xx_hal_cortex.c...
compiling stm32f1xx_hal_pwr.c...
compiling stm32f1xx_hal_dma.c...
compiling mpu6050.c...
..\Mpu6050\mpu6050.c(145): warning:  #940-D: missing return statement at end of non-void function "MPU6050_GET_ANGLE" 
  }
..\Mpu6050\mpu6050.c(45): warning:  #177-D: variable "offset_gyx"  was declared but never referenced
  static int16_t offset_gyx = 0, offset_gyy = 0, offset_gyz = 0;
..\Mpu6050\mpu6050.c(45): warning:  #177-D: variable "offset_gyy"  was declared but never referenced
  static int16_t offset_gyx = 0, offset_gyy = 0, offset_gyz = 0;
..\Mpu6050\mpu6050.c(45): warning:  #177-D: variable "offset_gyz"  was declared but never referenced
  static int16_t offset_gyx = 0, offset_gyy = 0, offset_gyz = 0;
..\Mpu6050\mpu6050.c: 4 warnings, 0 errors
compiling stm32f1xx_hal_exti.c...
compiling PID.c...
compiling system_stm32f1xx.c...
compiling stm32f1xx_hal_uart.c...
compiling stm32f1xx_hal_tim_ex.c...
compiling stm32f1xx_hal_tim.c...
linking...
Program Size: Code=23060 RO-data=764 RW-data=216 ZI-data=2352  
FromELF: creating hex file...
"NCKH_v2\NCKH_v2.axf" - 0 Error(s), 5 Warning(s).

<h2>Software Packages used:</h2>

Package Vendor: ARM
                http://www.keil.com/pack/ARM.CMSIS.5.8.0.pack
                ARM.CMSIS.5.8.0
                CMSIS (Common Microcontroller Software Interface Standard)
   * Component: CORE Version: 5.5.0

Package Vendor: Keil
                http://www.keil.com/pack/Keil.STM32F1xx_DFP.2.3.0.pack
                Keil.STM32F1xx_DFP.2.3.0
                STMicroelectronics STM32F1 Series Device Support, Drivers and Examples

<h2>Collection of Component include folders:</h2>
  .\RTE\_NCKH_v2
  C:\Users\Admin\AppData\Local\Arm\Packs\ARM\CMSIS\5.8.0\CMSIS\Core\Include
  C:\Users\Admin\AppData\Local\Arm\Packs\Keil\STM32F1xx_DFP\2.3.0\Device\Include

<h2>Collection of Component Files used:</h2>

   * Component: ARM::CMSIS:CORE:5.5.0
Build Time Elapsed:  00:00:11
</pre>
</body>
</html>
