<html>
<body>
<pre>
<h1>µVision Build Log</h1>
<h2>Tool Versions:</h2>
IDE-Version: µVision V5.36.0.0
Copyright (C) 2021 ARM Ltd and ARM Germany GmbH. All rights reserved.
License Information: trai Admin, viettel, LIC=----
 
Tool Versions:
Toolchain:       MDK-Lite  Version: 5.36.0.0
Toolchain Path:  C:\Keil_v5\ARM\ARMCC\Bin
C Compiler:      Armcc.exe V5.06 update 7 (build 960)
Assembler:       Armasm.exe V5.06 update 7 (build 960)
Linker/Locator:  ArmLink.exe V5.06 update 7 (build 960)
Library Manager: ArmAr.exe V5.06 update 7 (build 960)
Hex Converter:   FromElf.exe V5.06 update 7 (build 960)
CPU DLL:         SARMCM3.DLL V5.36.0.0
Dialog DLL:      DCM.DLL V1.17.3.0
Target DLL:      STLink\ST-LINKIII-KEIL_SWO.dll V3.0.9.0
Dialog DLL:      TCM.DLL V1.53.0.0
 
<h2>Project:</h2>
C:\Users\Admin\Desktop\20221404_NCKH - Copy\NCKH_v2\MDK-ARM\NCKH_v2.uvprojx
Project File Date:  05/09/2022

<h2>Output:</h2>
*** Using Compiler 'V5.06 update 7 (build 960)', folder: 'C:\Keil_v5\ARM\ARMCC\Bin'
Build target 'NCKH_v2'
compiling main.c...
../Core/Src/main.c(95): warning:  #177-D: variable "dev"  was declared but never referenced
  		 int dev=0;
../Core/Src/main.c(236): warning:  #550-D: variable "str_Angle"  was set but never used
  			char* str_Angle;
../Core/Src/main.c(237): warning:  #550-D: variable "str_Kp"  was set but never used
  			char* str_Kp;
../Core/Src/main.c(238): warning:  #550-D: variable "str_Ki"  was set but never used
  			char* str_Ki;	
../Core/Src/main.c(239): warning:  #550-D: variable "str_Kd"  was set but never used
  			char* str_Kd;
../Core/Src/main.c: 5 warnings, 0 errors
linking...
Program Size: Code=16866 RO-data=294 RW-data=208 ZI-data=2248  
FromELF: creating hex file...
"NCKH_v2\NCKH_v2.axf" - 0 Error(s), 5 Warning(s).

<h2>Software Packages used:</h2>

Package Vendor: ARM
                http://www.keil.com/pack/ARM.CMSIS.5.8.0.pack
                ARM.CMSIS.5.8.0
                CMSIS (Common Microcontroller Software Interface Standard)
   * Component: CORE Version: 5.5.0

Package Vendor: Keil
                http://www.keil.com/pack/Keil.STM32F1xx_DFP.2.3.0.pack
                Keil.STM32F1xx_DFP.2.3.0
                STMicroelectronics STM32F1 Series Device Support, Drivers and Examples

<h2>Collection of Component include folders:</h2>
  .\RTE\_NCKH_v2
  C:\Users\Admin\AppData\Local\Arm\Packs\ARM\CMSIS\5.8.0\CMSIS\Core\Include
  C:\Users\Admin\AppData\Local\Arm\Packs\Keil\STM32F1xx_DFP\2.3.0\Device\Include

<h2>Collection of Component Files used:</h2>

   * Component: ARM::CMSIS:CORE:5.5.0
Build Time Elapsed:  00:00:03
</pre>
</body>
</html>
